import torch
# Fichier audio d'émotions pour le slot 53
# Données de test pour vérifier l'affichage
neu: 0.4942627251148224
sad: 0.2512706220149994
hap: 0.24552331864833832
hap: 0.7436307668685913
sad: 0.1234913170337677
neu: 0.09958407282829285
sad: 0.46351832151412964
hap: 0.41405194997787476
neu: 0.11204813420772552
hap: 0.45754650235176086
neu: 0.303659588098526
sad: 0.17993809282779694
hap: 0.4209240972995758
sad: 0.32923611998558044
neu: 0.23052045702934265
hap: 0.4796358644962311
sad: 0.3296094834804535
neu: 0.12940692901611328
sad: 0.913479745388031
neu: 0.07072007656097412
hap: 0.015621082857251167
sad: 0.42048951983451843
hap: 0.2780125141143799
neu: 0.17710360884666443
neu: 0.5150437355041504
sad: 0.45797187089920044
hap: 0.026607809588313103
neu: 0.6808406710624695
sad: 0.2893117368221283
hap: 0.029484443366527557
neu: 0.6756419539451599
sad: 0.28227782249450684
hap: 0.04199846833944321
sad: 0.9805279970169067
neu: 0.010803633369505405
hap: 0.008631608448922634
sad: 0.7053592801094055
neu: 0.19589687883853912
hap: 0.09779173880815506
sad: 0.9315380454063416
neu: 0.0630796030163765
hap: 0.00536242313683033
ang: 0.6816471815109253
hap: 0.14851121604442596
neu: 0.14759321510791779
hap: 0.7705210447311401
sad: 0.12361893802881241
neu: 0.07110390067100525
neu: 0.6954611539840698
sad: 0.26446273922920227
hap: 0.02119779773056507
sad: 0.7540966868400574
neu: 0.148075133562088
hap: 0.08994371443986893
sad: 0.7352258563041687
neu: 0.23731331527233124
hap: 0.014623774215579033
sad: 0.7256148457527161
neu: 0.21117745339870453
hap: 0.04169461876153946
ang: 0.8342005610466003
sad: 0.07003191113471985
hap: 0.052206046879291534
neu: 0.7185211777687073
sad: 0.20923088490962982
hap: 0.0697966143488884
neu: 0.4938451051712036
sad: 0.46695810556411743
hap: 0.0391089953482151
sad: 0.6810970902442932
neu: 0.2564365863800049
hap: 0.05809728056192398
sad: 0.6143189072608948
neu: 0.3660355806350708
hap: 0.01189847756177187
sad: 0.37400540709495544
hap: 0.28107938170433044
neu: 0.188896045088768
sad: 0.6951470375061035
neu: 0.284950852394104
hap: 0.01824137754738331
sad: 0.7427784204483032
neu: 0.14948518574237823
hap: 0.08624165505170822
neu: 0.6912533044815063
sad: 0.24410788714885712
hap: 0.06108241155743599
neu: 0.5103082060813904
sad: 0.42378726601600647
hap: 0.0612667016685009
sad: 0.8543949723243713
neu: 0.09002794325351715
hap: 0.05486805737018585
sad: 0.316864937543869
neu: 0.2720535695552826
ang: 0.21353653073310852
neu: 0.6075181365013123
sad: 0.3687231242656708
hap: 0.023734254762530327
neu: 0.9462164640426636
hap: 0.03267718479037285
sad: 0.02107790671288967
sad: 0.8853049874305725
hap: 0.05792435631155968
neu: 0.05656640604138374
sad: 0.665092408657074
hap: 0.18338137865066528
neu: 0.15083584189414978
neu: 0.8670260310173035
hap: 0.07282140105962753
sad: 0.059907279908657074
hap: 0.4410097897052765
sad: 0.2775869071483612
neu: 0.26109611988067627
sad: 0.581647515296936
neu: 0.32749009132385254
hap: 0.06720779836177826
neu: 0.5870524048805237
sad: 0.24857939779758453
hap: 0.1503162831068039
sad: 0.8734274506568909
neu: 0.10333774983882904
hap: 0.02013441175222397
sad: 0.6088384389877319
neu: 0.2455781251192093
hap: 0.14223475754261017
sad: 0.5611183047294617
neu: 0.24822665750980377
hap: 0.12080108374357224
sad: 0.5820476412773132
neu: 0.3939775824546814
hap: 0.019451573491096497
sad: 0.8212468028068542
neu: 0.16791845858097076
hap: 0.010578764602541924
sad: 0.8308258056640625
hap: 0.11205194890499115
neu: 0.056559719145298004
hap: 0.3561302423477173
sad: 0.3146478235721588
neu: 0.28273922204971313
neu: 0.5499769449234009
hap: 0.2743004262447357
sad: 0.17182140052318573
hap: 0.7660934925079346
sad: 0.1256517767906189
neu: 0.10046117752790451
hap: 0.6151362061500549
neu: 0.26666250824928284
sad: 0.07894366979598999
hap: 0.8453744053840637
neu: 0.09611127525568008
sad: 0.04868647828698158
hap: 0.8919520378112793
neu: 0.060310449451208115
sad: 0.03593067079782486
sad: 0.5112292766571045
neu: 0.3530016839504242
ang: 0.0739225372672081
sad: 0.7746795415878296
neu: 0.12095286697149277
hap: 0.1040034145116806
sad: 0.3759056627750397
hap: 0.34044310450553894
neu: 0.2823452353477478
sad: 0.6616623997688293
neu: 0.2415037453174591
hap: 0.09596586227416992
sad: 0.43566322326660156
hap: 0.43464627861976624
neu: 0.12955954670906067
hap: 0.4837445318698883
neu: 0.26331761479377747
sad: 0.2421664297580719
neu: 0.3474905788898468
hap: 0.3279585540294647
sad: 0.321185827255249
sad: 0.5636593699455261
neu: 0.3349507749080658
hap: 0.10082169622182846
sad: 0.48276618123054504
neu: 0.479650616645813
hap: 0.03751963749527931
sad: 0.5929561257362366
neu: 0.39409664273262024
hap: 0.012547153979539871
neu: 0.6932583451271057
sad: 0.2493930160999298
hap: 0.04588693380355835
neu: 0.7862809896469116
ang: 0.09326186031103134
hap: 0.06358451396226883
neu: 0.4980785548686981
sad: 0.40539124608039856
hap: 0.0804985761642456
neu: 0.46893560886383057
sad: 0.4003169536590576
hap: 0.07465630769729614
neu: 0.6422856450080872
sad: 0.22516106069087982
hap: 0.11988474428653717
neu: 0.6266520619392395
sad: 0.25460824370384216
hap: 0.09780589491128922
neu: 0.5853300094604492
sad: 0.30009889602661133
hap: 0.10950957983732224
sad: 0.5564000010490417
hap: 0.37529098987579346
neu: 0.0675036758184433
sad: 0.7575210928916931
hap: 0.1909244805574417
neu: 0.04892757162451744
sad: 0.6167806386947632
neu: 0.20028528571128845
ang: 0.11578252166509628
neu: 0.4205838143825531
hap: 0.3770434558391571
sad: 0.2015271931886673
sad: 0.45389196276664734
hap: 0.33628442883491516
neu: 0.1978723108768463
sad: 0.8708948493003845
hap: 0.0704110711812973
neu: 0.05727732181549072
sad: 0.5263413786888123
neu: 0.2866588234901428
hap: 0.15174321830272675
neu: 0.501397967338562
sad: 0.4759690761566162
hap: 0.020072802901268005
neu: 0.4936496317386627
sad: 0.3949739933013916
hap: 0.10869371145963669
neu: 0.499527245759964
sad: 0.47936174273490906
hap: 0.018936680629849434
sad: 0.5529259443283081
neu: 0.28745388984680176
hap: 0.15752500295639038
sad: 0.810716986656189
neu: 0.17277665436267853
hap: 0.014715854078531265
hap: 0.42001187801361084
sad: 0.3623424768447876
neu: 0.20749494433403015
sad: 0.584723174571991
neu: 0.3252553641796112
hap: 0.06680765748023987
sad: 0.8471251130104065
neu: 0.07848657667636871
hap: 0.07403229922056198
hap: 0.8488524556159973
sad: 0.0905684381723404
neu: 0.05986442044377327
sad: 0.8436523079872131
neu: 0.1041160449385643
hap: 0.05192779004573822
sad: 0.8489410281181335
neu: 0.12958094477653503
hap: 0.021439814940094948
neu: 0.4986945688724518
sad: 0.4485987424850464
hap: 0.05269927158951759
neu: 0.6124335527420044
sad: 0.32814890146255493
hap: 0.047993067651987076
sad: 0.6635914444923401
neu: 0.31306299567222595
hap: 0.022375693544745445
sad: 0.8420741558074951
neu: 0.1361485719680786
hap: 0.020403537899255753
sad: 0.48412248492240906
neu: 0.38269472122192383
hap: 0.10762283951044083
neu: 0.6646380424499512
sad: 0.2212548404932022
hap: 0.07674983143806458
sad: 0.39060622453689575
neu: 0.3854040205478668
hap: 0.1842832714319229
sad: 0.7446308732032776
neu: 0.19528546929359436
hap: 0.0556299053132534
neu: 0.5800266265869141
hap: 0.23576216399669647
sad: 0.16529828310012817
sad: 0.755471408367157
neu: 0.12139612436294556
hap: 0.11717353761196136
sad: 0.35310885310173035
neu: 0.31867551803588867
hap: 0.3095429241657257
sad: 0.7997227907180786
hap: 0.12293063849210739
neu: 0.07424776256084442
sad: 0.689876914024353
neu: 0.1628423035144806
hap: 0.12814803421497345
hap: 0.3844393491744995
neu: 0.3292223811149597
sad: 0.276610404253006
hap: 0.6674127578735352
sad: 0.220719113945961
neu: 0.10610128939151764
sad: 0.45521020889282227
neu: 0.3768131732940674
hap: 0.1617365926504135
neu: 0.5692514777183533
hap: 0.25932571291923523
sad: 0.11241023242473602
sad: 0.9156424403190613
neu: 0.0482892282307148
hap: 0.03568413481116295
sad: 0.5266292095184326
neu: 0.3842787444591522
hap: 0.08802957087755203
sad: 0.4928606152534485
neu: 0.4275133013725281
hap: 0.07914583384990692
sad: 0.7729699015617371
neu: 0.17585541307926178
hap: 0.04211234301328659
sad: 0.4964970052242279
neu: 0.2903019189834595
hap: 0.201732337474823
sad: 0.8156458735466003
neu: 0.16529667377471924
hap: 0.015853630378842354
sad: 0.6755215525627136
neu: 0.2557380497455597
hap: 0.06747134774923325
sad: 0.8091738820075989
neu: 0.13783849775791168
hap: 0.05291108414530754
neu: 0.5385154485702515
sad: 0.35747087001800537
hap: 0.09313428401947021
sad: 0.5110799670219421
neu: 0.45989304780960083
hap: 0.028092125430703163
hap: 0.4697962701320648
sad: 0.3294159471988678
neu: 0.19469943642616272
sad: 0.8345553278923035
neu: 0.12256215512752533
hap: 0.04273509606719017
sad: 0.7727793455123901
hap: 0.14086118340492249
neu: 0.08524734526872635
ang: 0.6096881031990051
hap: 0.17064422369003296
sad: 0.13264158368110657
sad: 0.692550539970398
neu: 0.24589727818965912
hap: 0.05852452293038368
sad: 0.7987982034683228
neu: 0.13758589327335358
hap: 0.05819276347756386
sad: 0.6096499562263489
neu: 0.356698602437973
hap: 0.033218782395124435
sad: 0.784625768661499
neu: 0.1874314546585083
hap: 0.027044378221035004
sad: 0.5863660573959351
neu: 0.3878956139087677
hap: 0.02219897136092186
sad: 0.9720045328140259
hap: 0.020885391160845757
neu: 0.006672294344753027
sad: 0.6434198617935181
hap: 0.2458573877811432
neu: 0.09400921314954758
sad: 0.9700145125389099
neu: 0.0209286380559206
hap: 0.008468544110655785
sad: 0.5942099690437317
neu: 0.32553595304489136
hap: 0.05438949167728424
sad: 0.6197964549064636
neu: 0.31013816595077515
hap: 0.06832220405340195
sad: 0.5108044743537903
neu: 0.29008907079696655
hap: 0.18661046028137207
hap: 0.8501752614974976
ang: 0.1163390725851059
sad: 0.02847619168460369
neu: 0.5262327790260315
sad: 0.4494589567184448
hap: 0.02426265925168991
sad: 0.7787570357322693
neu: 0.1847132444381714
hap: 0.03593234345316887
ang: 0.37022972106933594
neu: 0.247746080160141
sad: 0.22254110872745514
sad: 0.751380980014801
neu: 0.22952088713645935
hap: 0.019090615212917328
sad: 0.9844262599945068
neu: 0.00977764930576086
hap: 0.005752798169851303
sad: 0.8391278386116028
neu: 0.10698932409286499
hap: 0.053390223532915115
neu: 0.7098225355148315
sad: 0.22353127598762512
hap: 0.06644788384437561
sad: 0.4987718164920807
neu: 0.2765723168849945
hap: 0.15887168049812317
ang: 0.47850826382637024
hap: 0.3544996976852417
sad: 0.14279362559318542
sad: 0.8114694356918335
neu: 0.15365643799304962
hap: 0.03209512308239937
hap: 0.4787231385707855
sad: 0.37359845638275146
ang: 0.07836911827325821
hap: 0.7618423700332642
sad: 0.16648750007152557
neu: 0.05504278838634491
neu: 0.47965484857559204
hap: 0.28313496708869934
sad: 0.20496611297130585
hap: 0.58754962682724
sad: 0.35827499628067017
ang: 0.04599582776427269
sad: 0.5110509395599365
neu: 0.30000075697898865
hap: 0.1724078208208084
sad: 0.8124397993087769
neu: 0.10665524005889893
hap: 0.0806301087141037
sad: 0.7896885275840759
neu: 0.19560104608535767
hap: 0.014673023484647274
sad: 0.6955023407936096
neu: 0.17975325882434845
hap: 0.11589693278074265
sad: 0.7476009726524353
neu: 0.21632732450962067
hap: 0.03526925668120384
sad: 0.8510243892669678
hap: 0.10152719169855118
neu: 0.04720305651426315
sad: 0.5025728940963745
neu: 0.47291305661201477
hap: 0.023555465042591095
sad: 0.8463470935821533
neu: 0.14600102603435516
hap: 0.007560563739389181
sad: 0.5404451489448547
neu: 0.4293622374534607
ang: 0.01860996149480343
sad: 0.791759192943573
neu: 0.20499737560749054
hap: 0.002667801221832633
neu: 0.5124692916870117
sad: 0.29552504420280457
hap: 0.17338941991329193
neu: 0.5953349471092224
sad: 0.3633459508419037
hap: 0.039948638528585434
sad: 0.9546849131584167
hap: 0.023374462500214577
neu: 0.018089953809976578
sad: 0.5556544065475464
neu: 0.38791900873184204
hap: 0.05426367372274399
sad: 0.720887303352356
neu: 0.18601031601428986
hap: 0.09251676499843597
sad: 0.9332765340805054
neu: 0.06019360572099686
hap: 0.006474998313933611
sad: 0.609146237373352
neu: 0.35874438285827637
hap: 0.032086022198200226
sad: 0.7948687672615051
neu: 0.14200598001480103
hap: 0.05875330790877342
sad: 0.8539814949035645
neu: 0.11861009895801544
hap: 0.026735393330454826
sad: 0.7814376354217529
neu: 0.17960551381111145
hap: 0.03574788197875023
neu: 0.8103605508804321
sad: 0.13639257848262787
hap: 0.04840833693742752
sad: 0.6359066963195801
hap: 0.3120572566986084
neu: 0.04758312180638313
sad: 0.8759641051292419
neu: 0.05990532413125038
hap: 0.05515974387526512
sad: 0.5475882291793823
hap: 0.37974828481674194
neu: 0.04613286256790161
sad: 0.8314763903617859
neu: 0.1086832731962204
hap: 0.054192934185266495
sad: 0.593471348285675
hap: 0.23051275312900543
neu: 0.1668919026851654
hap: 0.8286594748497009
sad: 0.0870698019862175
neu: 0.04609231650829315
hap: 0.7495250701904297
sad: 0.1694956123828888
neu: 0.056319527328014374
sad: 0.8419943451881409
hap: 0.08881790190935135
neu: 0.06847080588340759
sad: 0.47525763511657715
neu: 0.34388765692710876
ang: 0.1017794981598854
neu: 0.5177190899848938
sad: 0.4777897894382477
hap: 0.0044422694481909275
neu: 0.7511084079742432
sad: 0.13813737034797668
hap: 0.10964580625295639
sad: 0.6316296458244324
neu: 0.19130654633045197
hap: 0.17652805149555206
neu: 0.815085232257843
sad: 0.12523899972438812
hap: 0.056795962154865265
neu: 0.5481343269348145
hap: 0.2855457067489624
sad: 0.15156938135623932
sad: 0.4318500757217407
neu: 0.3578892648220062
hap: 0.20327116549015045
sad: 0.44080424308776855
neu: 0.3820160925388336
hap: 0.17696911096572876
neu: 0.5956881046295166
hap: 0.21124713122844696
ang: 0.13414078950881958
neu: 0.5036634206771851
hap: 0.280884712934494
sad: 0.20691946148872375
hap: 0.6020703911781311
sad: 0.2502307593822479
neu: 0.14663749933242798
sad: 0.7034177184104919
hap: 0.18760496377944946
neu: 0.1024656817317009
sad: 0.637852132320404
hap: 0.2629973590373993
neu: 0.09774331748485565
sad: 0.4429078698158264
hap: 0.4198663830757141
neu: 0.13370072841644287
sad: 0.9184810519218445
neu: 0.06691666692495346
hap: 0.014390230178833008
sad: 0.6320812106132507
neu: 0.2659326493740082
hap: 0.10169536620378494
sad: 0.8700277805328369
hap: 0.07343705743551254
neu: 0.0525674931704998
neu: 0.4771687090396881
sad: 0.385542094707489
hap: 0.12161081284284592
hap: 0.7667821049690247
sad: 0.1819087117910385
neu: 0.04971420019865036
sad: 0.7403206825256348
hap: 0.18064729869365692
neu: 0.07803841680288315
neu: 0.6423919796943665
ang: 0.16550816595554352
hap: 0.14774326980113983
neu: 0.7970548868179321
sad: 0.130126953125
hap: 0.06422461569309235
sad: 0.514323353767395
hap: 0.3798867464065552
neu: 0.06567833572626114
neu: 0.517248809337616
hap: 0.24768809974193573
sad: 0.2327798753976822
neu: 0.5792734026908875
hap: 0.30672687292099
sad: 0.10961921513080597
hap: 0.6249683499336243
sad: 0.2370946705341339
ang: 0.0846099779009819
sad: 0.6422050595283508
hap: 0.3314727246761322
neu: 0.025866463780403137
neu: 0.3786175549030304
hap: 0.34817010164260864
sad: 0.21425104141235352
sad: 0.5604868531227112
neu: 0.39667919278144836
hap: 0.04272928833961487
neu: 0.566514790058136
sad: 0.4141853451728821
hap: 0.014848880469799042
neu: 0.6376272439956665
sad: 0.19129914045333862
hap: 0.170170858502388
sad: 0.7021900415420532
neu: 0.21982036530971527
hap: 0.0776597410440445
hap: 0.4812164902687073
neu: 0.26963287591934204
sad: 0.2424166351556778
sad: 0.7235562801361084
neu: 0.2168930023908615
hap: 0.054304394870996475
neu: 0.6813119053840637
sad: 0.30554699897766113
hap: 0.012999103404581547
neu: 0.6835641264915466
sad: 0.2574673295021057
hap: 0.05866333469748497
neu: 0.5169286727905273
sad: 0.452565461397171
hap: 0.030467888340353966
sad: 0.5717111229896545
hap: 0.22645318508148193
neu: 0.1811702400445938
sad: 0.5995820164680481
hap: 0.23721735179424286
neu: 0.15758618712425232
neu: 0.5324224233627319
sad: 0.3374424874782562
ang: 0.06822509318590164
sad: 0.6968097686767578
hap: 0.20687799155712128
neu: 0.05619463697075844
sad: 0.6968004703521729
neu: 0.20834019780158997
hap: 0.090937539935112
neu: 0.8027526140213013
sad: 0.15735509991645813
hap: 0.03769119828939438
sad: 0.4961835443973541
neu: 0.3982797861099243
hap: 0.10284274071455002
sad: 0.6933245658874512
hap: 0.23414549231529236
neu: 0.06972192227840424
hap: 0.5618189573287964
sad: 0.22123409807682037
neu: 0.2166503220796585
hap: 0.638969361782074
ang: 0.24195778369903564
sad: 0.05978376045823097
hap: 0.5197926759719849
sad: 0.4485825002193451
neu: 0.02718709409236908
sad: 0.6586776971817017
neu: 0.3006505072116852
hap: 0.03966793417930603
sad: 0.9249189496040344
neu: 0.05113891139626503
hap: 0.023638054728507996
hap: 0.7442572116851807
neu: 0.17994144558906555
sad: 0.05522415414452553
neu: 0.7462548017501831
sad: 0.1520991176366806
hap: 0.10124587267637253
hap: 0.6388917565345764
sad: 0.2528708279132843
neu: 0.10537230223417282
neu: 0.5631406903266907
sad: 0.20419925451278687
hap: 0.16420060396194458
hap: 0.9102168083190918
sad: 0.050648078322410583
neu: 0.03733126446604729
hap: 0.43743130564689636
sad: 0.3450463116168976
neu: 0.18339543044567108
hap: 0.743696928024292
sad: 0.10187224298715591
neu: 0.08246026933193207
neu: 0.5100628733634949
hap: 0.25552916526794434
sad: 0.1257079392671585
hap: 0.6786186695098877
sad: 0.28716862201690674
neu: 0.030558116734027863
neu: 0.4787876009941101
hap: 0.31073346734046936
sad: 0.20554980635643005
hap: 0.640440046787262
sad: 0.17936506867408752
neu: 0.1770632266998291
neu: 0.47297948598861694
sad: 0.40737923979759216
hap: 0.11950908601284027
sad: 0.6006840467453003
hap: 0.21791969239711761
neu: 0.18111123144626617
hap: 0.506644606590271
neu: 0.4442034065723419
sad: 0.04903317987918854
hap: 0.624596357345581
neu: 0.27113592624664307
sad: 0.10416287183761597
hap: 0.7971131801605225
neu: 0.10419966280460358
sad: 0.06251408904790878
hap: 0.6217293739318848
sad: 0.3439386785030365
neu: 0.03422018513083458
neu: 0.46234554052352905
sad: 0.27679872512817383
hap: 0.2607921063899994
hap: 0.756793737411499
neu: 0.1598508059978485
sad: 0.08334366977214813
neu: 0.7560500502586365
sad: 0.2251710593700409
hap: 0.0187497828155756
sad: 0.6398679614067078
neu: 0.28873658180236816
hap: 0.07138717174530029
neu: 0.43568578362464905
sad: 0.37650278210639954
hap: 0.17888996005058289
neu: 0.6291520595550537
sad: 0.3354807198047638
hap: 0.035339608788490295
hap: 0.5147174000740051
neu: 0.39810308814048767
sad: 0.07476259768009186
hap: 0.41862723231315613
neu: 0.3146813213825226
sad: 0.2540235221385956
sad: 0.713923454284668
neu: 0.229148730635643
hap: 0.05687243863940239
sad: 0.727769136428833
neu: 0.2314189076423645
hap: 0.04045950248837471
sad: 0.734696090221405
neu: 0.20905566215515137
hap: 0.056140512228012085
sad: 0.8215513825416565
neu: 0.1493852436542511
hap: 0.029056914150714874
sad: 0.7743864059448242
neu: 0.21161022782325745
hap: 0.013918432407081127
neu: 0.5143702626228333
hap: 0.24620795249938965
sad: 0.23923663794994354
sad: 0.9109394550323486
neu: 0.05435483902692795
hap: 0.03469296172261238
hap: 0.6256874799728394
neu: 0.2983046770095825
sad: 0.07464076578617096
hap: 0.6653825044631958
sad: 0.27490854263305664
neu: 0.059004880487918854
hap: 0.5827186703681946
neu: 0.3633471429347992
sad: 0.05388157442212105
hap: 0.6687838435173035
sad: 0.26080697774887085
neu: 0.06982040405273438
hap: 0.7296807765960693
neu: 0.24717143177986145
sad: 0.023123815655708313
hap: 0.521507978439331
neu: 0.38255682587623596
sad: 0.09579174965620041
neu: 0.5826314687728882
sad: 0.23851466178894043
hap: 0.17628750205039978
neu: 0.6890103220939636
sad: 0.2731027603149414
hap: 0.03782757744193077
neu: 0.8224719166755676
hap: 0.10853316634893417
sad: 0.06855525821447372
hap: 0.9458119869232178
sad: 0.045689187943935394
neu: 0.006935266312211752
hap: 0.6215681433677673
sad: 0.23308920860290527
neu: 0.13700629770755768
neu: 0.4590451717376709
hap: 0.3595350682735443
sad: 0.18129709362983704
hap: 0.9197095036506653
neu: 0.07027870416641235
sad: 0.0073536173440515995
sad: 0.5790227651596069
neu: 0.41198715567588806
hap: 0.006426494102925062
sad: 0.5930711030960083
neu: 0.35833847522735596
hap: 0.04694358631968498
sad: 0.7822306752204895
neu: 0.17828848958015442
hap: 0.0335608534514904
sad: 0.6343765258789062
neu: 0.26114603877067566
hap: 0.08531150221824646
neu: 0.8687344789505005
sad: 0.05076931044459343
hap: 0.049202680587768555
hap: 0.7399916648864746
neu: 0.19377568364143372
ang: 0.05332975089550018
hap: 0.48966705799102783
neu: 0.32023486495018005
sad: 0.1899796575307846
hap: 0.5564839243888855
sad: 0.2922939658164978
neu: 0.13412077724933624
ang: 0.3230401575565338
hap: 0.2871161997318268
sad: 0.25622907280921936
sad: 0.7767592668533325
neu: 0.19033226370811462
hap: 0.03281436488032341
sad: 0.4657306373119354
neu: 0.28345173597335815
hap: 0.24708658456802368
neu: 0.7519955635070801
sad: 0.16455484926700592
hap: 0.07787705212831497
sad: 0.5826520919799805
neu: 0.3860454261302948
hap: 0.031235449016094208
sad: 0.7628538012504578
neu: 0.16145369410514832
hap: 0.07370719313621521
sad: 0.5351461172103882
neu: 0.3676912784576416
ang: 0.0642167329788208
sad: 0.8267683386802673
neu: 0.1265629529953003
ang: 0.02496515028178692
sad: 0.6845144629478455
hap: 0.28949207067489624
neu: 0.025954484939575195
sad: 0.6083590984344482
neu: 0.3577190339565277
hap: 0.03389042988419533
neu: 0.5733892321586609
sad: 0.3527756333351135
hap: 0.07382199168205261
neu: 0.6036068201065063
sad: 0.35790368914604187
hap: 0.034225884824991226
hap: 0.4092910587787628
sad: 0.322287380695343
neu: 0.2288132905960083
hap: 0.4751007556915283
neu: 0.3830168545246124
sad: 0.10994766652584076
hap: 0.7544173002243042
sad: 0.20061002671718597
neu: 0.04496397450566292
sad: 0.5840991139411926
hap: 0.325265109539032
neu: 0.0904899388551712
sad: 0.5896170139312744
neu: 0.22648411989212036
hap: 0.178402841091156
sad: 0.5854617953300476
neu: 0.3200051784515381
hap: 0.09447161108255386
sad: 0.6961687803268433
hap: 0.2231253981590271
neu: 0.07631777971982956
neu: 0.7479200959205627
hap: 0.1287844479084015
sad: 0.12314900755882263
sad: 0.5270806550979614
hap: 0.23495937883853912
neu: 0.21709659695625305
sad: 0.49782463908195496
hap: 0.2693331241607666
neu: 0.23205143213272095
sad: 0.41492530703544617
hap: 0.3726505637168884
neu: 0.2123555988073349
sad: 0.4963224530220032
neu: 0.26207467913627625
hap: 0.24083347618579865
neu: 0.4146876633167267
sad: 0.2928071618080139
hap: 0.28484806418418884
sad: 0.640811562538147
hap: 0.26101380586624146
neu: 0.09516169875860214
sad: 0.7488680481910706
neu: 0.15372920036315918
hap: 0.06682433933019638
sad: 0.5675842761993408
neu: 0.2118990421295166
ang: 0.1288287490606308
sad: 0.43122750520706177
neu: 0.36075231432914734
hap: 0.1938677728176117
sad: 0.5064550042152405
hap: 0.24609406292438507
neu: 0.22474247217178345
sad: 0.6085629463195801
neu: 0.2245701104402542
hap: 0.15321438014507294
sad: 0.4959235191345215
neu: 0.24600327014923096
hap: 0.14009182155132294
hap: 0.5655928254127502
neu: 0.21790321171283722
sad: 0.17172066867351532
neu: 0.493998259305954
sad: 0.4574974477291107
hap: 0.04270284250378609
sad: 0.38205990195274353
ang: 0.2553071081638336
neu: 0.22861230373382568
sad: 0.6083862781524658
neu: 0.29373037815093994
hap: 0.09290817379951477
sad: 0.5577720403671265
neu: 0.30606594681739807
hap: 0.134709894657135
sad: 0.45297783613204956
hap: 0.4266982674598694
neu: 0.10629614442586899
neu: 0.5357574820518494
hap: 0.3489360809326172
sad: 0.11038606613874435
sad: 0.854786217212677
neu: 0.07238702476024628
hap: 0.07229974865913391
sad: 0.7267881035804749
hap: 0.1507769376039505
neu: 0.12078453600406647
hap: 0.4840658903121948
neu: 0.3909100294113159
sad: 0.11315074563026428
sad: 0.770743727684021
neu: 0.20123392343521118
hap: 0.020391546189785004
sad: 0.4643297493457794
hap: 0.29293230175971985
neu: 0.2160366326570511
neu: 0.6141660809516907
sad: 0.30106988549232483
hap: 0.05439550802111626
sad: 0.7272074818611145
neu: 0.16745352745056152
hap: 0.1037287637591362
sad: 0.5008857250213623
neu: 0.4250205159187317
hap: 0.07402170449495316
sad: 0.62995445728302
neu: 0.3111926019191742
hap: 0.05874288082122803
neu: 0.6954559683799744
sad: 0.25890079140663147
hap: 0.04475710913538933
sad: 0.4089239835739136
neu: 0.36362484097480774
hap: 0.22740833461284637
sad: 0.7778268456459045
neu: 0.11492126435041428
hap: 0.10713683068752289
sad: 0.46149522066116333
hap: 0.310772567987442
neu: 0.21937057375907898
neu: 0.5327141284942627
sad: 0.29168012738227844
hap: 0.17536990344524384
neu: 0.5327136516571045
sad: 0.36002305150032043
hap: 0.10618283599615097
neu: 0.5251213908195496
sad: 0.3984573185443878
hap: 0.07618128508329391
sad: 0.8362461924552917
neu: 0.15534479916095734
hap: 0.005268733948469162
sad: 0.8093665838241577
neu: 0.17531678080558777
hap: 0.015256311744451523
sad: 0.698284387588501
neu: 0.2551186680793762
hap: 0.03703008219599724
sad: 0.48218637704849243
neu: 0.37741193175315857
hap: 0.07343562692403793
sad: 0.4773253798484802
neu: 0.27735692262649536
hap: 0.1874001920223236
sad: 0.7644601464271545
neu: 0.15488816797733307
hap: 0.06199473515152931
sad: 0.4795893132686615
neu: 0.3041444420814514
hap: 0.1629973202943802
sad: 0.5764554142951965
neu: 0.3955747187137604
hap: 0.027930865064263344
neu: 0.5983991622924805
hap: 0.23182475566864014
sad: 0.16957145929336548
sad: 0.6148021817207336
neu: 0.36456188559532166
hap: 0.018553700298070908
sad: 0.7706955075263977
neu: 0.21952882409095764
hap: 0.009525513276457787
neu: 0.8612993955612183
sad: 0.09265759587287903
hap: 0.0434679314494133
sad: 0.8112648129463196
neu: 0.18493977189064026
hap: 0.0037888577207922935
sad: 0.6889016628265381
neu: 0.2982952892780304
hap: 0.012197932228446007
neu: 0.8727039694786072
hap: 0.07320087403059006
sad: 0.05244384706020355
hap: 0.37760621309280396
sad: 0.3420403003692627
neu: 0.27848362922668457
sad: 0.5189720392227173
neu: 0.47157108783721924
hap: 0.007081316318362951
neu: 0.7499194741249084
sad: 0.130971759557724
ang: 0.06590539216995239
neu: 0.37667858600616455
hap: 0.3600330948829651
sad: 0.25846993923187256
sad: 0.5230779647827148
neu: 0.4266129434108734
hap: 0.04921156167984009
sad: 0.5846333503723145
neu: 0.4081975519657135
hap: 0.004924402106553316
neu: 0.5179545283317566
sad: 0.40652260184288025
hap: 0.06608264148235321
sad: 0.907325029373169
neu: 0.0685976967215538
hap: 0.019518647342920303
sad: 0.6555235385894775
neu: 0.28321391344070435
hap: 0.06094474717974663
sad: 0.7393246293067932
neu: 0.2043485790491104
hap: 0.056005388498306274
sad: 0.9044798016548157
neu: 0.0802733525633812
hap: 0.013721127063035965
sad: 0.7171491980552673
neu: 0.22201453149318695
hap: 0.035261429846286774
neu: 0.668994665145874
sad: 0.20292964577674866
hap: 0.12742330133914948
sad: 0.5742332935333252
neu: 0.3269380033016205
hap: 0.09860251098871231
neu: 0.4448661208152771
sad: 0.31132227182388306
hap: 0.23026612401008606
sad: 0.8700189590454102
hap: 0.07111269980669022
neu: 0.055679842829704285
sad: 0.9153643846511841
neu: 0.06451503187417984
hap: 0.017629483714699745
sad: 0.912824809551239
neu: 0.05725827068090439
hap: 0.02980598621070385
neu: 0.630293071269989
sad: 0.31086355447769165
hap: 0.05845009163022041
sad: 0.8226090669631958
neu: 0.15273521840572357
hap: 0.02394988387823105
sad: 0.7232744693756104
neu: 0.2264336347579956
hap: 0.04399443790316582
sad: 0.8117802143096924
neu: 0.14015020430088043
hap: 0.047700926661491394
neu: 0.6092289090156555
sad: 0.31555259227752686
hap: 0.07281765341758728
sad: 0.8582065105438232
neu: 0.1116141825914383
hap: 0.025699781253933907
sad: 0.5724154114723206
neu: 0.3462080955505371
ang: 0.05989032983779907
neu: 0.5044963955879211
sad: 0.36489221453666687
hap: 0.0986158475279808
neu: 0.38297051191329956
sad: 0.2890163064002991
hap: 0.28626665472984314
sad: 0.46201130747795105
hap: 0.36852362751960754
neu: 0.1670028418302536
neu: 0.5218930840492249
sad: 0.32420116662979126
ang: 0.09462065994739532
hap: 0.5382952094078064
neu: 0.34825319051742554
sad: 0.09334877133369446
hap: 0.4294542968273163
sad: 0.33259010314941406
ang: 0.12682999670505524
hap: 0.48409169912338257
sad: 0.3023223280906677
neu: 0.20300337672233582
neu: 0.5699217915534973
sad: 0.3012157678604126
hap: 0.09732378274202347
ang: 0.5354244709014893
sad: 0.3448455035686493
neu: 0.08403517305850983
neu: 0.5452371835708618
sad: 0.4036105275154114
hap: 0.05097608640789986
sad: 0.774163544178009
neu: 0.1790371537208557
hap: 0.046796154230833054
neu: 0.5826783776283264
sad: 0.2568775713443756
hap: 0.15991351008415222
neu: 0.5547395348548889
sad: 0.27873507142066956
hap: 0.16258566081523895
sad: 0.638856053352356
neu: 0.1838996261358261
hap: 0.17566552758216858
neu: 0.4968758523464203
sad: 0.30987921357154846
hap: 0.1929032802581787
hap: 0.6964067816734314
sad: 0.16449807584285736
neu: 0.13905100524425507
sad: 0.6564570069313049
hap: 0.1971614509820938
neu: 0.14446739852428436
sad: 0.595437228679657
hap: 0.27937716245651245
neu: 0.12481455504894257
sad: 0.762730062007904
neu: 0.13483840227127075
hap: 0.1021997481584549
hap: 0.5486147999763489
sad: 0.3531845808029175
neu: 0.09793853014707565
sad: 0.501582145690918
neu: 0.30040988326072693
hap: 0.19787141680717468
neu: 0.4216282069683075
hap: 0.31228214502334595
sad: 0.2594366669654846
sad: 0.6379572749137878
neu: 0.20676498115062714
hap: 0.15408027172088623
neu: 0.5337052345275879
sad: 0.23347708582878113
hap: 0.21849848330020905
sad: 0.4169737696647644
hap: 0.40692734718322754
neu: 0.1722514033317566
sad: 0.6800260543823242
neu: 0.2934308350086212
hap: 0.026482809334993362
sad: 0.5479207038879395
hap: 0.3177071809768677
neu: 0.13384713232517242
sad: 0.5844923853874207
neu: 0.3866612911224365
hap: 0.028744462877511978
sad: 0.4235474467277527
neu: 0.41583338379859924
hap: 0.1606116145849228
neu: 0.5192164778709412
hap: 0.277955025434494
sad: 0.20144185423851013
sad: 0.6392563581466675
neu: 0.29891547560691833
hap: 0.06182592362165451
sad: 0.6688873171806335
neu: 0.3053894340991974
hap: 0.02570152096450329
neu: 0.5742937922477722
sad: 0.3867988884449005
hap: 0.03889169543981552
sad: 0.6936525702476501
neu: 0.22597168385982513
hap: 0.08024363964796066
neu: 0.7429544925689697
sad: 0.14264674484729767
hap: 0.11434413492679596
neu: 0.6423882842063904
sad: 0.3252142071723938
hap: 0.032368071377277374
sad: 0.5937448143959045
neu: 0.37152209877967834
hap: 0.03459085524082184
hap: 0.5058711171150208
neu: 0.34937795996665955
sad: 0.14473599195480347
neu: 0.5384297966957092
sad: 0.40588778257369995
hap: 0.0555497407913208
sad: 0.7467108368873596
neu: 0.24620111286640167
hap: 0.006971469148993492
neu: 0.5055416822433472
sad: 0.4819924235343933
hap: 0.010690601542592049
sad: 0.776732861995697
neu: 0.21340225636959076
hap: 0.00622049393132329
sad: 0.6105201244354248
neu: 0.2940077781677246
hap: 0.09546402096748352
sad: 0.7346912026405334
neu: 0.25057747960090637
hap: 0.014668485149741173
sad: 0.7060438394546509
neu: 0.20467165112495422
hap: 0.08928250521421432
sad: 0.5027518272399902
neu: 0.4671977758407593
hap: 0.0300358384847641
sad: 0.5772857069969177
neu: 0.396020770072937
hap: 0.026596078649163246
sad: 0.5889479517936707
neu: 0.3831082880496979
hap: 0.027709437534213066
neu: 0.6024721264839172
sad: 0.25821685791015625
hap: 0.1333128958940506
sad: 0.6381329894065857
neu: 0.18027135729789734
hap: 0.17757666110992432
sad: 0.5403228998184204
neu: 0.4460315406322479
hap: 0.013631178997457027
neu: 0.6939073204994202
sad: 0.20865707099437714
hap: 0.0800294280052185
sad: 0.9214437007904053
neu: 0.07264460623264313
hap: 0.005898231640458107
sad: 0.6126130819320679
neu: 0.3528776466846466
hap: 0.03438110649585724
sad: 0.7437094449996948
neu: 0.22144950926303864
hap: 0.03470618277788162
sad: 0.7103701829910278
neu: 0.24093708395957947
hap: 0.048679154366254807
neu: 0.6775516867637634
hap: 0.1712188869714737
sad: 0.1454891413450241
sad: 0.8162521123886108
neu: 0.1503092348575592
hap: 0.033435795456171036
sad: 0.7301369905471802
neu: 0.2501868009567261
hap: 0.019627921283245087
sad: 0.5046892166137695
neu: 0.3695184886455536
hap: 0.12497027963399887
sad: 0.8034592866897583
neu: 0.1821965128183365
hap: 0.014225582592189312
neu: 0.5045416355133057
sad: 0.4245038628578186
hap: 0.07036644220352173
sad: 0.6477844715118408
neu: 0.33867061138153076
hap: 0.013127187266945839
sad: 0.6300106048583984
neu: 0.36397674679756165
hap: 0.004005352966487408
sad: 0.49274736642837524
neu: 0.4095726013183594
hap: 0.06452814489603043
sad: 0.548112690448761
hap: 0.23011840879917145
neu: 0.11710446327924728
sad: 0.6023762226104736
neu: 0.20882175862789154
ang: 0.12178144603967667
hap: 0.37172314524650574
neu: 0.2610357701778412
sad: 0.22910135984420776
neu: 0.3914133906364441
hap: 0.36362937092781067
sad: 0.22954151034355164
sad: 0.5077674388885498
hap: 0.24683159589767456
neu: 0.23303183913230896
ang: 0.5696548223495483
hap: 0.2647108733654022
neu: 0.12534770369529724
sad: 0.5601258873939514
neu: 0.3535991311073303
hap: 0.08613362908363342
sad: 0.8738123178482056
neu: 0.10216012597084045
hap: 0.024022024124860764
sad: 0.8372133374214172
neu: 0.13554251194000244
hap: 0.027240397408604622
neu: 0.45124149322509766
sad: 0.44069579243659973
hap: 0.10803589969873428
sad: 0.5393490791320801
neu: 0.3544183671474457
hap: 0.10621356219053268
sad: 0.800255537033081
neu: 0.15189726650714874
hap: 0.04783858358860016
sad: 0.7938804030418396
neu: 0.185266375541687
hap: 0.0208455678075552
neu: 0.7406811714172363
sad: 0.22717547416687012
hap: 0.03210221976041794
sad: 0.8884057402610779
neu: 0.0857623890042305
hap: 0.025830315425992012
sad: 0.5840674638748169
neu: 0.35186684131622314
hap: 0.06391488015651703
neu: 0.7861701250076294
sad: 0.17188575863838196
hap: 0.04087967053055763
neu: 0.6345544457435608
sad: 0.33475083112716675
hap: 0.029407063499093056
sad: 0.849859356880188
neu: 0.14471502602100372
hap: 0.005414330400526524
neu: 0.460938423871994
sad: 0.42078495025634766
hap: 0.1158028095960617
sad: 0.8663763999938965
neu: 0.0897262841463089
hap: 0.04366746172308922
sad: 0.7624669075012207
hap: 0.14232248067855835
neu: 0.09119848161935806
neu: 0.5539100766181946
sad: 0.3269696831703186
hap: 0.10084556043148041
neu: 0.47115567326545715
sad: 0.29855766892433167
hap: 0.21324872970581055
neu: 0.4878532290458679
sad: 0.47002112865448
hap: 0.04182608053088188
neu: 0.8494127988815308
sad: 0.09332987666130066
hap: 0.05698755756020546
sad: 0.6805391311645508
neu: 0.3030068576335907
hap: 0.015936685726046562
neu: 0.6639878153800964
sad: 0.25788602232933044
hap: 0.07662105560302734
sad: 0.6654914617538452
hap: 0.22002311050891876
neu: 0.11393952369689941
neu: 0.5113009214401245
sad: 0.434821754693985
hap: 0.04911816865205765
sad: 0.5518534779548645
neu: 0.39252325892448425
hap: 0.05561326816678047
neu: 0.6143972277641296
sad: 0.2119908481836319
hap: 0.1714034527540207
sad: 0.5528769493103027
neu: 0.34802988171577454
ang: 0.05529162287712097
neu: 0.5369062423706055
sad: 0.2104375809431076
ang: 0.14457634091377258
sad: 0.4956896901130676
neu: 0.3979848027229309
hap: 0.10579773783683777
sad: 0.5435824990272522
neu: 0.2826492190361023
hap: 0.1731710433959961
neu: 0.6028690934181213
sad: 0.3138275444507599
hap: 0.08294506371021271
neu: 0.6103802919387817
sad: 0.29328376054763794
hap: 0.09376196563243866
neu: 0.5983629822731018
sad: 0.29121139645576477
hap: 0.10746601223945618
hap: 0.7648128867149353
neu: 0.14958836138248444
sad: 0.06421513855457306
hap: 0.5108332633972168
sad: 0.318098783493042
neu: 0.11978272348642349
hap: 0.4265114367008209
sad: 0.29532596468925476
neu: 0.23788651823997498
neu: 0.6219097971916199
sad: 0.36378422379493713
hap: 0.014187225140631199
sad: 0.41574111580848694
hap: 0.39312082529067993
neu: 0.16886058449745178
sad: 0.7594683170318604
hap: 0.17563699185848236
neu: 0.06097542867064476
sad: 0.9215732216835022
neu: 0.06262092292308807
hap: 0.014983207918703556
sad: 0.670038640499115
neu: 0.29493898153305054
hap: 0.0350058451294899
sad: 0.6480240225791931
neu: 0.335362046957016
hap: 0.016571465879678726
sad: 0.7811013460159302
neu: 0.18101778626441956
hap: 0.031320977956056595
neu: 0.5860615372657776
sad: 0.3706754148006439
hap: 0.04316643625497818
sad: 0.6881939768791199
neu: 0.2829979956150055
hap: 0.02880510315299034
sad: 0.6289446353912354
neu: 0.3415636718273163
hap: 0.02947884239256382
sad: 0.6625987887382507
neu: 0.27137842774391174
hap: 0.06601826846599579
sad: 0.6867188215255737
neu: 0.24300625920295715
hap: 0.07027414441108704
neu: 0.432393342256546
hap: 0.2712697982788086
sad: 0.26735416054725647
sad: 0.5667341351509094
neu: 0.4097621738910675
hap: 0.023312045261263847
sad: 0.774999737739563
neu: 0.2036803513765335
hap: 0.020407913252711296
hap: 0.6981163620948792
sad: 0.15454807877540588
neu: 0.12635083496570587
sad: 0.6823685765266418
neu: 0.30229392647743225
hap: 0.012924366630613804
neu: 0.6222245693206787
sad: 0.3330575227737427
hap: 0.043879564851522446
sad: 0.8874539732933044
neu: 0.10010351985692978
hap: 0.012439806945621967
neu: 0.5142277479171753
sad: 0.24043165147304535
hap: 0.20587050914764404
sad: 0.4962325096130371
neu: 0.4855216145515442
hap: 0.018142174929380417
sad: 0.7265946865081787
neu: 0.23266161978244781
hap: 0.04043282940983772
sad: 0.8961973786354065
neu: 0.07841641455888748
hap: 0.025369903072714806
hap: 0.4417443573474884
sad: 0.3411986827850342
neu: 0.2022501826286316
sad: 0.8346725702285767
neu: 0.14328676462173462
hap: 0.02199648506939411
sad: 0.6012049317359924
neu: 0.3784857988357544
hap: 0.0202522911131382
neu: 0.6601642370223999
sad: 0.32686281204223633
hap: 0.012712699361145496
sad: 0.7249535322189331
neu: 0.2032816857099533
hap: 0.06587541103363037
neu: 0.5433573126792908
sad: 0.421935498714447
hap: 0.034685809165239334
neu: 0.758058488368988
sad: 0.17589935660362244
hap: 0.06603268533945084
hap: 0.8931757211685181
neu: 0.08092448860406876
sad: 0.02537175640463829
hap: 0.48930877447128296
sad: 0.2734386920928955
neu: 0.23723523318767548
neu: 0.8045328259468079
sad: 0.1122749075293541
hap: 0.08268510550260544
neu: 0.7295079231262207
sad: 0.2678249180316925
hap: 0.002608923939988017
neu: 0.7712317705154419
hap: 0.1883363127708435
sad: 0.04037461057305336
hap: 0.4924021363258362
sad: 0.30566075444221497
neu: 0.1986439824104309
sad: 0.6231048107147217
neu: 0.17905360460281372
hap: 0.1421119123697281
sad: 0.6273659467697144
neu: 0.21107125282287598
hap: 0.15913322567939758
sad: 0.7672798037528992
hap: 0.13106977939605713
neu: 0.08509280532598495
sad: 0.6421594023704529
neu: 0.28648337721824646
hap: 0.07135199010372162
sad: 0.724116861820221
neu: 0.2567176818847656
hap: 0.019157154485583305
neu: 0.8876134157180786
hap: 0.09139794856309891
sad: 0.02095595933496952
neu: 0.942193329334259
sad: 0.03595711663365364
hap: 0.02181946486234665
neu: 0.9611547589302063
hap: 0.03543379530310631
sad: 0.0034008235670626163
neu: 0.8358550667762756
hap: 0.1543303281068802
sad: 0.009785792790353298
ang: 0.3395587205886841
sad: 0.30220627784729004
neu: 0.23967891931533813
neu: 0.6075730323791504
sad: 0.3576725125312805
hap: 0.03471074253320694
sad: 0.6727441549301147
neu: 0.29972919821739197
hap: 0.02746584452688694
sad: 0.8098277449607849
neu: 0.1593461036682129
hap: 0.02993813529610634
hap: 0.4504085183143616
neu: 0.3716958463191986
sad: 0.17556312680244446
sad: 0.7807169556617737
neu: 0.11275742202997208
hap: 0.10300148278474808
sad: 0.8184118270874023
neu: 0.10649646073579788
hap: 0.054794128984212875
sad: 0.6678857207298279
hap: 0.20168672502040863
neu: 0.1282418966293335
sad: 0.6373026371002197
neu: 0.33300140500068665
hap: 0.02968226931989193
neu: 0.4754762649536133
sad: 0.46309906244277954
hap: 0.059543345123529434
neu: 0.8391692042350769
sad: 0.13879148662090302
hap: 0.02197873219847679
sad: 0.6504725217819214
neu: 0.33552950620651245
hap: 0.011475270614027977
neu: 0.5782924294471741
sad: 0.3921000361442566
hap: 0.029491988942027092
sad: 0.6156880855560303
neu: 0.3698987066745758
hap: 0.014324274845421314
neu: 0.6400259733200073
sad: 0.2699790894985199
hap: 0.08687055855989456
sad: 0.8920380473136902
neu: 0.10027659684419632
hap: 0.007657563779503107
sad: 0.633987307548523
neu: 0.30313554406166077
hap: 0.05812334641814232
sad: 0.6288806796073914
neu: 0.3258277475833893
hap: 0.0433383472263813
neu: 0.8084969520568848
sad: 0.11681652069091797
hap: 0.05993051081895828
neu: 0.5889940857887268
sad: 0.36187222599983215
hap: 0.04753591865301132
sad: 0.5981074571609497
neu: 0.37647494673728943
hap: 0.025407185778021812
sad: 0.8474192023277283
neu: 0.14423948526382446
hap: 0.00832429714500904
sad: 0.8061773180961609
hap: 0.11711018532514572
neu: 0.07477632910013199
sad: 0.8029780983924866
neu: 0.16393139958381653
hap: 0.022963959723711014
sad: 0.7415878176689148
neu: 0.2340460866689682
hap: 0.024353856220841408
sad: 0.6682716608047485
neu: 0.313482403755188
hap: 0.01814836822450161
sad: 0.6629981398582458
neu: 0.28005918860435486
hap: 0.05615316331386566
sad: 0.7365827560424805
neu: 0.18331332504749298
hap: 0.07979588210582733
neu: 0.4663892090320587
sad: 0.4407813847064972
hap: 0.08706136047840118
sad: 0.7516059875488281
neu: 0.2301626354455948
hap: 0.01822712831199169
neu: 0.5164355635643005
sad: 0.43408963084220886
hap: 0.0483769029378891
neu: 0.7184018492698669
hap: 0.1408127397298813
sad: 0.14065295457839966
neu: 0.6760658621788025
sad: 0.16198045015335083
hap: 0.15740536153316498
neu: 0.6994363069534302
sad: 0.20089881122112274
hap: 0.09584243595600128
neu: 0.431505024433136
sad: 0.3183726966381073
hap: 0.2495104968547821
sad: 0.9454297423362732
neu: 0.04366973042488098
hap: 0.010871720500290394
neu: 0.864783525466919
sad: 0.12345195561647415
hap: 0.011177311651408672
neu: 0.5489318370819092
ang: 0.3088149130344391
sad: 0.08371042460203171
neu: 0.6550909876823425
hap: 0.32303133606910706
sad: 0.02123943902552128
sad: 0.7574291825294495
neu: 0.22520385682582855
hap: 0.014622638933360577
sad: 0.6884080171585083
neu: 0.27360785007476807
hap: 0.03726373612880707
sad: 0.7346090078353882
neu: 0.23989129066467285
hap: 0.02541618049144745
sad: 0.7204916477203369
neu: 0.2523138225078583
hap: 0.027180612087249756
sad: 0.4566105008125305
hap: 0.22163651883602142
neu: 0.1779690682888031
sad: 0.7826551198959351
neu: 0.20750659704208374
hap: 0.009821170009672642
neu: 0.6468067765235901
sad: 0.3042210638523102
hap: 0.048939961940050125
neu: 0.4576771557331085
sad: 0.350588858127594
hap: 0.19171075522899628
sad: 0.5118165612220764
neu: 0.41490623354911804
hap: 0.07326944172382355
sad: 0.5118165612220764
neu: 0.41490623354911804
hap: 0.07326944172382355
neu: 0.8505129218101501
sad: 0.08114350587129593
hap: 0.06820910423994064
neu: 0.889910876750946
hap: 0.08677221834659576
sad: 0.023202134296298027
neu: 0.8881829380989075
hap: 0.0899963453412056
sad: 0.021476304158568382
neu: 0.5812798142433167
sad: 0.4090561270713806
hap: 0.009402855299413204
neu: 0.6672157049179077
sad: 0.16430234909057617
hap: 0.16399924457073212
sad: 0.6085992455482483
neu: 0.3709016442298889
hap: 0.02045287936925888
sad: 0.6887022852897644
neu: 0.2887960374355316
hap: 0.022485459223389626
neu: 0.6271264553070068
hap: 0.316999226808548
sad: 0.05499391630291939
neu: 0.8725543022155762
sad: 0.07300294190645218
hap: 0.054145947098731995
neu: 0.9781486988067627
hap: 0.01663949526846409
sad: 0.00519176060333848
neu: 0.677532434463501
sad: 0.21263042092323303
hap: 0.10287724435329437
hap: 0.4325083792209625
neu: 0.3698156177997589
sad: 0.19642053544521332
neu: 0.635336697101593
sad: 0.3497275114059448
hap: 0.014860941097140312
neu: 0.6909353733062744
hap: 0.17167703807353973
sad: 0.13738562166690826
neu: 0.5178136825561523
sad: 0.4060036838054657
hap: 0.07436466962099075
sad: 0.5215132236480713
neu: 0.45319080352783203
hap: 0.025183551013469696
sad: 0.6428526043891907
neu: 0.22313769161701202
hap: 0.13400520384311676
neu: 0.7215470671653748
sad: 0.24299630522727966
hap: 0.0340503454208374
sad: 0.6353830695152283
neu: 0.33231621980667114
hap: 0.0322878360748291
neu: 0.47473272681236267
sad: 0.47008615732192993
hap: 0.055168308317661285
sad: 0.7445893883705139
neu: 0.22137100994586945
hap: 0.03402966260910034
sad: 0.5027219653129578
neu: 0.45691460371017456
hap: 0.04024876654148102
sad: 0.7425865530967712
neu: 0.24000850319862366
hap: 0.01740129292011261
sad: 0.5998639464378357
neu: 0.3727304935455322
hap: 0.027374962344765663
sad: 0.7077182531356812
neu: 0.22222265601158142
hap: 0.07004693895578384
sad: 0.616138756275177
neu: 0.3336468040943146
hap: 0.050201937556266785
sad: 0.7240856885910034
neu: 0.19737830758094788
hap: 0.07853465527296066
sad: 0.578635036945343
neu: 0.3297281563282013
hap: 0.09144396334886551
sad: 0.5889620184898376
neu: 0.3709048330783844
hap: 0.037415821105241776
sad: 0.5500190854072571
neu: 0.34028053283691406
hap: 0.10969267040491104
neu: 0.5287571549415588
sad: 0.4492892920970917
hap: 0.021794915199279785
hap: 0.37656643986701965
neu: 0.3607475757598877
sad: 0.15103749930858612
sad: 0.5114235281944275
neu: 0.4259336590766907
hap: 0.06263231486082077
sad: 0.6874336004257202
neu: 0.2768302857875824
hap: 0.0357346385717392
sad: 0.7038253545761108
neu: 0.28170228004455566
hap: 0.014465897344052792
neu: 0.5743701457977295
sad: 0.308159202337265
hap: 0.11732801049947739
sad: 0.6503368020057678
neu: 0.31013160943984985
hap: 0.037295203655958176
neu: 0.4781569242477417
hap: 0.36277225613594055
sad: 0.1578943282365799
hap: 0.421672523021698
neu: 0.2849465608596802
sad: 0.2666027247905731
neu: 0.9685279130935669
hap: 0.02840026281774044
sad: 0.0030640007462352514
neu: 0.7116744518280029
sad: 0.22936424612998962
hap: 0.05784054473042488
neu: 0.4631249010562897
sad: 0.4398225247859955
hap: 0.09702149778604507
sad: 0.7208159565925598
neu: 0.2756505012512207
hap: 0.003529338166117668
sad: 0.5289767980575562
neu: 0.46218669414520264
hap: 0.00780708622187376
sad: 0.6000903844833374
neu: 0.3764278292655945
hap: 0.023474978283047676
neu: 0.4638058543205261
sad: 0.3962496519088745
hap: 0.13992203772068024
sad: 0.71764075756073
neu: 0.27671289443969727
hap: 0.005628898274153471
sad: 0.6441774964332581
neu: 0.3455987572669983
hap: 0.008877012878656387
sad: 0.5843349695205688
neu: 0.3506760597229004
hap: 0.035202816128730774
sad: 0.47971680760383606
neu: 0.47311460971832275
ang: 0.028625672683119774
sad: 0.6285635232925415
neu: 0.32503610849380493
hap: 0.04638035222887993
neu: 0.4967823922634125
sad: 0.48774591088294983
hap: 0.015346097759902477
neu: 0.66483074426651
sad: 0.28970658779144287
hap: 0.044372230768203735
neu: 0.4658779203891754
ang: 0.40293869376182556
hap: 0.10806082934141159
sad: 0.8883405923843384
neu: 0.07186321169137955
hap: 0.03968415409326553
sad: 0.4788814187049866
neu: 0.45266932249069214
hap: 0.06841980665922165
sad: 0.6221360564231873
neu: 0.3472881317138672
hap: 0.03046371228992939
sad: 0.6294726133346558
neu: 0.3529336154460907
hap: 0.017582032829523087
sad: 0.6128531694412231
neu: 0.3183657228946686
hap: 0.0687793716788292
sad: 0.9095920324325562
neu: 0.08865191787481308
hap: 0.0017081911209970713
sad: 0.8193520307540894
neu: 0.17307031154632568
hap: 0.00679041538387537
sad: 0.7636988162994385
neu: 0.21924808621406555
hap: 0.01701200380921364
sad: 0.8813034892082214
neu: 0.11131183058023453
hap: 0.007372802589088678
sad: 0.6863711476325989
neu: 0.24984031915664673
hap: 0.048065606504678726
sad: 0.8384982943534851
neu: 0.11015315353870392
hap: 0.051243945956230164
sad: 0.5811873078346252
neu: 0.3215443193912506
hap: 0.09725536406040192
sad: 0.47150152921676636
neu: 0.3768732249736786
hap: 0.15114519000053406
sad: 0.9254770278930664
neu: 0.05761628597974777
hap: 0.016679823398590088
sad: 0.9564573168754578
neu: 0.03841618075966835
hap: 0.005098413210362196
sad: 0.7959263920783997
neu: 0.11316631734371185
hap: 0.08969683945178986
hap: 0.5312139987945557
sad: 0.30181729793548584
neu: 0.16678427159786224
neu: 0.49672210216522217
sad: 0.38245660066604614
ang: 0.06444098055362701
sad: 0.5832709670066833
neu: 0.33802932500839233
ang: 0.06027914211153984
hap: 0.3320048749446869
neu: 0.32896944880485535
sad: 0.324400931596756
neu: 0.5061206817626953
sad: 0.47116464376449585
hap: 0.022701429203152657
sad: 0.7465112209320068
neu: 0.1281500607728958
hap: 0.12519828975200653
sad: 0.5077254772186279
neu: 0.456256628036499
hap: 0.03587496653199196
sad: 0.7952269315719604
neu: 0.1716116964817047
hap: 0.03313228115439415
sad: 0.8220818638801575
neu: 0.1668984740972519
hap: 0.009387251920998096
sad: 0.5205361247062683
neu: 0.44759318232536316
hap: 0.02652815543115139
neu: 0.5670348405838013
sad: 0.2804017663002014
hap: 0.1347918063402176
neu: 0.4070279598236084
sad: 0.3382422626018524
hap: 0.22882229089736938
hap: 0.723645806312561
neu: 0.17994901537895203
sad: 0.09166928380727768
neu: 0.3957304358482361
ang: 0.28204330801963806
hap: 0.2026129961013794
neu: 0.44894939661026
sad: 0.4195939302444458
hap: 0.1256803572177887
sad: 0.5308589339256287
neu: 0.3337268531322479
hap: 0.13353249430656433
sad: 0.8044164776802063
neu: 0.1329243779182434
hap: 0.06251152604818344
sad: 0.7656295299530029
neu: 0.18611088395118713
hap: 0.0481145903468132
sad: 0.9034409523010254
neu: 0.08683179318904877
hap: 0.009725292213261127
sad: 0.9266443252563477
neu: 0.06995688378810883
hap: 0.0028335456736385822
sad: 0.955963134765625
neu: 0.04185868054628372
hap: 0.0020773978903889656
sad: 0.573611855506897
neu: 0.3401820659637451
hap: 0.08464115858078003
sad: 0.7529907822608948
neu: 0.21367599070072174
hap: 0.024539954960346222
neu: 0.7415780425071716
sad: 0.16502068936824799
hap: 0.060969896614551544
neu: 0.6259076595306396
sad: 0.25464731454849243
hap: 0.11892470717430115
sad: 0.7965537309646606
neu: 0.133223757147789
hap: 0.050834834575653076
sad: 0.8638010621070862
neu: 0.09873990714550018
hap: 0.03687797486782074
sad: 0.4542764127254486
neu: 0.425283819437027
hap: 0.12017329037189484
sad: 0.9130111932754517
neu: 0.06903167814016342
hap: 0.012088650837540627
sad: 0.49852603673934937
neu: 0.37187841534614563
ang: 0.0779399573802948
hap: 0.4920782744884491
neu: 0.3051486611366272
sad: 0.18526430428028107
sad: 0.4053002893924713
hap: 0.32391035556793213
neu: 0.23929846286773682
sad: 0.5223320126533508
hap: 0.26651689410209656
neu: 0.20097830891609192
hap: 0.4592776596546173
neu: 0.3705465495586395
sad: 0.15927499532699585
sad: 0.6691704392433167
neu: 0.3068496584892273
hap: 0.02272869646549225
sad: 0.7206342220306396
neu: 0.19140416383743286
hap: 0.0879303514957428
neu: 0.460636705160141
hap: 0.29259592294692993
sad: 0.24331089854240417
neu: 0.47001805901527405
sad: 0.38568684458732605
hap: 0.10860511660575867
sad: 0.4758279025554657
neu: 0.47380301356315613
hap: 0.04895060509443283
neu: 0.7084227800369263
sad: 0.27837637066841125
hap: 0.01306180004030466
sad: 0.9393067955970764
neu: 0.049784451723098755
hap: 0.010559379123151302
sad: 0.8388304114341736
neu: 0.10251669585704803
hap: 0.058296818286180496
sad: 0.636947751045227
neu: 0.29951250553131104
hap: 0.0613110214471817
sad: 0.5699383616447449
neu: 0.41322603821754456
hap: 0.016665032133460045
sad: 0.4648076295852661
hap: 0.39262259006500244
neu: 0.13760827481746674
sad: 0.6750954389572144
neu: 0.22877296805381775
hap: 0.0951954573392868
neu: 0.48652344942092896
sad: 0.46540796756744385
hap: 0.027254045009613037
neu: 0.5682140588760376
hap: 0.21596793830394745
sad: 0.1928340494632721
neu: 0.8185139894485474
hap: 0.08815433084964752
sad: 0.08697979897260666
neu: 0.6035338640213013
hap: 0.25018996000289917
sad: 0.12469968944787979
neu: 0.45901504158973694
hap: 0.34916016459465027
sad: 0.18385793268680573
neu: 0.6866748332977295
hap: 0.25826379656791687
sad: 0.049744728952646255
sad: 0.7095918655395508
neu: 0.21140874922275543
hap: 0.07891840487718582
sad: 0.6165538430213928
neu: 0.3005788028240204
hap: 0.0823834240436554
neu: 0.5174975395202637
sad: 0.46187326312065125
hap: 0.019095592200756073
neu: 0.6760076284408569
sad: 0.25976231694221497
hap: 0.057873524725437164
sad: 0.6004790663719177
neu: 0.3198671340942383
hap: 0.0714631900191307
sad: 0.8616584539413452
neu: 0.11555750668048859
ang: 0.013173758052289486
sad: 0.4659600555896759
hap: 0.32536041736602783
neu: 0.20839206874370575
sad: 0.9200051426887512
neu: 0.053329598158597946
hap: 0.026071887463331223
sad: 0.971612274646759
neu: 0.021442508324980736
hap: 0.006933344062417746
sad: 0.8994665145874023
neu: 0.072601817548275
hap: 0.02745680697262287
sad: 0.7310226559638977
neu: 0.2464825063943863
hap: 0.021537894383072853
sad: 0.6001310348510742
hap: 0.22562794387340546
neu: 0.17354795336723328
neu: 0.5939199328422546
sad: 0.3833302855491638
hap: 0.022156981751322746
sad: 0.8716135025024414
neu: 0.11442740261554718
hap: 0.01382629293948412
sad: 0.7359991669654846
neu: 0.1939377635717392
hap: 0.06966789811849594
neu: 0.4568280279636383
sad: 0.32693612575531006
hap: 0.20190422236919403
neu: 0.7637590169906616
sad: 0.17191007733345032
hap: 0.06341521441936493
neu: 0.796970009803772
hap: 0.10960765182971954
sad: 0.08982188254594803
neu: 0.47389689087867737
hap: 0.2698132395744324
sad: 0.2559243142604828
neu: 0.4756369888782501
sad: 0.4714600145816803
hap: 0.04991481453180313
sad: 0.44101986289024353
neu: 0.375350683927536
hap: 0.1772935837507248
sad: 0.8487786650657654
hap: 0.11838643252849579
neu: 0.02978227660059929
sad: 0.8095359206199646
hap: 0.11333534121513367
neu: 0.07696140557527542
sad: 0.5475050806999207
neu: 0.27375566959381104
hap: 0.1754767894744873
sad: 0.6303776502609253
neu: 0.3005022406578064
hap: 0.06740421056747437
sad: 0.8475342988967896
neu: 0.10570640861988068
hap: 0.04355473816394806
sad: 0.7571933269500732
neu: 0.14936313033103943
hap: 0.09268447756767273
sad: 0.6480457186698914
neu: 0.1951587200164795
hap: 0.154567152261734
sad: 0.46709752082824707
neu: 0.3135831356048584
hap: 0.21784745156764984
sad: 0.9601946473121643
neu: 0.03597993403673172
hap: 0.0038101966492831707
sad: 0.5792132019996643
neu: 0.24852195382118225
hap: 0.17210915684700012
neu: 0.5775819420814514
sad: 0.3251478672027588
hap: 0.09614879637956619
neu: 0.6172336935997009
sad: 0.35228249430656433
hap: 0.030357368290424347
sad: 0.8528540730476379
neu: 0.13955684006214142
hap: 0.007254037540405989
hap: 0.42165735363960266
neu: 0.29767948389053345
sad: 0.2800653278827667
neu: 0.8559343218803406
hap: 0.08935943990945816
sad: 0.048995133489370346
sad: 0.5798415541648865
neu: 0.2626420259475708
hap: 0.146993026137352
sad: 0.7124761343002319
neu: 0.2336454689502716
hap: 0.04260716959834099
sad: 0.8905274868011475
neu: 0.08443377912044525
hap: 0.021922877058386803
neu: 0.4941539466381073
sad: 0.4268603026866913
hap: 0.07861319929361343
sad: 0.5220913290977478
neu: 0.2504880428314209
hap: 0.22337329387664795
sad: 0.6019647717475891
neu: 0.37112730741500854
hap: 0.026102660223841667
sad: 0.3837276101112366
neu: 0.3736000657081604
hap: 0.23902373015880585
neu: 0.7499909400939941
sad: 0.18714669346809387
hap: 0.06035299599170685
sad: 0.8975531458854675
neu: 0.0955604538321495
hap: 0.006703722290694714
sad: 0.5049625039100647
neu: 0.3923463821411133
hap: 0.10223711282014847
sad: 0.7831497192382812
neu: 0.2060721069574356
hap: 0.010249946266412735
sad: 0.8181008100509644
neu: 0.11970727890729904
hap: 0.062042202800512314
sad: 0.4634605944156647
hap: 0.26892292499542236
neu: 0.2652709484100342
neu: 0.47480031847953796
sad: 0.42337897419929504
hap: 0.09667818993330002
neu: 0.5106471180915833
sad: 0.24519799649715424
hap: 0.2428944855928421
sad: 0.5599840879440308
neu: 0.3766956627368927
hap: 0.06238026171922684
sad: 0.7924310564994812
neu: 0.18259955942630768
hap: 0.02377266436815262
neu: 0.5077342391014099
hap: 0.3449254333972931
sad: 0.14627958834171295
neu: 0.8379827737808228
sad: 0.10971268266439438
hap: 0.05121134966611862
sad: 0.5395168662071228
neu: 0.3814704120159149
hap: 0.07800224423408508
neu: 0.7362803816795349
sad: 0.16235876083374023
hap: 0.10062249004840851
sad: 0.7460880875587463
neu: 0.1822156310081482
hap: 0.07093758136034012
neu: 0.5069975852966309
sad: 0.35009774565696716
hap: 0.13862411677837372
neu: 0.6578197479248047
sad: 0.24599455296993256
hap: 0.09349415451288223
sad: 0.5363225340843201
neu: 0.4556519389152527
hap: 0.007319705560803413
sad: 0.60148686170578
hap: 0.2099238634109497
neu: 0.1537051796913147
sad: 0.7322630882263184
neu: 0.21689613163471222
hap: 0.05041923001408577
neu: 0.7042574882507324
hap: 0.1690385490655899
sad: 0.11446314305067062
neu: 0.9050116539001465
hap: 0.044671762734651566
sad: 0.03803858160972595
neu: 0.6187888979911804
sad: 0.27437058091163635
hap: 0.09881293028593063
neu: 0.6043200492858887
sad: 0.2045990228652954
hap: 0.18725556135177612
sad: 0.36634284257888794
neu: 0.3589162230491638
hap: 0.2733072340488434
sad: 0.6080924272537231
neu: 0.1941855251789093
hap: 0.19388915598392487
sad: 0.7455583214759827
neu: 0.19344578683376312
hap: 0.06061411276459694
neu: 0.8011638522148132
sad: 0.15407373011112213
hap: 0.03920837119221687
sad: 0.4188767373561859
neu: 0.4064907729625702
hap: 0.17152510583400726
neu: 0.6865574717521667
sad: 0.27608293294906616
hap: 0.035898394882678986
sad: 0.7249236702919006
neu: 0.22452251613140106
hap: 0.050184216350317
sad: 0.7572557330131531
neu: 0.1792830228805542
hap: 0.06331051141023636
neu: 0.7562516331672668
sad: 0.1340114027261734
hap: 0.10937727987766266
sad: 0.48739150166511536
neu: 0.4649195373058319
hap: 0.04763224720954895
neu: 0.6971596479415894
sad: 0.24413582682609558
hap: 0.05538978427648544
sad: 0.6140000224113464
neu: 0.3497406244277954
hap: 0.03499794751405716
neu: 0.5704357028007507
sad: 0.3972037434577942
hap: 0.02532101795077324
neu: 0.645176887512207
sad: 0.29665011167526245
hap: 0.05016550421714783
sad: 0.6950045228004456
neu: 0.2533952593803406
hap: 0.04956662282347679
neu: 0.6957462430000305
sad: 0.19092430174350739
hap: 0.10382040590047836
hap: 0.4577450454235077
neu: 0.3816069960594177
sad: 0.13666850328445435
neu: 0.368369996547699
hap: 0.33842733502388
sad: 0.27306750416755676
sad: 0.709540843963623
neu: 0.2284240573644638
hap: 0.05334365740418434
neu: 0.493671715259552
hap: 0.37022531032562256
sad: 0.1360803097486496
sad: 0.7710267901420593
neu: 0.2076086699962616
hap: 0.02130163088440895
neu: 0.5525925159454346
sad: 0.3806924521923065
hap: 0.06632499396800995
neu: 0.776709794998169
sad: 0.19640417397022247
hap: 0.025272216647863388
hap: 0.5275173187255859
neu: 0.37628111243247986
ang: 0.05017707496881485
neu: 0.5438727736473083
sad: 0.32957926392555237
hap: 0.12138814479112625
neu: 0.5430731177330017
hap: 0.20476016402244568
sad: 0.18788230419158936
neu: 0.46468573808670044
hap: 0.3939498960971832
sad: 0.14121875166893005
hap: 0.4664265513420105
sad: 0.42635372281074524
neu: 0.10703213512897491
neu: 0.6649157404899597
hap: 0.25201964378356934
sad: 0.06038922443985939
sad: 0.872387707233429
neu: 0.06705443561077118
hap: 0.060278747230768204
hap: 0.5164734721183777
sad: 0.38536882400512695
neu: 0.06928868591785431
neu: 0.46957141160964966
sad: 0.2708709239959717
hap: 0.2435818612575531
hap: 0.47205618023872375
neu: 0.31955617666244507
sad: 0.20442788302898407
neu: 0.4806007742881775
sad: 0.4473150968551636
hap: 0.07063677906990051
sad: 0.5699228644371033
neu: 0.4011175036430359
hap: 0.028935899958014488
sad: 0.6757524609565735
neu: 0.31008267402648926
hap: 0.014153964817523956
sad: 0.9667230844497681
neu: 0.016622448340058327
hap: 0.016249138861894608
neu: 0.459767609834671
hap: 0.2414977103471756
ang: 0.18354249000549316
sad: 0.7003180980682373
hap: 0.15997231006622314
neu: 0.12699024379253387
sad: 0.5830999612808228
neu: 0.404498428106308
hap: 0.01238928735256195
sad: 0.7969096302986145
neu: 0.18020302057266235
hap: 0.022881891578435898
neu: 0.74239182472229
sad: 0.2216658592224121
hap: 0.03424179181456566
sad: 0.5997287631034851
neu: 0.38043859601020813
hap: 0.019666364416480064
sad: 0.57524174451828
neu: 0.3207609951496124
hap: 0.09647863358259201
sad: 0.7039110660552979
neu: 0.27470704913139343
hap: 0.02130814827978611
neu: 0.6162073612213135
sad: 0.3671952784061432
hap: 0.016532307490706444
ang: 0.34550759196281433
hap: 0.2487429529428482
neu: 0.21484240889549255
sad: 0.5637016892433167
neu: 0.42393046617507935
hap: 0.012322601862251759
sad: 0.640390157699585
neu: 0.2906591594219208
hap: 0.06894803792238235
sad: 0.6333720088005066
neu: 0.3259255588054657
hap: 0.0406954288482666
sad: 0.5232236385345459
neu: 0.4700569808483124
hap: 0.006688456516712904
sad: 0.806266188621521
neu: 0.1919259876012802
hap: 0.001731336466036737
sad: 0.6766687035560608
neu: 0.29022884368896484
hap: 0.033096157014369965
ang: 0.6841523051261902
neu: 0.1885284036397934
hap: 0.06694768369197845
ang: 0.8562352657318115
sad: 0.06254177540540695
hap: 0.04244624450802803
neu: 0.4780646562576294
sad: 0.45441341400146484
hap: 0.06748347729444504
sad: 0.5350422263145447
neu: 0.30234330892562866
hap: 0.12163528054952621
neu: 0.5031629800796509
sad: 0.31981319189071655
hap: 0.1663988083600998
sad: 0.7792872786521912
neu: 0.16411016881465912
hap: 0.05342468246817589
sad: 0.7971463799476624
neu: 0.18441282212734222
hap: 0.018428979441523552
sad: 0.5511906743049622
neu: 0.40630635619163513
hap: 0.04248105362057686
neu: 0.8605591058731079
sad: 0.09953326731920242
hap: 0.03959373012185097
sad: 0.7576144933700562
neu: 0.23167933523654938
hap: 0.010622802190482616
neu: 0.5169198513031006
sad: 0.4489668607711792
hap: 0.03410457447171211
neu: 0.8993769884109497
sad: 0.08701472729444504
hap: 0.013578315265476704
neu: 0.5609734654426575
sad: 0.41218116879463196
hap: 0.025555307045578957
sad: 0.580223798751831
neu: 0.36608803272247314
hap: 0.05035312846302986
hap: 0.4331870377063751
neu: 0.32119572162628174
sad: 0.2070532888174057
hap: 0.4277363419532776
sad: 0.25543078780174255
ang: 0.1675015240907669
sad: 0.4908894896507263
neu: 0.4828699827194214
hap: 0.02571137621998787
sad: 0.6888701915740967
neu: 0.22596420347690582
hap: 0.08509831130504608
sad: 0.6477500796318054
neu: 0.336934894323349
hap: 0.01531295757740736
sad: 0.6493984460830688
neu: 0.27259066700935364
hap: 0.07800948619842529
sad: 0.8664211630821228
neu: 0.0916004553437233
hap: 0.04197748005390167
ang: 0.8552223443984985
neu: 0.12448277324438095
hap: 0.018959004431962967
neu: 0.48970726132392883
sad: 0.4545939266681671
hap: 0.05568956211209297
sad: 0.44547727704048157
neu: 0.2999613583087921
hap: 0.2446654886007309
sad: 0.4744412899017334
hap: 0.3210872709751129
neu: 0.19345180690288544
sad: 0.5193945169448853
neu: 0.4541436433792114
hap: 0.026451271027326584
sad: 0.6348015666007996
neu: 0.31138506531715393
hap: 0.053808312863111496
sad: 0.6569181084632874
hap: 0.2614682614803314
neu: 0.066140316426754
sad: 0.6168668270111084
neu: 0.3443191945552826
hap: 0.038789622485637665
sad: 0.7885242700576782
neu: 0.15121552348136902
hap: 0.06025621294975281
sad: 0.8393258452415466
neu: 0.13295753300189972
hap: 0.02636224403977394
neu: 0.9707111120223999
hap: 0.019311431795358658
sad: 0.009841294959187508
neu: 0.9052399396896362
hap: 0.0680103525519371
sad: 0.026745332404971123
neu: 0.696469247341156
sad: 0.25917813181877136
hap: 0.043531570583581924
hap: 0.4190389811992645
neu: 0.29597461223602295
sad: 0.27307143807411194
neu: 0.5474410057067871
sad: 0.3750409781932831
hap: 0.07749968767166138
neu: 0.7196477055549622
hap: 0.13447199761867523
ang: 0.08819250017404556
neu: 0.5888815522193909
sad: 0.3942238688468933
hap: 0.01688571833074093
sad: 0.8480403423309326
neu: 0.13181908428668976
hap: 0.020122984424233437
sad: 0.6296045780181885
neu: 0.33230867981910706
hap: 0.0371016263961792
sad: 0.8716531991958618
hap: 0.11844368278980255
neu: 0.009849507361650467
sad: 0.9810366630554199
hap: 0.015193048864603043
neu: 0.003762731561437249
sad: 0.4588790833950043
neu: 0.4401058256626129
hap: 0.0963783860206604
neu: 0.624989926815033
sad: 0.34727782011032104
hap: 0.027715014293789864
sad: 0.4861922264099121
hap: 0.3517228066921234
neu: 0.15970167517662048
neu: 0.536737322807312
sad: 0.3551162779331207
hap: 0.10805609822273254
ang: 0.7424107789993286
neu: 0.12868057191371918
hap: 0.10961386561393738
sad: 0.6446768045425415
neu: 0.3242970407009125
hap: 0.030618319287896156
sad: 0.5076829791069031
neu: 0.410149484872818
hap: 0.08184929192066193
sad: 0.699782133102417
neu: 0.27668771147727966
hap: 0.023525502532720566
sad: 0.611980140209198
neu: 0.3313772976398468
hap: 0.05663435533642769
sad: 0.833237886428833
neu: 0.15104049444198608
hap: 0.01572052203118801
sad: 0.6344860196113586
hap: 0.2714482247829437
neu: 0.0939888283610344
sad: 0.47367286682128906
neu: 0.45660680532455444
hap: 0.06907907873392105
sad: 0.4856414496898651
neu: 0.27393653988838196
hap: 0.12584522366523743
sad: 0.5967162251472473
hap: 0.24418455362319946
ang: 0.09655603766441345
neu: 0.5340197682380676
sad: 0.4334234893321991
hap: 0.03239768370985985
sad: 0.7529229521751404
neu: 0.22643597424030304
hap: 0.02062688209116459
neu: 0.5506092309951782
sad: 0.39183950424194336
hap: 0.05749135464429855
sad: 0.80680251121521
neu: 0.1770390421152115
hap: 0.016153817996382713
sad: 0.7726039290428162
neu: 0.22067707777023315
hap: 0.005886517930775881
neu: 0.853010892868042
sad: 0.12995752692222595
hap: 0.016989637166261673
neu: 0.6063393354415894
sad: 0.3889785408973694
hap: 0.003753007622435689
sad: 0.741367518901825
neu: 0.24130603671073914
hap: 0.017322765663266182
sad: 0.5819101333618164
neu: 0.3832172155380249
hap: 0.034833937883377075
sad: 0.7391467690467834
neu: 0.19895781576633453
hap: 0.0618932843208313
sad: 0.6426449418067932
hap: 0.19126766920089722
neu: 0.1534339040517807
sad: 0.7287424802780151
neu: 0.24775642156600952
hap: 0.023305902257561684
sad: 0.9242926239967346
neu: 0.055532682687044144
hap: 0.019983746111392975
sad: 0.5942286252975464
neu: 0.21485063433647156
hap: 0.1882953643798828
sad: 0.33338525891304016
neu: 0.3328213095664978
hap: 0.24593275785446167
neu: 0.7883399724960327
sad: 0.19389325380325317
hap: 0.01736355759203434
sad: 0.46790915727615356
neu: 0.43162426352500916
hap: 0.1004454717040062
sad: 0.5924570560455322
neu: 0.40214642882347107
hap: 0.005342384800314903
neu: 0.3856657147407532
sad: 0.3268212080001831
hap: 0.16079001128673553
sad: 0.8345130681991577
neu: 0.15918999910354614
hap: 0.006178424693644047
sad: 0.5164917707443237
neu: 0.42716726660728455
hap: 0.04704196751117706
neu: 0.5697712302207947
sad: 0.3888057768344879
hap: 0.02495003305375576
sad: 0.8710125088691711
neu: 0.12568847835063934
hap: 0.002069567097350955
sad: 0.5412377119064331
neu: 0.42341968417167664
hap: 0.019571280106902122
sad: 0.6434155702590942
neu: 0.3072764575481415
ang: 0.026083318516612053
neu: 0.5122683048248291
sad: 0.4033985733985901
hap: 0.0792122334241867
neu: 0.5063064694404602
sad: 0.4766814708709717
hap: 0.015494291670620441
sad: 0.3658154010772705
neu: 0.36172738671302795
hap: 0.1648981273174286
sad: 0.5661538243293762
neu: 0.25847625732421875
hap: 0.15369665622711182
sad: 0.554112434387207
neu: 0.3553338944911957
hap: 0.07996190339326859
sad: 0.6322561502456665
hap: 0.23208792507648468
neu: 0.13520227372646332
neu: 0.46916136145591736
hap: 0.36480244994163513
sad: 0.14442028105258942
neu: 0.45457136631011963
sad: 0.27890729904174805
hap: 0.16080696880817413
neu: 0.5266966819763184
sad: 0.42508813738822937
hap: 0.04772021621465683
sad: 0.8775364756584167
neu: 0.09637213498353958
hap: 0.026090051978826523
sad: 0.6626999378204346
neu: 0.31324759125709534
hap: 0.024047428742051125
sad: 0.6071546077728271
neu: 0.3652789294719696
hap: 0.0275491364300251
sad: 0.8216686248779297
neu: 0.16380532085895538
hap: 0.01451063808053732
sad: 0.7564845681190491
neu: 0.18604709208011627
hap: 0.05745741352438927
sad: 0.6023070812225342
neu: 0.36614400148391724
hap: 0.02750615030527115
sad: 0.666476845741272
neu: 0.32899168133735657
hap: 0.003956788685172796
sad: 0.7362328767776489
neu: 0.23537015914916992
hap: 0.024042362347245216
sad: 0.8417074680328369
neu: 0.1450495421886444
hap: 0.010240795090794563
sad: 0.5247746706008911
neu: 0.32362791895866394
hap: 0.10254453122615814
neu: 0.4580368101596832
sad: 0.3522041440010071
hap: 0.18242967128753662
sad: 0.7197341322898865
neu: 0.2680416405200958
hap: 0.01217623520642519
neu: 0.7038238048553467
sad: 0.2751714587211609
hap: 0.020814785733819008
sad: 0.7212811708450317
neu: 0.2535088360309601
hap: 0.021035367622971535
neu: 0.646604597568512
sad: 0.2658331096172333
hap: 0.08752620220184326
sad: 0.5915655493736267
neu: 0.3342229127883911
hap: 0.0735105350613594
sad: 0.6390705108642578
neu: 0.3145550787448883
hap: 0.046353816986083984
sad: 0.5012897849082947
neu: 0.31127429008483887
hap: 0.17973297834396362
ang: 0.5498632788658142
sad: 0.28127747774124146
hap: 0.1211199015378952
sad: 0.5615683197975159
neu: 0.3299865424633026
hap: 0.10843250155448914
sad: 0.6726135015487671
neu: 0.31680238246917725
hap: 0.010502652265131474
sad: 0.7536820769309998
neu: 0.2372717410326004
hap: 0.009040962904691696
sad: 0.6814855933189392
neu: 0.2787049412727356
hap: 0.039787184447050095
neu: 0.6869946718215942
sad: 0.2803099453449249
hap: 0.0322745107114315
neu: 0.5889445543289185
sad: 0.37814512848854065
hap: 0.032236192375421524
sad: 0.5517755150794983
neu: 0.4101897180080414
hap: 0.0370526947081089
neu: 0.4709489047527313
sad: 0.4617967903614044
hap: 0.06721314787864685
sad: 0.8605057001113892
neu: 0.125261589884758
hap: 0.014231780543923378
neu: 0.9027067422866821
sad: 0.08007115870714188
hap: 0.016961580142378807
sad: 0.8004565238952637
neu: 0.17618948221206665
hap: 0.020888883620500565
sad: 0.48305514454841614
neu: 0.27608412504196167
hap: 0.1955670565366745
hap: 0.558388888835907
neu: 0.2776149809360504
sad: 0.15878723561763763
sad: 0.5329861044883728
neu: 0.41337212920188904
ang: 0.030382275581359863
sad: 0.8686213493347168
neu: 0.0904887244105339
hap: 0.04079402983188629
hap: 0.3716987371444702
neu: 0.3422471284866333
sad: 0.2859310507774353
neu: 0.6318991780281067
sad: 0.34539559483528137
hap: 0.02246222086250782
sad: 0.8868177533149719
neu: 0.10338893532752991
hap: 0.009678097441792488
neu: 0.7259564399719238
sad: 0.24246518313884735
hap: 0.02970784157514572
sad: 0.734982967376709
neu: 0.24172663688659668
hap: 0.01665032096207142
sad: 0.6232816576957703
neu: 0.26135411858558655
hap: 0.1153559461236
sad: 0.6067562699317932
neu: 0.2014833241701126
hap: 0.19175468385219574
sad: 0.5626242160797119
neu: 0.39090022444725037
hap: 0.0464446134865284
neu: 0.5074768662452698
sad: 0.4740139842033386
hap: 0.013462644070386887
sad: 0.705146312713623
neu: 0.28003838658332825
hap: 0.01108577661216259
sad: 0.5331244468688965
hap: 0.2960662245750427
neu: 0.16844041645526886
sad: 0.4649515748023987
hap: 0.29322168231010437
neu: 0.24051834642887115
sad: 0.7021055221557617
hap: 0.17141368985176086
neu: 0.09266902506351471
sad: 0.5646400451660156
neu: 0.2913931906223297
hap: 0.1386118233203888
sad: 0.7818558216094971
neu: 0.15374833345413208
hap: 0.06367770582437515
neu: 0.6397890448570251
sad: 0.2810085415840149
hap: 0.06030631065368652
neu: 0.6194032430648804
hap: 0.19678254425525665
sad: 0.176791712641716
sad: 0.7131922841072083
neu: 0.2696802318096161
hap: 0.01710638962686062
sad: 0.5431067943572998
neu: 0.4024520516395569
hap: 0.05421227961778641
neu: 0.7442325353622437
hap: 0.19522926211357117
sad: 0.05886735022068024
neu: 0.793902575969696
sad: 0.13051126897335052
hap: 0.07166676223278046
neu: 0.4379572570323944
sad: 0.2964663803577423
hap: 0.2651079297065735
sad: 0.8165614604949951
neu: 0.1097412183880806
hap: 0.0551336444914341
ang: 0.9429320096969604
neu: 0.03003559820353985
hap: 0.014449487440288067
sad: 0.7973839044570923
neu: 0.19846230745315552
hap: 0.004131111316382885
neu: 0.5806352496147156
sad: 0.39931270480155945
hap: 0.01990215666592121
sad: 0.7371015548706055
neu: 0.2113485038280487
hap: 0.051548637449741364
sad: 0.8414536714553833
neu: 0.11466749012470245
hap: 0.043877653777599335
sad: 0.7454051971435547
neu: 0.22154554724693298
hap: 0.02375539392232895
sad: 0.9715119004249573
neu: 0.02786031924188137
hap: 0.0006255206535570323
sad: 0.6655951738357544
neu: 0.17922021448612213
hap: 0.09259341657161713
sad: 0.5320006012916565
neu: 0.4358164966106415
hap: 0.032154276967048645
sad: 0.7817930579185486
neu: 0.13804925978183746
hap: 0.0801558718085289
sad: 0.8080495595932007
neu: 0.15566641092300415
hap: 0.03628288954496384
sad: 0.8610324859619141
neu: 0.13070790469646454
hap: 0.008163352496922016
sad: 0.639511227607727
neu: 0.3429403305053711
hap: 0.016371896490454674
sad: 0.47352948784828186
neu: 0.46451759338378906
hap: 0.05859264358878136
sad: 0.6779932975769043
neu: 0.2883521616458893
hap: 0.03322872146964073
sad: 0.5776124000549316
neu: 0.40640661120414734
hap: 0.015954364091157913
sad: 0.6543107628822327
neu: 0.31076255440711975
hap: 0.03442172333598137
sad: 0.6597872972488403
neu: 0.3202338218688965
hap: 0.01695151813328266
sad: 0.672083854675293
neu: 0.303648442029953
hap: 0.02172653004527092
sad: 0.6744067072868347
neu: 0.26618534326553345
hap: 0.03291277959942818
sad: 0.7638001441955566
neu: 0.226263165473938
hap: 0.009614701382815838
sad: 0.786781370639801
neu: 0.19866463541984558
hap: 0.014544250443577766
neu: 0.6489890813827515
hap: 0.22283761203289032
sad: 0.12773212790489197
neu: 0.8621795773506165
sad: 0.07638507336378098
hap: 0.061392977833747864
neu: 0.9076786637306213
sad: 0.046723622828722
hap: 0.044607143849134445
neu: 0.4863532483577728
sad: 0.48066678643226624
hap: 0.03282780945301056
neu: 0.9044979810714722
hap: 0.09246505051851273
sad: 0.0030305192340165377
neu: 0.9087377190589905
sad: 0.058854397386312485
hap: 0.03180742263793945
neu: 0.5257838368415833
sad: 0.46253129839897156
hap: 0.011425325646996498
neu: 0.7428864240646362
sad: 0.15124182403087616
hap: 0.10188999027013779
sad: 0.6393758058547974
neu: 0.3305126428604126
hap: 0.03010355494916439
sad: 0.7681586146354675
neu: 0.1604369580745697
hap: 0.07139910012483597
sad: 0.6736195087432861
neu: 0.2503955364227295
hap: 0.05998722463846207
sad: 0.5616294741630554
neu: 0.4164995849132538
hap: 0.015899598598480225
sad: 0.7093795537948608
neu: 0.25342321395874023
hap: 0.033587247133255005
neu: 0.5367711782455444
sad: 0.43940645456314087
hap: 0.021155769005417824
neu: 0.5319210290908813
sad: 0.4388542175292969
hap: 0.029209628701210022
sad: 0.662477970123291
neu: 0.2861831784248352
hap: 0.05133645609021187
sad: 0.5185756087303162
neu: 0.36623290181159973
hap: 0.10892952233552933
sad: 0.6488738059997559
neu: 0.19991275668144226
hap: 0.1416831612586975
sad: 0.7776446342468262
neu: 0.21149788796901703
hap: 0.010699187405407429
sad: 0.7082670331001282
neu: 0.2768794298171997
hap: 0.014828533865511417
sad: 0.677165150642395
neu: 0.31036287546157837
hap: 0.010565106756985188
sad: 0.6032458543777466
neu: 0.2436922788619995
hap: 0.1530541479587555
sad: 0.6991227865219116
neu: 0.28764474391937256
hap: 0.013224451802670956
neu: 0.4949008524417877
sad: 0.43795040249824524
hap: 0.06714297831058502
sad: 0.8471841216087341
neu: 0.09031486511230469
hap: 0.0625000074505806
sad: 0.8403528332710266
neu: 0.1516341269016266
hap: 0.008001400157809258
sad: 0.5395826697349548
neu: 0.4423257112503052
hap: 0.018081121146678925
sad: 0.5783753395080566
neu: 0.3382525146007538
hap: 0.08336327224969864
neu: 0.41333168745040894
sad: 0.31570830941200256
hap: 0.26844322681427
sad: 0.7087746858596802
neu: 0.26644790172576904
hap: 0.024751681834459305
sad: 0.6491494178771973
neu: 0.33407101035118103
hap: 0.010783221572637558
sad: 0.7033358812332153
neu: 0.26641350984573364
hap: 0.026065988466143608
sad: 0.6054777503013611
neu: 0.3824470341205597
hap: 0.01154332049190998
neu: 0.6287519931793213
sad: 0.3180847764015198
hap: 0.05308789759874344
sad: 0.7626681327819824
neu: 0.1937018185853958
hap: 0.04362909495830536
sad: 0.42182424664497375
neu: 0.291218101978302
hap: 0.23358285427093506
sad: 0.7534123659133911
neu: 0.22600270807743073
hap: 0.020580507814884186
sad: 0.7302514910697937
neu: 0.24678051471710205
hap: 0.022966857999563217
sad: 0.8280513286590576
neu: 0.10725722461938858
hap: 0.06469050794839859
sad: 0.7742429971694946
neu: 0.18609389662742615
hap: 0.039661601185798645
sad: 0.8231549263000488
neu: 0.09286192804574966
hap: 0.08398225158452988
sad: 0.8523194193840027
neu: 0.09830320626497269
hap: 0.049375928938388824
sad: 0.7808491587638855
neu: 0.1556825190782547
hap: 0.0634675994515419
sad: 0.6841138601303101
neu: 0.2306700497865677
hap: 0.08521437644958496
sad: 0.8330711126327515
neu: 0.15665000677108765
hap: 0.010271486826241016
sad: 0.8691011071205139
neu: 0.11236518621444702
hap: 0.018531356006860733
sad: 0.8531675934791565
neu: 0.10552533715963364
hap: 0.041305482387542725
sad: 0.7712452411651611
neu: 0.21476881206035614
hap: 0.01398425828665495
sad: 0.885644257068634
neu: 0.10291686654090881
hap: 0.011437338776886463
sad: 0.9402827024459839
neu: 0.042124319821596146
hap: 0.017591344192624092
sad: 0.8864775896072388
neu: 0.10384568572044373
hap: 0.00967579334974289
sad: 0.7914934754371643
neu: 0.18847274780273438
hap: 0.02002902328968048
sad: 0.6784641146659851
neu: 0.2744087278842926
hap: 0.04710999131202698
sad: 0.7626028060913086
neu: 0.15266546607017517
hap: 0.08472789824008942
sad: 0.6611914038658142
neu: 0.3305228650569916
hap: 0.00813268031924963
sad: 0.8032760620117188
neu: 0.1706131398677826
hap: 0.026108745485544205
sad: 0.7758480310440063
neu: 0.179896742105484
hap: 0.04425286501646042
sad: 0.8739621639251709
neu: 0.10237909108400345
hap: 0.02365722879767418
sad: 0.878484845161438
neu: 0.1139427125453949
hap: 0.007566504180431366
sad: 0.7655787467956543
neu: 0.18955358862876892
hap: 0.04486580938100815
sad: 0.8585125803947449
neu: 0.12205100804567337
hap: 0.019429799169301987
sad: 0.7537110447883606
neu: 0.19863161444664001
hap: 0.047655560076236725
