neutral: 77.23261260986328
neutral: 81.53343963623047
fear: 59.77394104003906
neutral: 47.44986343383789
neutral: 99.96526336669922
neutral: 92.02606964111328
neutral: 67.21003723144531
sad: 98.06092834472656
neutral: 59.841163635253906
sad: 82.54685974121094
neutral: 67.28369140625
neutral: 79.25978088378906
neutral: 74.60042572021484
fear: 75.54953002929688
neutral: 88.30006408691406
neutral: 91.50732421875
fear: 46.00654983520508
fear: 78.7520980834961
happy: 94.129150390625
neutral: 80.16893005371094
neutral: 50.20199966430664
fear: 50.47816467285156
happy: 60.779788970947266
neutral: 90.06033325195312
neutral: 58.383628845214844
neutral: 88.05487060546875
neutral: 87.0992202758789
neutral: 89.61729431152344
neutral: 85.4054946899414
neutral: 75.53466033935547
neutral: 94.30620574951172
neutral: 65.58464813232422
neutral: 88.71502685546875
neutral: 75.25849914550781
neutral: 75.86913299560547
neutral: 90.48369598388672
neutral: 81.46849060058594
neutral: 82.93505859375
neutral: 97.20262145996094
neutral: 46.91767120361328
sad: 56.084739685058594
sad: 99.75833892822266
neutral: 99.97856903076172
sad: 90.79019165039062
fear: 35.5881233215332
sad: 87.76180267333984
sad: 48.63801956176758
sad: 96.43366241455078
sad: 50.253334045410156
sad: 76.55403900146484
sad: 53.982669830322266
fear: 76.03326416015625
neutral: 69.98027801513672
fear: 97.21265411376953
fear: 78.26351928710938
sad: 95.17362976074219
angry: 40.087860107421875
sad: 99.8748779296875
sad: 99.56268310546875
sad: 86.59601593017578
neutral: 98.48485565185547
sad: 98.89224243164062
sad: 99.49531555175781
sad: 99.58392333984375
sad: 98.83443450927734
sad: 98.45865631103516
sad: 85.3173599243164
sad: 87.17308044433594
sad: 80.50359344482422
sad: 83.8017578125
sad: 97.15774536132812
sad: 93.32902526855469
sad: 98.5688247680664
sad: 81.57550048828125
fear: 86.32489776611328
fear: 79.34738159179688
fear: 81.09876251220703
fear: 87.93989562988281
fear: 78.87688446044922
fear: 57.00190734863281
fear: 78.26509094238281
fear: 73.59391021728516
fear: 86.78539276123047
sad: 50.76756286621094
fear: 59.541927337646484
fear: 92.30064392089844
fear: 77.572265625
neutral: 74.20516967773438
sad: 57.87101364135742
fear: 55.024295806884766
sad: 39.97874450683594
fear: 99.84088897705078
sad: 96.02581787109375
fear: 87.5631332397461
fear: 68.44509887695312
fear: 64.75898742675781
fear: 97.9804916381836
sad: 84.97003936767578
sad: 63.63994598388672
sad: 87.15077209472656
neutral: 95.19503021240234
sad: 86.25318908691406
sad: 64.5204086303711
sad: 94.65987396240234
neutral: 87.65977478027344
fear: 65.09368133544922
neutral: 82.17356872558594
fear: 55.19265365600586
neutral: 67.53026580810547
neutral: 88.12027740478516
fear: 61.26931381225586
sad: 53.70439910888672
sad: 99.94129180908203
sad: 99.97540283203125
fear: 64.60765075683594
neutral: 99.99996948242188
fear: 43.91563034057617
fear: 38.982059478759766
fear: 47.79584884643555
fear: 77.17318725585938
sad: 65.40264129638672
sad: 67.23434448242188
sad: 63.95983123779297
sad: 62.79189682006836
sad: 71.57334899902344
fear: 67.92951965332031
sad: 58.08987808227539
sad: 93.5275650024414
sad: 98.17147064208984
sad: 82.93045043945312
sad: 67.6310806274414
neutral: 60.26522445678711
sad: 32.6877555847168
neutral: 65.59725189208984
fear: 69.84449768066406
sad: 98.2428207397461
sad: 78.83940124511719
sad: 71.84569549560547
sad: 72.18833923339844
neutral: 73.09871673583984
neutral: 52.97282409667969
sad: 59.39628601074219
sad: 98.03923797607422
sad: 97.94636535644531
sad: 48.37309265136719
neutral: 82.03370666503906
neutral: 85.51830291748047
fear: 52.21260070800781
fear: 81.43041229248047
fear: 70.12376403808594
fear: 57.831912994384766
sad: 55.306602478027344
sad: 75.38251495361328
neutral: 93.05876922607422
neutral: 63.0373420715332
neutral: 79.6773910522461
angry: 99.40483093261719
fear: 48.115108489990234
neutral: 72.59724426269531
sad: 99.99110412597656
sad: 93.40586853027344
angry: 49.266502380371094
angry: 42.73783874511719
sad: 83.00690460205078
sad: 66.6501235961914
sad: 55.11436462402344
sad: 55.34889602661133
happy: 65.88381958007812
neutral: 80.74751281738281
sad: 90.07266998291016
happy: 81.94506072998047
neutral: 56.42561721801758
sad: 93.1415786743164
fear: 74.65560150146484
neutral: 71.48089599609375
neutral: 60.06175994873047
neutral: 68.47612762451172
neutral: 92.12399291992188
fear: 97.52806091308594
neutral: 65.44795227050781
neutral: 87.16481018066406
neutral: 97.85771942138672
neutral: 97.99032592773438
neutral: 99.34664154052734
neutral: 99.56455993652344
neutral: 92.96588134765625
fear: 79.23548889160156
happy: 46.139076232910156
fear: 69.19800567626953
happy: 69.86681365966797
neutral: 70.92929077148438
neutral: 71.34361267089844
neutral: 81.82354736328125
neutral: 66.34747314453125
neutral: 54.34259796142578
neutral: 77.4511947631836
neutral: 99.73759460449219
neutral: 98.14116668701172
neutral: 60.53134536743164
neutral: 91.06857299804688
neutral: 48.424495697021484
neutral: 95.6337661743164
neutral: 94.92536163330078
neutral: 46.01920700073242
sad: 71.12135314941406
neutral: 82.81793212890625
neutral: 40.2680778503418
neutral: 83.62628936767578
neutral: 80.12689208984375
neutral: 73.19536590576172
fear: 90.73699951171875
neutral: 86.02088165283203
fear: 46.61602783203125
neutral: 47.27609634399414
neutral: 50.42473602294922
neutral: 39.72865676879883
neutral: 70.47327423095703
fear: 38.82805252075195
fear: 53.791629791259766
fear: 54.04195785522461
neutral: 36.419227600097656
neutral: 58.659671783447266
neutral: 78.51466369628906
fear: 67.45111083984375
neutral: 98.54146575927734
neutral: 49.95356750488281
neutral: 99.70682525634766
neutral: 98.13589477539062
neutral: 95.44739532470703
neutral: 79.7351303100586
happy: 52.04818344116211
neutral: 83.73531341552734
sad: 55.33786392211914
fear: 97.7473373413086
happy: 79.57929229736328
sad: 89.83839416503906
sad: 82.10885620117188
sad: 87.90889739990234
sad: 81.05526733398438
fear: 89.50897216796875
sad: 97.40409851074219
fear: 98.50521087646484
sad: 77.68983459472656
sad: 58.407562255859375
neutral: 76.69613647460938
neutral: 84.98763275146484
neutral: 85.22877502441406
neutral: 75.6397476196289
fear: 89.82463073730469
neutral: 39.285011291503906
neutral: 96.89892578125
neutral: 90.21257019042969
neutral: 95.13433074951172
neutral: 90.84904479980469
neutral: 92.25841522216797
neutral: 88.02243041992188
fear: 97.57864379882812
neutral: 66.57728576660156
happy: 46.453189849853516
fear: 51.86136245727539
neutral: 75.29962921142578
happy: 77.22669982910156
fear: 65.48633575439453
neutral: 47.079803466796875
neutral: 76.57440948486328
sad: 56.312744140625
fear: 65.26642608642578
fear: 54.875221252441406
neutral: 65.15066528320312
happy: 52.20055389404297
fear: 61.74954605102539
neutral: 48.50040054321289
fear: 29.901029586791992
fear: 62.444313049316406
sad: 73.37625122070312
fear: 55.55952072143555
sad: 98.8028564453125
happy: 99.08272552490234
happy: 95.66185760498047
happy: 90.83726501464844
sad: 51.26359558105469
sad: 43.292381286621094
sad: 99.02274322509766
sad: 80.94441223144531
fear: 51.9006233215332
neutral: 99.872314453125
sad: 99.37338256835938
sad: 97.10987854003906
sad: 99.51991271972656
sad: 93.32742309570312
neutral: 99.96281433105469
neutral: 86.16958618164062
neutral: 99.68204498291016
neutral: 61.456390380859375
sad: 99.05955505371094
fear: 67.00932312011719
fear: 60.491031646728516
fear: 91.19998168945312
neutral: 77.54895782470703
sad: 58.965423583984375
neutral: 99.81979370117188
neutral: 98.51461791992188
neutral: 98.09268951416016
neutral: 93.33893585205078
neutral: 98.23412322998047
neutral: 94.40742492675781
neutral: 97.87701416015625
neutral: 96.01009368896484
neutral: 99.2684555053711
neutral: 99.62191009521484
fear: 56.935001373291016
neutral: 99.82817077636719
neutral: 99.41012573242188
neutral: 99.46583557128906
neutral: 99.6869888305664
fear: 88.11325073242188
fear: 69.60954284667969
sad: 75.83755493164062
sad: 48.13706588745117
neutral: 64.87806701660156
sad: 92.59449005126953
sad: 85.8816146850586
sad: 66.44441986083984
happy: 99.82756042480469
fear: 72.38642883300781
sad: 99.94933319091797
neutral: 45.61310577392578
sad: 92.11925506591797
sad: 76.70004272460938
sad: 62.28179168701172
sad: 66.73197937011719
angry: 58.434532165527344
angry: 72.44583892822266
fear: 41.55839920043945
fear: 86.70584869384766
sad: 61.33561325073242
fear: 50.43791580200195
fear: 69.4696273803711
fear: 67.86952209472656
fear: 50.00163650512695
happy: 99.63815307617188
happy: 47.3414421081543
neutral: 52.67274856567383
neutral: 99.68512725830078
sad: 67.34848022460938
sad: 52.19682312011719
sad: 67.96951293945312
sad: 69.70232391357422
sad: 86.7791748046875
angry: 32.387027740478516
sad: 80.58622741699219
sad: 99.98197937011719
sad: 97.22313690185547
sad: 90.02842712402344
neutral: 99.9953842163086
happy: 99.99513244628906
happy: 99.78535461425781
happy: 67.24967956542969
happy: 88.44715881347656
sad: 48.00579071044922
sad: 51.762939453125
angry: 42.22511672973633
neutral: 66.00814056396484
sad: 80.08755493164062
angry: 64.00132751464844
fear: 62.16246032714844
fear: 61.115291595458984
fear: 88.99768829345703
neutral: 48.84075927734375
sad: 42.3669319152832
fear: 49.86201477050781
neutral: 99.52875518798828
neutral: 97.4742202758789
neutral: 99.63800048828125
fear: 52.87356185913086
fear: 51.204681396484375
surprise: 44.62410354614258
neutral: 54.3612060546875
fear: 73.43527221679688
fear: 85.30794525146484
fear: 88.55169677734375
sad: 44.08210372924805
fear: 69.8464126586914
sad: 98.24739074707031
fear: 57.046905517578125
fear: 72.39667510986328
fear: 59.73963165283203
fear: 38.2884407043457
fear: 58.448333740234375
neutral: 71.1446533203125
fear: 49.56730270385742
fear: 83.23823547363281
fear: 91.91783905029297
fear: 47.2982292175293
fear: 70.33927154541016
fear: 46.031246185302734
neutral: 78.22289276123047
neutral: 74.80227661132812
neutral: 79.79784393310547
fear: 53.124183654785156
sad: 38.654850006103516
sad: 89.4521713256836
sad: 74.32183837890625
sad: 74.21063995361328
sad: 77.7205810546875
sad: 53.82270050048828
sad: 54.32353973388672
sad: 96.1941146850586
neutral: 99.98503875732422
neutral: 99.93556213378906
neutral: 94.01654815673828
neutral: 99.68882751464844
neutral: 97.83135223388672
fear: 99.81573486328125
fear: 97.77845764160156
fear: 99.49044036865234
neutral: 99.9990463256836
sad: 83.02391815185547
neutral: 99.99974822998047
neutral: 99.982666015625
happy: 93.2857894897461
sad: 95.12580108642578
sad: 98.646728515625
sad: 87.60801696777344
neutral: 47.628578186035156
sad: 89.1783676147461
sad: 48.8538818359375
fear: 48.398651123046875
sad: 35.897884368896484
neutral: 62.261688232421875
fear: 61.0138053894043
fear: 61.01439666748047
sad: 34.3134651184082
happy: 70.80857849121094
fear: 98.92520904541016
neutral: 48.14596176147461
fear: 86.36402893066406
neutral: 64.65923309326172
sad: 82.2999496459961
sad: 75.44705200195312
sad: 83.1956787109375
sad: 53.41399383544922
sad: 86.52385711669922
sad: 93.04386901855469
fear: 84.2885971069336
fear: 40.182640075683594
neutral: 86.93122863769531
fear: 81.44462585449219
neutral: 77.25169372558594
neutral: 99.16212463378906
sad: 88.18518829345703
sad: 66.47488403320312
angry: 45.230709075927734
angry: 42.989044189453125
angry: 43.169395446777344
sad: 42.8378791809082
sad: 65.2758560180664
sad: 96.5267562866211
sad: 98.54669189453125
sad: 69.72675323486328
fear: 77.86678314208984
fear: 84.80873107910156
neutral: 51.173980712890625
sad: 98.88139343261719
neutral: 89.06283569335938
sad: 93.0556640625
neutral: 51.79686737060547
neutral: 52.068416595458984
fear: 73.97837829589844
neutral: 83.61033630371094
neutral: 83.24769592285156
neutral: 95.07110595703125
neutral: 77.66355895996094
fear: 47.43321990966797
neutral: 63.973812103271484
neutral: 72.13577270507812
neutral: 97.9561996459961
neutral: 86.34303283691406
neutral: 97.52743530273438
neutral: 49.21127700805664
neutral: 37.05332946777344
neutral: 95.28970336914062
sad: 70.01778411865234
neutral: 94.29971313476562
fear: 64.83489227294922
neutral: 38.587913513183594
neutral: 51.80965042114258
fear: 75.9363021850586
sad: 82.34600067138672
neutral: 69.64385986328125
sad: 74.44114685058594
sad: 55.66551208496094
sad: 97.29220581054688
sad: 99.21147918701172
sad: 29.390493392944336
fear: 69.26631164550781
sad: 74.69950866699219
sad: 99.1712417602539
sad: 90.42606353759766
sad: 63.521446228027344
neutral: 97.11409759521484
sad: 98.44868469238281
angry: 54.15032958984375
angry: 50.86054992675781
sad: 58.061973571777344
angry: 41.674720764160156
sad: 56.80404281616211
angry: 32.889137268066406
surprise: 59.83501434326172
sad: 74.44989013671875
sad: 51.09867858886719
fear: 56.07467269897461
neutral: 47.99293899536133
fear: 57.660972595214844
neutral: 98.7183837890625
neutral: 99.1492919921875
neutral: 99.4556655883789
neutral: 99.05512237548828
fear: 64.06566619873047
neutral: 99.57035064697266
neutral: 62.446922302246094
sad: 86.49200439453125
neutral: 49.89940643310547
fear: 48.620018005371094
fear: 42.4365119934082
fear: 52.3475341796875
fear: 63.68197250366211
fear: 67.91009521484375
fear: 81.77323913574219
fear: 70.85848236083984
fear: 68.27821350097656
fear: 78.72457122802734
happy: 73.00396728515625
neutral: 91.83944702148438
neutral: 90.15363311767578
neutral: 64.06521606445312
neutral: 36.08914566040039
neutral: 75.45746612548828
fear: 39.2138786315918
fear: 56.96387481689453
neutral: 66.91304016113281
sad: 82.06189727783203
fear: 44.37805938720703
neutral: 61.92308044433594
sad: 78.81124877929688
sad: 55.439388275146484
sad: 99.94363403320312
sad: 99.72341918945312
sad: 99.76502990722656
angry: 64.24119567871094
sad: 76.34365844726562
angry: 64.80210876464844
neutral: 39.60908508300781
fear: 62.07481384277344
fear: 74.3033218383789
fear: 74.54521942138672
fear: 76.26802825927734
fear: 74.98101043701172
fear: 56.432769775390625
fear: 63.241676330566406
fear: 51.58942413330078
fear: 46.73674774169922
fear: 36.340824127197266
neutral: 47.23670959472656
angry: 35.72903060913086
sad: 55.95525360107422
fear: 50.93061065673828
fear: 85.58300018310547
neutral: 94.05086517333984
fear: 56.570960998535156
neutral: 75.94705200195312
neutral: 87.44792938232422
fear: 49.267967224121094
neutral: 64.40218353271484
neutral: 85.79805755615234
fear: 53.99506759643555
fear: 46.33658218383789
neutral: 95.49772644042969
neutral: 76.88055419921875
neutral: 78.29042053222656
neutral: 55.29200744628906
fear: 42.89072799682617
neutral: 99.77840423583984
neutral: 98.72286224365234
neutral: 99.9580307006836
neutral: 99.27118682861328
neutral: 93.95292663574219
neutral: 82.10636901855469
neutral: 94.00083923339844
sad: 99.9525375366211
sad: 99.93941497802734
sad: 99.97219848632812
sad: 99.94119262695312
sad: 99.14286804199219
sad: 99.89249420166016
sad: 99.96864318847656
neutral: 89.78113555908203
neutral: 96.22393035888672
sad: 77.82856750488281
sad: 79.87210845947266
fear: 51.65419006347656
fear: 46.07379913330078
neutral: 63.60131072998047
fear: 51.02174758911133
neutral: 53.0467529296875
neutral: 34.93643569946289
sad: 88.28083801269531
neutral: 43.54850387573242
neutral: 59.98179244995117
fear: 41.59699249267578
neutral: 81.02752685546875
neutral: 43.746612548828125
neutral: 85.97489929199219
neutral: 69.77692413330078
neutral: 97.63126373291016
neutral: 70.77690887451172
neutral: 94.13216400146484
neutral: 74.4963607788086
neutral: 98.71781921386719
sad: 76.41278839111328
neutral: 99.4970932006836
sad: 99.87537384033203
sad: 99.78231811523438
sad: 99.90345764160156
sad: 96.71988677978516
sad: 96.74846649169922
sad: 95.80879211425781
sad: 96.59357452392578
sad: 97.8006591796875
sad: 95.68646240234375
sad: 94.08240509033203
sad: 94.23641204833984
sad: 96.9952163696289
sad: 82.61849212646484
sad: 97.60784149169922
sad: 95.76795959472656
sad: 89.49262237548828
sad: 89.2867660522461
sad: 94.67168426513672
sad: 83.89960479736328
neutral: 65.38673400878906
sad: 82.25765991210938
sad: 49.23796081542969
fear: 69.91477966308594
sad: 99.93040466308594
sad: 99.95883178710938
sad: 99.1003189086914
neutral: 76.69872283935547
neutral: 60.32573699951172
sad: 92.77922821044922
sad: 98.90601348876953
sad: 99.95836639404297
sad: 99.94359588623047
sad: 99.55514526367188
sad: 99.93602752685547
sad: 99.9905776977539
sad: 78.43775177001953
sad: 99.86051940917969
sad: 97.64146423339844
sad: 99.69190979003906
fear: 58.511531829833984
neutral: 49.671409606933594
fear: 85.77632904052734
fear: 86.01652526855469
sad: 96.7159194946289
sad: 90.38201904296875
fear: 96.72027587890625
sad: 73.87832641601562
sad: 83.29518127441406
sad: 87.45660400390625
happy: 98.33157348632812
happy: 99.45791625976562
neutral: 96.799072265625
happy: 83.72367858886719
happy: 64.81898498535156
happy: 85.96047973632812
happy: 97.49092102050781
happy: 99.90107727050781
happy: 98.8824462890625
neutral: 55.230838775634766
sad: 99.31475067138672
happy: 96.0985336303711
neutral: 44.40447235107422
sad: 66.7415771484375
neutral: 76.90824127197266
neutral: 56.77153396606445
sad: 72.2083969116211
sad: 51.25401306152344
sad: 96.34013366699219
sad: 84.66796112060547
sad: 92.4760971069336
sad: 96.26720428466797
neutral: 99.59237670898438
sad: 75.2140884399414
neutral: 68.27762603759766
fear: 96.73148345947266
sad: 91.21910095214844
sad: 74.18824768066406
sad: 80.19648742675781
sad: 80.62519836425781
sad: 98.66571807861328
sad: 98.49876403808594
sad: 90.69340515136719
sad: 99.25859832763672
neutral: 82.43746948242188
sad: 68.13371276855469
fear: 95.18992614746094
sad: 96.49634552001953
sad: 70.24901580810547
sad: 50.76206970214844
sad: 96.56517028808594
sad: 65.70075988769531
sad: 56.01219940185547
sad: 80.72184753417969
sad: 65.56587219238281
surprise: 59.79800796508789
fear: 99.85269165039062
fear: 56.80739212036133
fear: 88.5926284790039
fear: 77.33604431152344
sad: 43.857059478759766
fear: 88.04877471923828
sad: 82.63864135742188
sad: 59.740692138671875
fear: 57.781646728515625
neutral: 55.9095573425293
fear: 50.55938720703125
neutral: 55.68600845336914
angry: 93.26277923583984
sad: 81.40682220458984
sad: 70.43809509277344
sad: 78.0459976196289
sad: 77.22111511230469
sad: 42.40184020996094
sad: 90.60773468017578
sad: 96.13941955566406
sad: 98.35443878173828
neutral: 77.19788360595703
neutral: 69.51652526855469
neutral: 36.59723663330078
neutral: 59.845035552978516
neutral: 35.91688537597656
neutral: 49.47864532470703
neutral: 51.657623291015625
neutral: 58.62544250488281
neutral: 44.874229431152344
