fear: 40.183677673339844
fear: 65.1407470703125
neutral: 44.85918045043945
sad: 29.913105010986328
fear: 80.51683044433594
fear: 72.93624114990234
neutral: 38.90067672729492
happy: 99.9964599609375
fear: 48.99983215332031
fear: 91.35531616210938
fear: 98.26490020751953
fear: 90.96976470947266
fear: 46.06561279296875
neutral: 51.43219757080078
neutral: 66.3702163696289
neutral: 83.61093139648438
neutral: 37.04603958129883
neutral: 71.97355651855469
sad: 83.03072357177734
sad: 83.16403198242188
sad: 51.61806869506836
sad: 59.25349426269531
fear: 64.4312744140625
sad: 51.49693298339844
happy: 93.56207275390625
fear: 99.7691421508789
neutral: 54.703285217285156
neutral: 74.8101806640625
neutral: 83.877685546875
neutral: 64.49239349365234
sad: 98.94894409179688
sad: 99.95682525634766
sad: 99.8603515625
sad: 99.89779663085938
neutral: 85.7441177368164
neutral: 79.87553405761719
sad: 78.90986633300781
sad: 37.45600128173828
fear: 51.105712890625
fear: 43.359169006347656
fear: 49.814640045166016
fear: 43.58663558959961
fear: 76.39549255371094
neutral: 55.04344177246094
neutral: 50.49138641357422
neutral: 84.98158264160156
fear: 69.33619689941406
fear: 99.77681732177734
neutral: 84.11550903320312
neutral: 74.76609802246094
neutral: 57.78508758544922
sad: 92.87881469726562
neutral: 44.36690139770508
neutral: 78.31874084472656
fear: 88.84415435791016
neutral: 87.35372161865234
neutral: 62.696388244628906
neutral: 87.62698364257812
neutral: 73.60289001464844
neutral: 56.85183334350586
neutral: 63.76353073120117
fear: 86.44293975830078
sad: 57.458290100097656
happy: 56.576385498046875
neutral: 99.44326782226562
neutral: 99.4482650756836
neutral: 99.54756927490234
fear: 70.6411361694336
neutral: 99.88665771484375
neutral: 99.1418228149414
neutral: 96.65291595458984
neutral: 92.97821044921875
neutral: 74.31426239013672
fear: 44.267887115478516
neutral: 98.51729583740234
neutral: 83.21969604492188
fear: 42.926422119140625
fear: 58.86545944213867
neutral: 87.96460723876953
neutral: 97.87193298339844
neutral: 80.41172790527344
neutral: 87.31346130371094
neutral: 83.9266586303711
fear: 76.94599914550781
neutral: 80.82178497314453
fear: 97.48818969726562
fear: 94.84606170654297
neutral: 51.38530731201172
fear: 42.466854095458984
neutral: 85.62700653076172
fear: 97.07972717285156
angry: 91.7369155883789
fear: 39.13703155517578
fear: 82.11133575439453
fear: 54.95147705078125
neutral: 39.69717788696289
sad: 79.36648559570312
sad: 81.02162170410156
neutral: 69.61772155761719
sad: 99.88017272949219
sad: 99.98038482666016
sad: 87.2386703491211
neutral: 56.74101638793945
sad: 40.86500930786133
neutral: 37.07910919189453
sad: 92.62873840332031
fear: 39.5089225769043
angry: 99.55801391601562
fear: 81.02912902832031
fear: 99.9953842163086
fear: 94.19038391113281
fear: 99.93028259277344
fear: 99.99061584472656
fear: 99.99642944335938
sad: 56.497169494628906
fear: 65.16744995117188
sad: 56.532073974609375
sad: 52.36627960205078
neutral: 91.64405822753906
neutral: 57.909297943115234
neutral: 97.89765930175781
sad: 70.7459716796875
fear: 70.76691436767578
angry: 86.24195098876953
sad: 79.61182403564453
sad: 99.75450897216797
sad: 99.58290100097656
sad: 99.68377685546875
sad: 99.39138793945312
sad: 99.65652465820312
sad: 65.88542938232422
neutral: 78.27920532226562
neutral: 55.290977478027344
sad: 65.72149658203125
neutral: 92.03678894042969
sad: 44.083621978759766
sad: 51.006202697753906
neutral: 51.37779235839844
sad: 98.56129455566406
sad: 87.66422271728516
neutral: 99.83139038085938
sad: 91.29043579101562
happy: 57.610755920410156
neutral: 78.00890350341797
sad: 99.17327117919922
fear: 84.4531478881836
neutral: 86.95067596435547
neutral: 99.99951171875
sad: 98.29436492919922
fear: 97.49536895751953
sad: 99.20208740234375
neutral: 49.92975997924805
happy: 84.23793029785156
sad: 99.90167236328125
neutral: 94.800048828125
fear: 71.41682434082031
neutral: 96.07579040527344
neutral: 71.83454895019531
sad: 99.99884033203125
sad: 99.9857406616211
neutral: 92.25395202636719
neutral: 77.82715606689453
neutral: 59.1158332824707
sad: 96.39578247070312
sad: 97.31568145751953
sad: 94.08517456054688
sad: 99.99949645996094
sad: 99.99296569824219
sad: 99.9635238647461
sad: 52.3622932434082
sad: 79.93017578125
sad: 89.04581451416016
sad: 95.22820281982422
sad: 61.95823287963867
sad: 58.81838607788086
sad: 49.37800979614258
fear: 50.246524810791016
fear: 97.11888885498047
sad: 72.8347396850586
fear: 69.678466796875
fear: 99.6004409790039
fear: 99.75874328613281
sad: 98.55730438232422
sad: 98.41738891601562
sad: 98.45710754394531
fear: 86.79283142089844
fear: 99.19204711914062
fear: 84.9909439086914
sad: 97.22026062011719
fear: 92.00463104248047
neutral: 78.56311798095703
neutral: 81.05764770507812
fear: 99.95026397705078
sad: 99.95652770996094
sad: 99.12261199951172
sad: 58.70335006713867
fear: 89.5428695678711
fear: 98.2919692993164
fear: 72.37118530273438
fear: 89.24940490722656
fear: 97.86846923828125
neutral: 58.71638488769531
neutral: 67.01605224609375
sad: 62.55287551879883
neutral: 85.12813568115234
fear: 47.7278938293457
neutral: 66.53984832763672
sad: 97.53289031982422
sad: 51.31039047241211
neutral: 50.89124298095703
neutral: 53.968223571777344
neutral: 77.82897186279297
neutral: 89.77711486816406
sad: 99.9989013671875
sad: 98.8821792602539
sad: 99.92183685302734
sad: 99.88243865966797
sad: 99.97484588623047
sad: 99.98332214355469
sad: 95.74810791015625
neutral: 65.0289306640625
happy: 64.51136016845703
neutral: 45.92954635620117
surprise: 77.78163146972656
neutral: 86.21724700927734
neutral: 81.8788833618164
neutral: 56.41366195678711
fear: 34.686885833740234
sad: 91.4084243774414
neutral: 67.86080932617188
neutral: 97.61988830566406
sad: 75.82801818847656
sad: 99.44805145263672
neutral: 52.89442443847656
neutral: 61.52531433105469
neutral: 72.89130401611328
neutral: 94.93898010253906
neutral: 87.38298797607422
neutral: 91.72464752197266
neutral: 72.19673919677734
neutral: 55.961490631103516
fear: 28.406688690185547
neutral: 95.9516830444336
neutral: 69.1959228515625
neutral: 93.00099182128906
neutral: 92.92437744140625
neutral: 93.06783294677734
neutral: 88.5484390258789
neutral: 62.68290710449219
sad: 69.08091735839844
neutral: 90.62501525878906
neutral: 60.56884002685547
neutral: 81.06564331054688
neutral: 53.60599899291992
sad: 60.986595153808594
neutral: 82.3903579711914
neutral: 44.12866973876953
sad: 60.679901123046875
sad: 63.47950744628906
neutral: 46.34611892700195
sad: 51.55464172363281
neutral: 51.8089485168457
neutral: 41.4294548034668
sad: 51.1613883972168
neutral: 94.61979675292969
sad: 68.54515075683594
neutral: 84.1896743774414
neutral: 85.95365142822266
neutral: 78.97402954101562
neutral: 91.24272155761719
neutral: 67.65276336669922
sad: 92.45136260986328
sad: 48.75938415527344
surprise: 46.23091125488281
surprise: 54.971553802490234
sad: 80.32087707519531
sad: 71.96856689453125
happy: 75.10482025146484
sad: 87.48711395263672
sad: 66.73097229003906
sad: 56.14665603637695
neutral: 49.55522537231445
neutral: 65.47248077392578
neutral: 70.15371704101562
neutral: 43.79479217529297
neutral: 56.6742057800293
happy: 99.96004486083984
sad: 54.67021560668945
neutral: 48.65948486328125
sad: 99.84037780761719
sad: 99.90843200683594
sad: 97.37980651855469
sad: 96.71453857421875
fear: 55.495933532714844
neutral: 39.85527420043945
neutral: 54.88856887817383
neutral: 44.52092742919922
neutral: 61.17441177368164
sad: 54.12535095214844
sad: 35.40818786621094
sad: 46.48728561401367
sad: 86.23198699951172
neutral: 45.73832321166992
neutral: 48.8119010925293
neutral: 88.5069351196289
fear: 51.08193588256836
sad: 90.3140640258789
sad: 99.48516082763672
sad: 70.58515167236328
sad: 71.97956085205078
fear: 67.3561019897461
sad: 58.492977142333984
sad: 63.76005935668945
sad: 59.637664794921875
sad: 59.95206832885742
sad: 61.235496520996094
sad: 73.7291030883789
sad: 48.67481231689453
sad: 75.75562286376953
sad: 82.38335418701172
sad: 61.9670524597168
sad: 42.574344635009766
neutral: 98.00251770019531
sad: 96.516357421875
sad: 72.5245132446289
angry: 73.99101257324219
fear: 99.2885971069336
fear: 67.49901580810547
fear: 96.96930694580078
fear: 99.91670989990234
neutral: 98.5216293334961
sad: 99.42161560058594
sad: 97.01007843017578
fear: 99.78219604492188
fear: 94.77957153320312
fear: 97.73982238769531
fear: 96.0994873046875
angry: 68.3277816772461
fear: 74.11039733886719
fear: 94.9354248046875
fear: 92.60824584960938
fear: 94.67888641357422
fear: 97.04148864746094
fear: 94.42430877685547
fear: 95.38946533203125
fear: 93.54447174072266
fear: 97.8059310913086
fear: 94.34632110595703
fear: 97.1848373413086
fear: 70.53799438476562
fear: 67.28765869140625
fear: 93.885986328125
fear: 93.75630950927734
fear: 88.87202453613281
fear: 90.04976654052734
fear: 86.57242584228516
fear: 88.39446258544922
fear: 84.27298736572266
fear: 72.52864074707031
fear: 87.37728881835938
fear: 93.00387573242188
fear: 94.0696792602539
fear: 99.87555694580078
fear: 99.84820556640625
fear: 99.29995727539062
fear: 99.47239685058594
fear: 99.3047866821289
fear: 93.3161849975586
sad: 74.49358367919922
angry: 76.50244903564453
sad: 68.6153793334961
sad: 84.61226654052734
sad: 98.00212860107422
neutral: 55.354488372802734
neutral: 62.559120178222656
neutral: 46.73004913330078
neutral: 92.08447265625
neutral: 86.33920288085938
happy: 62.339874267578125
neutral: 83.75859069824219
neutral: 67.30852508544922
neutral: 89.54458618164062
neutral: 71.98082733154297
neutral: 78.60289764404297
neutral: 79.0774917602539
surprise: 47.995033264160156
neutral: 47.78726577758789
neutral: 76.12808227539062
neutral: 53.29801940917969
neutral: 92.79097747802734
neutral: 75.74930572509766
neutral: 54.84642791748047
neutral: 48.358768463134766
neutral: 55.692054748535156
neutral: 54.00205612182617
neutral: 49.87091827392578
neutral: 76.51461791992188
neutral: 72.8213882446289
neutral: 84.71670532226562
neutral: 75.67779541015625
neutral: 83.79396057128906
neutral: 73.220703125
neutral: 99.9853744506836
neutral: 99.99141693115234
neutral: 75.16080474853516
neutral: 66.17481994628906
neutral: 59.73460006713867
sad: 37.368343353271484
neutral: 55.071311950683594
neutral: 81.192138671875
neutral: 76.41242980957031
neutral: 84.7431411743164
neutral: 88.17687225341797
neutral: 41.79754638671875
neutral: 87.65312957763672
neutral: 72.89656066894531
neutral: 71.46695709228516
neutral: 53.59052276611328
neutral: 85.37885284423828
neutral: 66.69317626953125
sad: 30.50936508178711
fear: 54.8543701171875
sad: 48.18198776245117
fear: 91.84001922607422
fear: 91.61351013183594
sad: 95.93949890136719
sad: 93.83538818359375
sad: 99.40634155273438
fear: 97.49021911621094
fear: 92.64165496826172
fear: 48.953956604003906
neutral: 34.57973098754883
sad: 93.17635345458984
fear: 94.11165618896484
fear: 99.99436950683594
sad: 89.3560791015625
fear: 98.88893127441406
neutral: 67.45101165771484
fear: 97.58890533447266
fear: 98.5499267578125
fear: 89.89605712890625
fear: 78.10667419433594
angry: 69.39575958251953
sad: 99.45018005371094
fear: 99.26177215576172
fear: 86.55381774902344
fear: 99.9940414428711
fear: 99.99983978271484
fear: 98.41552734375
angry: 51.25893783569336
fear: 64.80764770507812
fear: 93.28653717041016
fear: 93.91971588134766
fear: 95.63245391845703
fear: 42.75261688232422
sad: 99.8145751953125
sad: 99.60184478759766
sad: 98.81609344482422
sad: 86.7379379272461
sad: 96.76398468017578
sad: 48.67021179199219
sad: 91.43907928466797
sad: 98.64762115478516
sad: 79.41522979736328
sad: 90.1181411743164
sad: 75.47342681884766
sad: 94.7605972290039
fear: 51.897430419921875
angry: 55.88361358642578
angry: 50.56534957885742
angry: 54.50526428222656
sad: 83.97907257080078
fear: 56.318511962890625
fear: 70.57393646240234
fear: 61.402000427246094
sad: 96.58467102050781
angry: 65.07392120361328
sad: 56.2404899597168
sad: 80.52571868896484
sad: 80.78376007080078
sad: 99.11185455322266
sad: 98.99827575683594
sad: 99.35478210449219
sad: 98.5146713256836
fear: 62.495296478271484
fear: 60.75056838989258
fear: 64.42809295654297
fear: 53.06243896484375
fear: 75.51539611816406
happy: 51.31950759887695
angry: 54.31236267089844
fear: 70.56157684326172
fear: 58.751129150390625
fear: 64.23149871826172
fear: 68.43331146240234
sad: 97.6649398803711
fear: 65.49301147460938
fear: 68.0815200805664
fear: 75.37676239013672
fear: 56.52740478515625
angry: 61.83333206176758
fear: 50.21574401855469
fear: 65.390625
fear: 69.66780853271484
fear: 50.10844421386719
fear: 68.3204116821289
sad: 99.56072235107422
fear: 56.4103889465332
angry: 52.397708892822266
angry: 53.661216735839844
fear: 66.81246185302734
angry: 67.25614929199219
angry: 61.10170364379883
angry: 59.63931655883789
angry: 57.557411193847656
angry: 65.49498748779297
angry: 73.08293914794922
angry: 59.38869094848633
angry: 74.23833465576172
angry: 63.07032012939453
fear: 50.67074203491211
angry: 55.445186614990234
angry: 57.50505447387695
sad: 96.87223815917969
angry: 75.69697570800781
neutral: 57.555641174316406
fear: 52.418209075927734
angry: 59.741249084472656
fear: 73.99068450927734
fear: 71.80889892578125
fear: 72.22266387939453
fear: 72.33570098876953
fear: 78.5720443725586
fear: 73.63160705566406
fear: 66.4018325805664
fear: 64.33708190917969
fear: 53.55024337768555
angry: 54.419219970703125
fear: 69.63360595703125
angry: 57.236019134521484
angry: 59.195640563964844
angry: 56.73227310180664
fear: 60.211585998535156
fear: 59.88277053833008
fear: 51.8155632019043
angry: 52.35382843017578
fear: 56.84614562988281
fear: 66.20154571533203
fear: 71.84648132324219
sad: 95.76781463623047
sad: 97.92711639404297
fear: 83.12398529052734
fear: 94.93098449707031
neutral: 92.11129760742188
neutral: 72.56473541259766
sad: 89.60462188720703
neutral: 65.30584716796875
angry: 80.3506851196289
angry: 89.69692993164062
fear: 78.17623901367188
fear: 66.21207427978516
fear: 56.99781036376953
fear: 56.84437561035156
fear: 75.72746276855469
fear: 80.30668640136719
fear: 59.509891510009766
fear: 56.85350036621094
fear: 71.8238296508789
fear: 58.39936065673828
angry: 76.830810546875
angry: 57.20399475097656
angry: 93.75157928466797
sad: 99.73959350585938
sad: 99.83512115478516
sad: 99.90336608886719
angry: 65.76556396484375
angry: 90.58967590332031
angry: 87.21623229980469
fear: 63.88862609863281
sad: 99.8012924194336
sad: 98.17750549316406
fear: 70.30158996582031
fear: 76.57872772216797
fear: 60.37871170043945
sad: 98.8475112915039
fear: 71.19600677490234
sad: 91.95745086669922
sad: 99.81256866455078
sad: 99.4880142211914
sad: 95.36956787109375
angry: 82.53336334228516
angry: 67.3228530883789
sad: 99.75279235839844
angry: 64.76698303222656
angry: 60.085960388183594
angry: 66.83415985107422
angry: 77.54052734375
sad: 99.77371978759766
sad: 98.9422378540039
sad: 99.66244506835938
sad: 99.6956558227539
sad: 98.83930206298828
fear: 82.66571044921875
neutral: 77.99798583984375
fear: 92.15780639648438
neutral: 52.28382110595703
neutral: 39.003273010253906
neutral: 72.46686553955078
neutral: 72.86288452148438
sad: 97.0415267944336
neutral: 53.10885238647461
fear: 66.88982391357422
fear: 48.54129409790039
neutral: 55.64611053466797
fear: 61.96171951293945
fear: 53.67975616455078
fear: 61.51731491088867
fear: 45.30536651611328
neutral: 42.211700439453125
fear: 41.02628707885742
fear: 44.80327224731445
fear: 64.58417510986328
fear: 72.42242431640625
sad: 39.25457763671875
fear: 36.14759063720703
fear: 79.31934356689453
neutral: 38.88861083984375
fear: 35.676246643066406
fear: 41.936309814453125
neutral: 41.97120666503906
fear: 68.0088119506836
fear: 64.3011245727539
fear: 73.75279998779297
neutral: 48.644100189208984
neutral: 39.075252532958984
neutral: 82.72872924804688
neutral: 78.09304809570312
neutral: 49.0645751953125
sad: 87.81749725341797
sad: 90.81922149658203
neutral: 72.80441284179688
fear: 99.98265838623047
sad: 98.6147232055664
neutral: 99.98125457763672
sad: 92.31193542480469
sad: 48.22219467163086
sad: 99.99739837646484
sad: 99.66979217529297
sad: 82.49082946777344
fear: 99.00838470458984
sad: 92.45569610595703
sad: 82.291748046875
fear: 99.7331314086914
fear: 99.86397552490234
fear: 99.8017349243164
fear: 99.9348373413086
neutral: 37.10378646850586
neutral: 56.504051208496094
neutral: 72.63965606689453
fear: 57.22883987426758
fear: 51.216148376464844
fear: 51.70213317871094
fear: 56.17947769165039
angry: 97.77400970458984
sad: 99.81477355957031
fear: 99.49955749511719
fear: 99.95423126220703
sad: 95.79505157470703
sad: 95.92124938964844
fear: 99.72613525390625
fear: 99.775390625
sad: 98.63613891601562
neutral: 99.44422149658203
fear: 98.97282409667969
fear: 95.55394744873047
fear: 77.44718170166016
fear: 96.15814208984375
neutral: 68.20272064208984
neutral: 65.63851928710938
neutral: 63.10649108886719
neutral: 82.3651123046875
fear: 64.67293548583984
fear: 96.93663024902344
fear: 95.3626708984375
fear: 96.52540588378906
fear: 92.8048095703125
fear: 70.8354721069336
fear: 90.65764617919922
neutral: 69.92063903808594
fear: 89.58642578125
fear: 94.7834701538086
fear: 97.3283462524414
fear: 96.2674331665039
fear: 94.56865692138672
fear: 93.91046905517578
fear: 44.03544616699219
fear: 52.00059127807617
fear: 57.390785217285156
neutral: 51.68519592285156
fear: 68.42498779296875
fear: 80.43512725830078
fear: 64.58939361572266
fear: 52.37583923339844
neutral: 47.1264533996582
fear: 62.27359390258789
neutral: 83.23341369628906
sad: 49.29291915893555
sad: 77.44872283935547
neutral: 69.06588745117188
sad: 88.24750518798828
sad: 58.025848388671875
neutral: 78.60350799560547
sad: 84.94891357421875
fear: 51.60281753540039
sad: 72.11428833007812
sad: 98.91569519042969
sad: 99.82088470458984
sad: 91.13732147216797
neutral: 72.21144104003906
fear: 88.94097900390625
neutral: 51.91850662231445
sad: 79.33612823486328
fear: 99.3004150390625
fear: 93.30371856689453
fear: 97.13874816894531
fear: 96.90603637695312
neutral: 51.391746520996094
sad: 98.81009674072266
sad: 99.67533874511719
sad: 99.13670349121094
sad: 99.67750549316406
sad: 99.78163146972656
sad: 85.84971618652344
neutral: 99.92327880859375
sad: 99.43931579589844
sad: 92.3758316040039
neutral: 79.30746459960938
neutral: 54.604549407958984
sad: 99.32096099853516
happy: 88.03461456298828
sad: 76.74715423583984
sad: 99.81645965576172
sad: 69.06891632080078
neutral: 84.21424865722656
neutral: 69.39173889160156
neutral: 81.83258819580078
neutral: 61.05438232421875
neutral: 57.8752326965332
neutral: 59.30520248413086
fear: 74.15628814697266
sad: 96.8056411743164
angry: 92.0041275024414
happy: 95.57340240478516
fear: 99.97101593017578
fear: 56.308650970458984
fear: 96.98886108398438
fear: 99.78750610351562
fear: 94.77433776855469
fear: 52.747352600097656
fear: 59.966007232666016
angry: 92.90531921386719
fear: 53.963199615478516
fear: 61.66033172607422
fear: 93.57235717773438
angry: 41.1994514465332
fear: 49.56549835205078
fear: 90.62559509277344
fear: 88.56414031982422
fear: 94.79873657226562
angry: 86.99203491210938
neutral: 38.763771057128906
fear: 97.38200378417969
fear: 87.40478515625
fear: 99.22300720214844
fear: 90.96139526367188
fear: 97.0438461303711
fear: 87.96385955810547
fear: 82.16417694091797
fear: 51.62742233276367
sad: 74.20801544189453
neutral: 65.79154968261719
sad: 93.1900863647461
sad: 37.981143951416016
neutral: 41.36033248901367
neutral: 85.40013122558594
neutral: 45.23908615112305
sad: 95.64662170410156
sad: 69.14646911621094
neutral: 47.56511688232422
neutral: 90.26622772216797
neutral: 47.07615280151367
neutral: 93.13324737548828
neutral: 84.90887451171875
fear: 71.06550598144531
fear: 62.68855667114258
sad: 96.92346954345703
sad: 75.97496795654297
sad: 72.98615264892578
sad: 87.77470397949219
sad: 94.302734375
neutral: 67.19617462158203
neutral: 95.19672393798828
neutral: 50.19413757324219
neutral: 60.36273193359375
neutral: 54.45167922973633
neutral: 81.75636291503906
neutral: 62.58989715576172
neutral: 82.72795104980469
neutral: 88.29158782958984
sad: 56.25929260253906
neutral: 51.329612731933594
sad: 81.02544403076172
sad: 56.482601165771484
sad: 88.72720336914062
sad: 97.6580810546875
neutral: 56.38930892944336
sad: 36.28959655761719
sad: 99.76588439941406
fear: 99.98963165283203
fear: 99.98826599121094
fear: 97.22432708740234
fear: 63.805938720703125
fear: 49.54659652709961
fear: 71.0152816772461
fear: 35.604736328125
neutral: 50.27012634277344
fear: 50.658355712890625
neutral: 50.33466720581055
neutral: 63.908836364746094
neutral: 61.735111236572266
neutral: 76.05486297607422
neutral: 71.70979309082031
neutral: 76.6360855102539
neutral: 82.25232696533203
neutral: 67.58826446533203
neutral: 63.6987190246582
neutral: 54.15924072265625
neutral: 73.62700653076172
neutral: 65.04771423339844
neutral: 77.54144287109375
neutral: 88.04145050048828
neutral: 91.92232513427734
neutral: 79.56745910644531
neutral: 81.99645233154297
neutral: 81.55827331542969
neutral: 70.84750366210938
neutral: 82.69226837158203
sad: 91.60266876220703
sad: 96.23976135253906
sad: 96.20341491699219
sad: 87.4202651977539
sad: 91.64518737792969
fear: 56.06121826171875
sad: 41.15186309814453
fear: 98.0283432006836
fear: 99.62883758544922
sad: 45.119285583496094
fear: 82.17642974853516
fear: 54.85860061645508
fear: 77.06660461425781
fear: 95.02999114990234
fear: 87.72701263427734
fear: 77.88034057617188
fear: 52.07929229736328
fear: 57.93635177612305
fear: 71.04408264160156
sad: 47.06981658935547
fear: 83.98390197753906
sad: 96.5074691772461
fear: 56.16157913208008
neutral: 45.1989860534668
fear: 72.4758529663086
fear: 47.60629653930664
sad: 84.76203155517578
sad: 72.51016998291016
sad: 90.5656509399414
sad: 78.49817657470703
sad: 53.12303924560547
sad: 77.01227569580078
fear: 72.46711730957031
fear: 53.00699996948242
sad: 59.78754425048828
sad: 65.8871841430664
sad: 84.3289566040039
fear: 39.57173156738281
sad: 86.25889587402344
fear: 55.43189239501953
neutral: 47.3477897644043
sad: 98.32763671875
sad: 99.97943878173828
sad: 99.94470977783203
sad: 98.5532455444336
sad: 69.37406158447266
sad: 91.62248992919922
neutral: 98.61997985839844
neutral: 83.60957336425781
neutral: 99.44452667236328
neutral: 99.13408660888672
neutral: 96.61152648925781
neutral: 99.56541442871094
sad: 96.90194702148438
neutral: 55.277103424072266
neutral: 92.22792053222656
neutral: 71.37359619140625
neutral: 63.345516204833984
neutral: 59.61745071411133
neutral: 70.69280242919922
neutral: 50.26995086669922
fear: 43.42284393310547
neutral: 49.368534088134766
neutral: 41.17382049560547
neutral: 58.07789993286133
neutral: 69.30091857910156
neutral: 50.61724090576172
neutral: 51.672672271728516
neutral: 85.60721588134766
fear: 57.138519287109375
angry: 99.80904388427734
angry: 99.84452056884766
angry: 99.4979019165039
fear: 52.09418869018555
angry: 82.59516906738281
fear: 60.94955825805664
angry: 99.96627044677734
neutral: 42.5328369140625
neutral: 39.416744232177734
neutral: 52.6163215637207
neutral: 92.29193115234375
neutral: 80.48428344726562
neutral: 83.81946563720703
neutral: 99.69732666015625
neutral: 58.76918029785156
sad: 70.91203308105469
fear: 40.13718032836914
neutral: 45.36259078979492
neutral: 43.2882080078125
neutral: 75.06713104248047
neutral: 29.73334312438965
fear: 58.58478546142578
neutral: 33.82899475097656
neutral: 44.451107025146484
sad: 98.71529388427734
fear: 93.28892517089844
fear: 89.34781646728516
fear: 91.31401824951172
fear: 89.61030578613281
fear: 82.24630737304688
fear: 95.8738021850586
neutral: 37.730262756347656
sad: 86.76737976074219
sad: 73.82744598388672
sad: 99.78746032714844
sad: 99.65768432617188
sad: 99.80418395996094
sad: 97.2653579711914
sad: 98.97124481201172
sad: 99.81660461425781
sad: 99.93004608154297
sad: 94.62360382080078
sad: 80.60859680175781
sad: 99.92675018310547
sad: 49.14517593383789
neutral: 48.24978256225586
sad: 74.76265716552734
fear: 95.41864776611328
fear: 60.37180709838867
fear: 57.84850311279297
fear: 86.55742645263672
fear: 89.290771484375
fear: 77.09431457519531
fear: 82.7553482055664
fear: 75.64494323730469
fear: 98.4229736328125
fear: 98.3509750366211
fear: 97.91500854492188
fear: 90.79846954345703
fear: 88.3898696899414
fear: 95.80753326416016
fear: 88.51331329345703
fear: 88.322509765625
fear: 86.44168090820312
fear: 90.25479125976562
fear: 96.11045837402344
fear: 95.35472106933594
fear: 93.51173400878906
fear: 85.92658996582031
fear: 82.71405029296875
fear: 95.05707550048828
fear: 96.80925750732422
fear: 71.9290771484375
fear: 92.0154037475586
fear: 90.41184997558594
fear: 92.76107788085938
fear: 92.88304138183594
fear: 91.28650665283203
fear: 90.6621322631836
fear: 94.14605712890625
fear: 92.5872573852539
fear: 95.37503051757812
fear: 90.83609008789062
fear: 88.43582153320312
fear: 90.32269287109375
fear: 83.8086929321289
fear: 86.63440704345703
fear: 84.71170043945312
fear: 92.25714874267578
fear: 92.85498046875
fear: 89.23497009277344
fear: 91.45479583740234
fear: 81.2034683227539
fear: 88.71310424804688
fear: 87.00226593017578
fear: 80.12791442871094
fear: 95.81205749511719
fear: 74.90251922607422
sad: 96.6188735961914
fear: 96.7015380859375
fear: 95.4676742553711
fear: 88.0727767944336
fear: 86.37948608398438
fear: 73.59321594238281
fear: 76.0042724609375
fear: 54.60274887084961
fear: 46.49065017700195
fear: 58.90494155883789
fear: 51.190067291259766
fear: 68.29975891113281
fear: 46.58348083496094
fear: 62.7406005859375
fear: 86.07251739501953
fear: 88.7503890991211
fear: 88.39686584472656
fear: 75.6434555053711
neutral: 59.58500671386719
fear: 88.07546997070312
fear: 79.62593078613281
fear: 74.12210083007812
fear: 81.54500579833984
fear: 75.82798767089844
fear: 66.10468292236328
fear: 69.19514465332031
fear: 93.05895233154297
sad: 53.375553131103516
fear: 99.85968780517578
fear: 99.91295623779297
fear: 99.51396179199219
fear: 99.91941833496094
fear: 99.92265319824219
fear: 99.63151550292969
fear: 99.89813232421875
fear: 98.29383850097656
fear: 99.8012466430664
fear: 99.70535278320312
fear: 99.3469467163086
fear: 99.68909454345703
fear: 99.4944839477539
fear: 50.07780838012695
neutral: 50.61676788330078
fear: 67.51103210449219
neutral: 45.241294860839844
fear: 82.5614013671875
fear: 82.86725616455078
fear: 97.59944152832031
neutral: 81.66959381103516
sad: 43.5501708984375
neutral: 40.703914642333984
sad: 61.72962951660156
neutral: 73.77091217041016
neutral: 39.852378845214844
sad: 99.783203125
sad: 78.40512084960938
sad: 84.26653289794922
sad: 55.63444900512695
sad: 60.13764572143555
fear: 41.89777755737305
sad: 47.25669860839844
fear: 60.47723388671875
sad: 69.4976806640625
sad: 91.55397033691406
fear: 84.89897918701172
sad: 70.11947631835938
neutral: 79.3092041015625
sad: 57.79884338378906
neutral: 99.60617065429688
neutral: 85.70582580566406
sad: 99.51667785644531
fear: 99.96851348876953
fear: 99.87260437011719
fear: 99.9817123413086
fear: 99.97980499267578
fear: 99.99016571044922
fear: 99.48951721191406
fear: 99.51808166503906
sad: 84.92817687988281
fear: 99.19121551513672
fear: 80.2798843383789
fear: 81.52325439453125
fear: 95.56434631347656
fear: 94.20854949951172
fear: 92.89048767089844
neutral: 98.44440460205078
fear: 49.87443161010742
fear: 59.619140625
sad: 30.829195022583008
neutral: 43.9786262512207
fear: 45.56206130981445
fear: 40.50186538696289
fear: 73.99339294433594
fear: 70.1241226196289
sad: 32.163082122802734
neutral: 58.1197624206543
neutral: 84.56009674072266
neutral: 94.99559783935547
neutral: 89.18550109863281
neutral: 63.503082275390625
neutral: 97.69255828857422
happy: 99.97345733642578
sad: 98.96849060058594
neutral: 81.16605377197266
sad: 83.95767974853516
neutral: 90.89134979248047
angry: 98.11076354980469
neutral: 75.02630615234375
fear: 46.84199142456055
neutral: 73.23889923095703
neutral: 69.62837219238281
neutral: 88.07746887207031
neutral: 83.23712158203125
neutral: 59.284149169921875
angry: 62.69343948364258
sad: 53.20267105102539
fear: 85.5799331665039
neutral: 69.7802963256836
sad: 91.40682983398438
sad: 86.6739730834961
angry: 81.93020629882812
fear: 68.34420776367188
sad: 41.85445022583008
fear: 87.02397155761719
sad: 62.496028900146484
angry: 50.758365631103516
fear: 85.70416259765625
fear: 76.63799285888672
angry: 98.1720962524414
happy: 99.99576568603516
happy: 99.99991607666016
happy: 99.99987030029297
angry: 100.0
fear: 67.61149597167969
fear: 56.609073638916016
angry: 99.983642578125
angry: 100.0
angry: 100.0
angry: 99.99998474121094
angry: 99.97911834716797
angry: 99.99970245361328
angry: 99.99919891357422
angry: 99.96755981445312
angry: 99.22496032714844
angry: 99.91167449951172
angry: 99.95332336425781
neutral: 76.14260864257812
angry: 99.00421905517578
angry: 93.45470428466797
angry: 70.62374114990234
angry: 99.8296890258789
angry: 99.753173828125
angry: 97.90605926513672
angry: 99.92803955078125
angry: 90.7218246459961
fear: 74.0579833984375
angry: 97.67688751220703
angry: 99.99353790283203
angry: 99.97779083251953
sad: 70.1690902709961
fear: 39.11582565307617
neutral: 59.58346176147461
fear: 43.42470169067383
neutral: 38.523338317871094
sad: 97.78022766113281
sad: 98.414306640625
neutral: 93.78870391845703
angry: 93.59846496582031
sad: 98.69140625
neutral: 76.78118896484375
sad: 99.86328125
sad: 97.89280700683594
angry: 99.98344421386719
angry: 99.90678405761719
sad: 53.28659439086914
angry: 76.28458404541016
happy: 92.53013610839844
angry: 52.64170455932617
angry: 54.808677673339844
neutral: 81.8835220336914
neutral: 94.94194030761719
neutral: 82.51382446289062
neutral: 71.46163940429688
neutral: 93.61907196044922
neutral: 70.42201232910156
neutral: 37.829811096191406
sad: 65.09456634521484
neutral: 89.07878875732422
fear: 42.645870208740234
neutral: 76.25725555419922
fear: 96.26221466064453
fear: 51.246421813964844
sad: 95.1191177368164
sad: 97.14830017089844
neutral: 59.60697937011719
sad: 99.7120132446289
sad: 95.9480972290039
neutral: 74.41124725341797
sad: 95.975341796875
sad: 97.96015930175781
sad: 98.41622924804688
sad: 97.78968811035156
sad: 97.4842529296875
sad: 99.32661437988281
sad: 99.86702728271484
fear: 52.88602066040039
fear: 72.65865325927734
sad: 99.93685150146484
sad: 99.86731719970703
sad: 99.74527740478516
sad: 93.51524353027344
sad: 98.41059875488281
sad: 98.72222900390625
sad: 84.32223510742188
neutral: 98.29743957519531
sad: 83.87262725830078
sad: 98.59521484375
sad: 99.52168273925781
sad: 99.62152099609375
sad: 99.67069244384766
sad: 99.93769073486328
sad: 98.38001251220703
neutral: 64.54109191894531
sad: 45.13612747192383
neutral: 36.751136779785156
neutral: 81.58045196533203
sad: 44.562904357910156
happy: 99.99999237060547
sad: 43.19646453857422
sad: 54.21006774902344
sad: 96.44914245605469
sad: 45.70615768432617
sad: 92.36427307128906
fear: 57.40341567993164
sad: 88.2715072631836
sad: 98.54833984375
sad: 62.349918365478516
sad: 37.635528564453125
fear: 99.0962142944336
neutral: 39.75726318359375
fear: 81.80826568603516
fear: 96.9587631225586
fear: 99.65540313720703
fear: 88.36437225341797
fear: 95.84725952148438
fear: 71.18248748779297
fear: 33.24444580078125
sad: 69.13524627685547
sad: 92.57825469970703
sad: 91.5436019897461
sad: 68.45682525634766
sad: 54.35240173339844
sad: 94.8553466796875
sad: 86.91925811767578
fear: 45.041744232177734
neutral: 47.054229736328125
fear: 98.7681884765625
sad: 82.8833236694336
fear: 92.1292724609375
fear: 92.62175750732422
fear: 99.78631591796875
fear: 99.8190689086914
sad: 99.87252044677734
sad: 99.97615814208984
sad: 64.73287200927734
sad: 98.4080581665039
sad: 74.39701843261719
sad: 62.44066619873047
sad: 53.2525749206543
angry: 44.304969787597656
sad: 66.55838012695312
sad: 64.20140838623047
sad: 55.42719650268555
sad: 82.6275634765625
sad: 50.378726959228516
surprise: 52.795249938964844
surprise: 49.53765869140625
angry: 81.55335998535156
angry: 81.55335998535156
angry: 81.55335998535156
angry: 81.55335998535156
angry: 81.55335998535156
angry: 81.55335998535156
angry: 81.55335998535156
angry: 81.55335998535156
angry: 81.55335998535156
angry: 81.55335998535156
angry: 81.55335998535156
angry: 81.55335998535156
angry: 81.55335998535156
angry: 81.55335998535156
angry: 81.55335998535156
angry: 81.55335998535156
angry: 81.55335998535156
angry: 81.55335998535156
angry: 81.55335998535156
angry: 81.55335998535156
angry: 81.55335998535156
angry: 81.55335998535156
angry: 81.55335998535156
angry: 81.55335998535156
angry: 81.55335998535156
