neutral: 65.58828735351562
neutral: 72.83744812011719
sad: 99.17427062988281
fear: 62.23098373413086
neutral: 48.657920837402344
happy: 96.33226776123047
angry: 59.863162994384766
sad: 99.65924835205078
neutral: 74.6473159790039
neutral: 84.43679809570312
sad: 38.932613372802734
neutral: 79.05428314208984
neutral: 81.20634460449219
happy: 82.3235855102539
sad: 61.860233306884766
sad: 86.57608795166016
neutral: 61.746490478515625
sad: 76.57708740234375
neutral: 62.047828674316406
neutral: 58.27544403076172
fear: 45.6591796875
fear: 66.71427917480469
happy: 78.82022094726562
fear: 41.74708938598633
neutral: 89.94066619873047
neutral: 80.6447982788086
fear: 49.66588592529297
neutral: 96.73814392089844
neutral: 73.2419204711914
neutral: 86.19815063476562
neutral: 98.28649139404297
neutral: 84.41915130615234
neutral: 85.57778930664062
sad: 93.66263580322266
sad: 58.60745620727539
sad: 65.64972686767578
sad: 93.431640625
neutral: 47.11785125732422
neutral: 47.76675033569336
neutral: 99.3116455078125
happy: 96.57035064697266
neutral: 68.08016204833984
neutral: 83.34407043457031
neutral: 94.84929656982422
neutral: 99.06037902832031
fear: 42.374176025390625
fear: 45.07549285888672
fear: 95.28937530517578
fear: 96.39202117919922
fear: 66.67239379882812
fear: 63.01630783081055
fear: 75.47941589355469
fear: 53.425872802734375
fear: 60.11634063720703
fear: 67.0586929321289
fear: 70.94932556152344
fear: 76.17208099365234
fear: 73.0504379272461
fear: 75.11954498291016
fear: 70.2136459350586
fear: 64.37987518310547
sad: 57.186912536621094
sad: 71.20521545410156
sad: 76.92422485351562
sad: 62.78392028808594
fear: 69.26300048828125
fear: 96.23573303222656
fear: 88.53376007080078
fear: 88.92334747314453
fear: 95.39089965820312
fear: 99.52922058105469
fear: 94.57624816894531
fear: 93.16658782958984
sad: 91.16729736328125
sad: 91.48978424072266
sad: 85.00035095214844
sad: 87.46273803710938
sad: 85.41017150878906
sad: 77.04244995117188
sad: 86.18942260742188
sad: 68.15887451171875
sad: 62.368106842041016
sad: 83.18225860595703
fear: 90.3610610961914
fear: 93.82429504394531
neutral: 98.33470153808594
fear: 87.80738067626953
fear: 59.777828216552734
fear: 93.59102630615234
fear: 87.89948272705078
fear: 90.22848510742188
fear: 84.00365447998047
fear: 82.4216537475586
fear: 89.85842895507812
fear: 83.87294006347656
fear: 64.946044921875
fear: 59.822601318359375
fear: 69.78595733642578
fear: 82.53550720214844
fear: 86.38861083984375
fear: 97.73661041259766
fear: 90.58340454101562
fear: 93.90001678466797
fear: 89.8619155883789
fear: 90.10134887695312
fear: 92.57691955566406
fear: 93.69976806640625
fear: 60.23795700073242
neutral: 64.63143157958984
neutral: 99.05113220214844
neutral: 43.269065856933594
neutral: 81.06694030761719
neutral: 99.49089050292969
neutral: 72.81572723388672
neutral: 86.62150573730469
neutral: 95.64655303955078
neutral: 65.52923583984375
fear: 48.4168815612793
neutral: 84.23233032226562
neutral: 71.37195587158203
neutral: 38.29290771484375
sad: 60.047489166259766
sad: 69.43475341796875
fear: 39.97057342529297
neutral: 66.20790100097656
neutral: 69.370361328125
neutral: 90.0350112915039
neutral: 75.7646713256836
sad: 69.74983978271484
neutral: 88.06083679199219
sad: 96.29940795898438
happy: 79.84597778320312
happy: 57.55429458618164
happy: 60.96230697631836
sad: 55.627803802490234
fear: 54.939109802246094
fear: 61.936134338378906
sad: 52.25982666015625
fear: 50.019996643066406
fear: 52.026634216308594
sad: 54.440956115722656
sad: 69.04325866699219
sad: 72.01654052734375
sad: 65.4812240600586
sad: 78.438720703125
sad: 77.29652404785156
sad: 76.26722717285156
sad: 63.7777214050293
sad: 62.587684631347656
sad: 67.50483703613281
sad: 79.19412994384766
sad: 81.05863952636719
sad: 83.72518157958984
sad: 75.52909088134766
sad: 72.999267578125
sad: 74.19298553466797
sad: 71.27894592285156
sad: 71.75161743164062
sad: 67.85851287841797
sad: 76.65540313720703
sad: 71.03904724121094
sad: 74.22268676757812
sad: 72.55567169189453
sad: 87.73430633544922
sad: 79.19762420654297
sad: 82.66354370117188
sad: 87.14042663574219
sad: 86.25015258789062
sad: 81.27272033691406
sad: 81.87811279296875
sad: 80.17523193359375
sad: 86.61029052734375
sad: 87.29141235351562
sad: 89.47447967529297
sad: 83.27215576171875
sad: 80.37651824951172
sad: 87.12764739990234
sad: 82.06835174560547
sad: 78.03739166259766
sad: 85.09149169921875
sad: 86.07177734375
sad: 74.54715728759766
sad: 84.36664581298828
sad: 80.09788513183594
sad: 86.50458526611328
sad: 79.68608856201172
sad: 87.51151275634766
sad: 62.002899169921875
fear: 50.89072799682617
fear: 56.395137786865234
fear: 56.93677520751953
sad: 56.826873779296875
sad: 56.576175689697266
sad: 55.26969909667969
sad: 55.587364196777344
fear: 98.5906753540039
fear: 72.80257415771484
fear: 69.70750427246094
fear: 49.91605758666992
fear: 52.184234619140625
sad: 68.7761459350586
sad: 85.72980499267578
sad: 79.45773315429688
sad: 62.66912078857422
sad: 70.81935119628906
sad: 62.806697845458984
sad: 68.65167999267578
sad: 72.25599670410156
sad: 68.33501434326172
sad: 57.99725341796875
sad: 49.66706085205078
fear: 70.66522216796875
fear: 71.6186294555664
fear: 65.59315490722656
fear: 66.14875793457031
fear: 68.28026580810547
fear: 83.34052276611328
fear: 77.76980590820312
fear: 80.4393081665039
fear: 80.67115020751953
fear: 80.52044677734375
fear: 78.89447784423828
fear: 72.56233215332031
fear: 79.28729248046875
fear: 78.2687759399414
fear: 79.9419937133789
fear: 74.64551544189453
fear: 76.3843002319336
fear: 81.86740112304688
fear: 82.15348052978516
fear: 82.92533111572266
fear: 83.63053894042969
fear: 85.83451080322266
fear: 84.7495346069336
fear: 76.21685028076172
fear: 79.54718780517578
fear: 85.09867095947266
fear: 83.10707092285156
fear: 86.73790740966797
fear: 86.67538452148438
fear: 82.44730377197266
fear: 78.27543640136719
fear: 84.15983581542969
fear: 80.51951599121094
fear: 84.70257568359375
fear: 86.46882629394531
fear: 81.71208953857422
fear: 74.28865051269531
fear: 80.53874969482422
fear: 84.80780029296875
fear: 79.97062683105469
fear: 81.36685180664062
sad: 73.48329162597656
fear: 70.83598327636719
fear: 52.67145538330078
fear: 77.48477172851562
fear: 72.52091217041016
fear: 79.42618560791016
fear: 85.17118072509766
fear: 77.23021697998047
fear: 75.57351684570312
fear: 79.07869720458984
fear: 80.90341186523438
fear: 85.74312591552734
fear: 82.37561798095703
fear: 83.42192077636719
fear: 81.587890625
fear: 85.42339324951172
fear: 86.87862396240234
fear: 82.39348602294922
fear: 85.72842407226562
fear: 96.38301086425781
fear: 94.74427032470703
fear: 95.38240814208984
fear: 83.58191680908203
fear: 97.2601089477539
fear: 59.795467376708984
happy: 68.93765258789062
sad: 59.60480499267578
happy: 99.87934875488281
fear: 88.2291030883789
fear: 74.66117858886719
neutral: 48.60310363769531
fear: 39.37347412109375
neutral: 70.57662963867188
angry: 34.39085006713867
neutral: 85.86093139648438
neutral: 47.49861145019531
fear: 46.49043655395508
neutral: 59.006290435791016
neutral: 54.15229034423828
sad: 99.88140106201172
sad: 88.5325698852539
fear: 94.26956939697266
fear: 77.2291030883789
fear: 72.68698120117188
fear: 87.22016143798828
fear: 75.13434600830078
fear: 59.811805725097656
fear: 70.49951171875
neutral: 69.10552978515625
neutral: 79.16053771972656
sad: 75.40847778320312
neutral: 71.21109771728516
neutral: 97.44757080078125
neutral: 81.02465057373047
fear: 60.58274459838867
neutral: 53.830318450927734
fear: 44.69065475463867
sad: 84.61687469482422
sad: 51.47468566894531
sad: 99.90938568115234
neutral: 88.34574890136719
sad: 99.99870300292969
neutral: 94.24838256835938
neutral: 53.55183029174805
neutral: 43.295654296875
neutral: 97.70301818847656
neutral: 87.19427490234375
neutral: 75.53834533691406
sad: 40.4034538269043
neutral: 70.90362548828125
neutral: 27.498313903808594
sad: 85.69358825683594
sad: 75.94717407226562
fear: 60.096405029296875
sad: 97.56881713867188
happy: 99.568603515625
fear: 44.28947067260742
sad: 97.75597381591797
sad: 96.25991821289062
sad: 99.43386840820312
sad: 96.1746826171875
happy: 97.3953628540039
sad: 99.75273132324219
sad: 99.864501953125
sad: 99.85240173339844
sad: 92.49017333984375
happy: 72.92572021484375
happy: 99.99847412109375
happy: 99.97183990478516
happy: 99.7314453125
happy: 96.61589050292969
happy: 97.54036712646484
happy: 99.63604736328125
happy: 99.69927978515625
happy: 99.92668914794922
happy: 99.9874038696289
happy: 99.99819946289062
happy: 99.6142807006836
happy: 98.53397369384766
happy: 94.67259979248047
happy: 99.947265625
happy: 99.99678039550781
happy: 99.99272918701172
happy: 99.98834228515625
happy: 99.99745178222656
happy: 99.99790954589844
happy: 99.99915313720703
happy: 99.99922943115234
happy: 99.99998474121094
happy: 100.0
neutral: 80.97766876220703
neutral: 88.62810516357422
neutral: 89.13639068603516
sad: 91.19005584716797
sad: 93.01959991455078
neutral: 51.96649932861328
sad: 95.63639831542969
neutral: 83.90254974365234
neutral: 74.59033203125
neutral: 60.25713348388672
sad: 84.76431274414062
sad: 94.73886108398438
neutral: 59.238677978515625
neutral: 50.49736022949219
surprise: 83.29412078857422
surprise: 97.5484848022461
neutral: 72.15171813964844
neutral: 95.53164672851562
sad: 81.4631576538086
sad: 33.32501220703125
fear: 65.25533294677734
fear: 77.78532409667969
sad: 57.06740188598633
sad: 52.504337310791016
neutral: 39.56464767456055
fear: 70.25057220458984
neutral: 73.10525512695312
fear: 68.89909362792969
sad: 41.427162170410156
sad: 69.02904510498047
neutral: 81.722900390625
neutral: 84.6709213256836
neutral: 59.10042953491211
neutral: 50.84219741821289
fear: 52.38505935668945
neutral: 99.08678436279297
fear: 60.34676742553711
neutral: 90.72602844238281
neutral: 99.88841247558594
happy: 99.85324096679688
neutral: 59.641502380371094
neutral: 49.66435623168945
neutral: 47.040550231933594
sad: 68.74991607666016
sad: 94.17398071289062
fear: 81.04717254638672
neutral: 64.21135711669922
neutral: 65.37256622314453
neutral: 99.62399291992188
neutral: 99.75118255615234
sad: 66.84280395507812
fear: 38.4681510925293
sad: 35.11570739746094
sad: 82.66539001464844
sad: 81.23190307617188
sad: 69.8786849975586
happy: 99.99998474121094
happy: 100.0
happy: 100.0
happy: 100.0
happy: 99.99998474121094
happy: 99.99596405029297
happy: 99.99755859375
happy: 99.99971771240234
happy: 99.99928283691406
happy: 99.99980163574219
happy: 99.9999771118164
happy: 99.99958038330078
happy: 99.99955749511719
fear: 93.23411560058594
fear: 71.42616271972656
fear: 79.54174041748047
fear: 73.983642578125
sad: 73.96614837646484
sad: 70.80735778808594
fear: 49.323970794677734
fear: 70.45348358154297
fear: 51.837032318115234
fear: 66.159423828125
fear: 99.8045425415039
happy: 99.9977798461914
fear: 65.09022521972656
neutral: 99.97599792480469
neutral: 99.9317626953125
neutral: 99.99296569824219
neutral: 97.71170043945312
neutral: 98.69688415527344
neutral: 98.88304138183594
neutral: 98.92670440673828
sad: 88.60590362548828
sad: 78.12113189697266
fear: 82.40191650390625
neutral: 98.52671813964844
neutral: 99.58906555175781
neutral: 86.09123229980469
neutral: 82.36267852783203
neutral: 99.98196411132812
neutral: 99.34647369384766
neutral: 99.64640808105469
sad: 74.14602661132812
fear: 81.18636322021484
fear: 88.94326782226562
fear: 99.93486785888672
fear: 99.99470520019531
fear: 99.98153686523438
fear: 99.8410873413086
fear: 95.8787612915039
fear: 97.85796356201172
fear: 98.70154571533203
fear: 96.63301849365234
fear: 98.22486114501953
fear: 89.57344818115234
fear: 97.61217498779297
fear: 98.38877868652344
fear: 97.91899871826172
fear: 99.0891342163086
fear: 99.21672821044922
fear: 99.75577545166016
fear: 97.29911041259766
fear: 96.672119140625
fear: 95.44467163085938
fear: 91.68457794189453
fear: 90.23117065429688
fear: 99.69967651367188
fear: 99.87158966064453
fear: 99.8895263671875
fear: 98.59528350830078
fear: 75.24301147460938
sad: 51.59176254272461
fear: 55.887107849121094
fear: 47.381813049316406
happy: 48.46253204345703
fear: 45.304420471191406
sad: 35.93487548828125
sad: 47.15311050415039
sad: 54.21770095825195
sad: 53.853111267089844
sad: 47.896488189697266
sad: 85.83659362792969
sad: 61.851600646972656
happy: 94.47721862792969
happy: 66.63287353515625
happy: 89.32820892333984
happy: 44.84907531738281
fear: 93.33287811279297
happy: 100.0
sad: 65.87876892089844
fear: 72.98761749267578
sad: 46.87109375
sad: 53.24456024169922
neutral: 99.99730682373047
neutral: 99.92760467529297
fear: 50.2340202331543
neutral: 96.74849700927734
happy: 100.0
happy: 100.0
neutral: 44.98711395263672
neutral: 97.23826599121094
fear: 55.63358688354492
sad: 73.80032348632812
sad: 66.65461730957031
sad: 46.26111602783203
fear: 49.98398971557617
neutral: 50.93798828125
sad: 65.05224609375
neutral: 60.01591110229492
neutral: 80.07194519042969
neutral: 67.09110260009766
angry: 67.46338653564453
sad: 97.94922637939453
sad: 99.51150512695312
happy: 99.99999237060547
sad: 82.92473602294922
happy: 100.0
sad: 68.16786193847656
sad: 42.362998962402344
angry: 49.25831985473633
sad: 99.5317153930664
sad: 99.75492858886719
sad: 97.0550537109375
sad: 99.21182250976562
sad: 99.61598205566406
sad: 97.91754913330078
sad: 99.58780670166016
sad: 99.54480743408203
sad: 99.14474487304688
sad: 97.01128387451172
sad: 99.81427001953125
sad: 92.91081237792969
sad: 92.50090026855469
sad: 93.97834014892578
sad: 94.16039276123047
sad: 85.68839263916016
sad: 53.24294662475586
sad: 67.88020324707031
sad: 53.29848098754883
happy: 99.99925994873047
happy: 99.99783325195312
sad: 77.86857604980469
happy: 99.99977111816406
happy: 99.99998474121094
sad: 79.08424377441406
happy: 99.99968719482422
happy: 99.99193572998047
sad: 75.73683166503906
happy: 99.99101257324219
sad: 72.57853698730469
sad: 98.39366149902344
happy: 99.99952697753906
happy: 99.96035766601562
happy: 99.9974594116211
happy: 99.9933853149414
happy: 99.99930572509766
sad: 79.68755340576172
happy: 100.0
happy: 99.80325317382812
neutral: 93.97499084472656
fear: 59.52842712402344
fear: 78.95389556884766
fear: 96.39947509765625
fear: 99.25238800048828
fear: 98.83699798583984
fear: 99.3207778930664
fear: 98.71871185302734
fear: 98.71243286132812
fear: 98.486083984375
fear: 98.03003692626953
fear: 98.07937622070312
fear: 98.5442886352539
fear: 98.12293243408203
fear: 98.65299224853516
fear: 98.47700500488281
fear: 98.35770416259766
fear: 97.83529663085938
fear: 98.42908477783203
fear: 98.67310333251953
fear: 99.00712585449219
fear: 99.11019134521484
fear: 98.75495147705078
fear: 98.91825103759766
fear: 98.7953109741211
fear: 99.07845306396484
fear: 97.87653350830078
fear: 97.7877426147461
fear: 96.397705078125
fear: 95.87915802001953
fear: 77.6767578125
fear: 94.3406982421875
fear: 95.8170166015625
sad: 87.4251708984375
happy: 99.85333251953125
fear: 45.687503814697266
sad: 99.22016143798828
sad: 98.31558227539062
sad: 99.33363342285156
sad: 86.59893798828125
fear: 86.50213623046875
happy: 92.61668395996094
happy: 65.7470703125
happy: 90.75098419189453
happy: 93.73287200927734
sad: 55.33181381225586
fear: 99.92906951904297
neutral: 90.43327331542969
neutral: 82.18817138671875
neutral: 80.46453094482422
neutral: 92.82443237304688
fear: 37.18100357055664
neutral: 63.55070495605469
happy: 41.274959564208984
neutral: 99.98613739013672
neutral: 99.99992370605469
neutral: 99.92585754394531
happy: 99.67704772949219
sad: 99.7666015625
neutral: 88.963623046875
fear: 74.89647674560547
neutral: 99.93649291992188
neutral: 98.96663665771484
neutral: 99.26632690429688
neutral: 99.83883666992188
neutral: 98.9154281616211
neutral: 99.98885345458984
neutral: 61.94807434082031
neutral: 91.00696563720703
neutral: 98.32207489013672
neutral: 90.9618148803711
neutral: 92.25457000732422
neutral: 96.99200439453125
happy: 76.05751037597656
neutral: 77.77874755859375
neutral: 94.14505004882812
neutral: 74.66532135009766
fear: 69.0919418334961
neutral: 99.36492919921875
sad: 99.00630187988281
neutral: 94.95285034179688
neutral: 99.91304779052734
sad: 99.85066986083984
neutral: 99.98419952392578
neutral: 99.98847198486328
sad: 99.76399993896484
neutral: 99.18502807617188
neutral: 99.92156982421875
neutral: 99.98218536376953
neutral: 99.96028900146484
neutral: 99.9866943359375
sad: 58.358036041259766
sad: 61.739356994628906
neutral: 91.29256439208984
neutral: 80.61959838867188
happy: 96.70144653320312
sad: 97.03156280517578
happy: 96.11400604248047
sad: 87.13788604736328
sad: 98.08829498291016
sad: 99.41128540039062
neutral: 99.98965454101562
neutral: 99.98667907714844
neutral: 99.99431610107422
neutral: 99.99530029296875
neutral: 99.4865951538086
neutral: 99.96751403808594
neutral: 99.63090515136719
neutral: 99.9209976196289
neutral: 80.5186996459961
neutral: 51.28043746948242
neutral: 99.5237045288086
neutral: 99.35877227783203
neutral: 99.50064086914062
neutral: 97.26390075683594
neutral: 98.26361083984375
neutral: 99.73007202148438
neutral: 98.31288146972656
neutral: 98.72008514404297
neutral: 92.42955780029297
neutral: 96.25955963134766
neutral: 98.75800323486328
neutral: 99.83653259277344
neutral: 99.52391052246094
happy: 99.98898315429688
happy: 99.9761962890625
neutral: 87.12153625488281
neutral: 99.9920425415039
neutral: 94.77055358886719
neutral: 98.67410278320312
neutral: 97.53365325927734
neutral: 96.4933853149414
neutral: 97.22285461425781
neutral: 96.25466918945312
angry: 81.34676361083984
angry: 80.14437103271484
sad: 51.01752853393555
sad: 87.39716339111328
sad: 53.35580062866211
sad: 44.6270866394043
happy: 62.471466064453125
happy: 99.77644348144531
neutral: 99.91156768798828
sad: 66.51385498046875
sad: 59.060726165771484
neutral: 98.7519302368164
neutral: 98.21723937988281
neutral: 82.88131713867188
fear: 50.14852523803711
sad: 84.22635650634766
happy: 99.39693450927734
neutral: 67.99967956542969
neutral: 99.52347564697266
neutral: 98.8492431640625
neutral: 99.53728485107422
neutral: 99.35185241699219
neutral: 98.7660903930664
neutral: 98.59040832519531
neutral: 98.52127838134766
neutral: 97.87095642089844
neutral: 95.23542022705078
neutral: 98.02637481689453
neutral: 99.24989318847656
sad: 60.74839401245117
angry: 40.53423309326172
sad: 54.104732513427734
sad: 56.99538040161133
sad: 61.55305480957031
sad: 64.8553237915039
sad: 69.05097198486328
sad: 51.45220184326172
sad: 62.271629333496094
sad: 56.5761833190918
sad: 60.55830001831055
sad: 83.15949249267578
sad: 86.97838592529297
sad: 90.04655456542969
sad: 81.09969329833984
sad: 85.09698486328125
fear: 56.61351013183594
sad: 63.29203796386719
neutral: 48.95506286621094
fear: 99.99720001220703
neutral: 98.80168914794922
fear: 99.99154663085938
neutral: 81.88336944580078
fear: 99.94097137451172
neutral: 99.26042938232422
fear: 99.97880554199219
neutral: 97.45361328125
fear: 99.9937515258789
neutral: 95.63020324707031
sad: 96.42509460449219
sad: 84.2281494140625
happy: 69.72132873535156
neutral: 93.65451049804688
neutral: 97.72024536132812
neutral: 98.03829956054688
fear: 99.99952697753906
neutral: 88.76580047607422
fear: 99.97699737548828
neutral: 96.84243774414062
fear: 99.96501922607422
fear: 99.99252319335938
fear: 99.9992446899414
fear: 99.99726104736328
fear: 99.9942626953125
fear: 99.98975372314453
fear: 99.88938903808594
fear: 99.87364196777344
neutral: 93.19812774658203
neutral: 96.54103088378906
fear: 99.99998474121094
fear: 99.99995422363281
neutral: 86.32543182373047
fear: 99.99928283691406
fear: 99.998291015625
fear: 99.9937744140625
fear: 99.9997329711914
fear: 99.99966430664062
fear: 99.99979400634766
fear: 99.99992370605469
neutral: 64.43132781982422
fear: 99.9999771118164
fear: 99.99987030029297
sad: 95.27999877929688
fear: 55.334835052490234
fear: 77.89791107177734
happy: 83.36592864990234
sad: 66.28683471679688
fear: 41.91767501831055
fear: 96.54035186767578
fear: 98.03211975097656
happy: 49.41838073730469
fear: 99.82658386230469
fear: 90.72444915771484
sad: 78.2828598022461
sad: 93.44695281982422
fear: 89.61038208007812
sad: 99.06195068359375
fear: 99.99738311767578
fear: 99.99909973144531
fear: 99.98998260498047
fear: 95.79598999023438
sad: 88.48039245605469
sad: 99.92308807373047
sad: 74.07784271240234
fear: 99.41600036621094
neutral: 45.14200210571289
fear: 88.44033813476562
neutral: 99.1169204711914
neutral: 51.59292984008789
neutral: 94.48954010009766
fear: 99.99658966064453
fear: 99.89157104492188
sad: 99.98251342773438
happy: 85.11368560791016
sad: 95.21864318847656
neutral: 54.115806579589844
sad: 83.50346374511719
sad: 93.46937561035156
happy: 99.9194564819336
sad: 62.42806625366211
fear: 83.97376251220703
fear: 96.24986267089844
fear: 93.17642974853516
fear: 86.04536437988281
fear: 96.78399658203125
sad: 62.15185546875
fear: 82.62889099121094
neutral: 76.24503326416016
fear: 61.66115188598633
happy: 65.71493530273438
neutral: 98.40989685058594
fear: 88.48268127441406
fear: 92.69085693359375
fear: 99.966796875
fear: 89.7394790649414
fear: 99.97722625732422
fear: 99.97863006591797
fear: 99.87692260742188
fear: 99.9938735961914
fear: 99.99517059326172
fear: 99.98596954345703
fear: 99.44737243652344
fear: 99.9731216430664
fear: 99.99881744384766
fear: 82.69515228271484
fear: 99.36309814453125
fear: 99.99252319335938
fear: 89.7379150390625
neutral: 96.50894927978516
fear: 99.80426025390625
fear: 99.9942398071289
fear: 99.99977111816406
fear: 99.92341613769531
fear: 99.999267578125
fear: 99.89048767089844
fear: 99.94964599609375
neutral: 99.16492462158203
fear: 95.84791564941406
sad: 87.73367309570312
fear: 99.64479064941406
sad: 46.020294189453125
sad: 49.40243148803711
fear: 36.198036193847656
sad: 57.31925964355469
fear: 96.00621795654297
fear: 53.9207878112793
sad: 42.54121398925781
happy: 99.99830627441406
sad: 60.17094421386719
fear: 70.96098327636719
fear: 57.631568908691406
sad: 76.44835662841797
fear: 99.37519073486328
fear: 95.04593658447266
fear: 99.33943176269531
fear: 72.77375793457031
fear: 96.1648941040039
fear: 67.07222747802734
sad: 60.823028564453125
sad: 93.9588394165039
fear: 64.71469116210938
sad: 90.46842956542969
disgust: 96.94285583496094
fear: 49.01161193847656
sad: 56.2525634765625
sad: 58.26438522338867
sad: 96.05941009521484
sad: 78.8606185913086
sad: 99.25703430175781
sad: 98.92520904541016
angry: 97.0543441772461
angry: 94.828857421875
sad: 53.89646530151367
neutral: 70.94831848144531
fear: 99.58124542236328
fear: 92.95281219482422
fear: 89.69615936279297
fear: 67.63105010986328
fear: 97.3123550415039
sad: 69.49354553222656
happy: 88.71328735351562
angry: 47.15703201293945
fear: 65.00621032714844
fear: 59.99778747558594
fear: 93.14859771728516
fear: 92.34660339355469
fear: 77.86469268798828
fear: 71.10296630859375
sad: 69.13946533203125
angry: 77.47945404052734
angry: 98.6951675415039
neutral: 49.21609115600586
sad: 90.15550994873047
sad: 47.05025100708008
sad: 99.26827239990234
sad: 51.406192779541016
angry: 99.27407836914062
sad: 99.56759643554688
sad: 88.39812469482422
sad: 98.27153778076172
fear: 67.56316375732422
angry: 55.5694694519043
angry: 89.76232147216797
angry: 99.33905029296875
sad: 99.51840209960938
angry: 79.5836181640625
angry: 99.72810363769531
sad: 55.982940673828125
fear: 99.66658020019531
fear: 97.95661926269531
fear: 97.5797348022461
fear: 99.4236831665039
fear: 99.14411163330078
fear: 88.96249389648438
fear: 99.34446716308594
fear: 90.38516235351562
sad: 75.92329406738281
sad: 98.38841247558594
fear: 76.71338653564453
sad: 98.18797302246094
sad: 96.62615203857422
sad: 62.398258209228516
sad: 58.936492919921875
neutral: 46.49494552612305
neutral: 36.90555953979492
sad: 99.97828674316406
sad: 99.94617462158203
sad: 99.9395523071289
sad: 99.93148803710938
sad: 99.97748565673828
sad: 99.35104370117188
sad: 99.98103332519531
sad: 98.58075714111328
sad: 99.98442840576172
neutral: 49.35395050048828
sad: 76.1433334350586
sad: 97.48063659667969
sad: 92.69290161132812
angry: 46.25503921508789
neutral: 78.87467956542969
sad: 91.63334655761719
angry: 96.63671112060547
angry: 60.35502243041992
sad: 99.02891540527344
fear: 75.77903747558594
fear: 74.8564224243164
fear: 74.44351196289062
fear: 74.29998779296875
fear: 71.41466522216797
fear: 80.64104461669922
fear: 99.854736328125
fear: 99.94998931884766
fear: 99.97740173339844
sad: 85.67112731933594
fear: 99.73165893554688
neutral: 99.43140411376953
fear: 76.97920227050781
neutral: 92.5384750366211
neutral: 95.29566955566406
neutral: 96.22348022460938
neutral: 94.52694702148438
fear: 76.93231201171875
fear: 75.32643127441406
neutral: 82.17549133300781
fear: 45.31373596191406
sad: 72.48136901855469
neutral: 47.19997024536133
neutral: 88.8169174194336
neutral: 94.52240753173828
neutral: 55.94628143310547
fear: 98.18914031982422
neutral: 88.94570922851562
sad: 99.73252868652344
neutral: 53.68049240112305
neutral: 67.54487609863281
neutral: 99.70613098144531
neutral: 98.19566345214844
angry: 34.915924072265625
fear: 73.8412857055664
neutral: 91.08090209960938
neutral: 93.61505126953125
neutral: 92.50385284423828
neutral: 88.23976135253906
sad: 80.48577117919922
sad: 61.02090072631836
sad: 98.67064666748047
neutral: 97.74011993408203
neutral: 98.19820404052734
neutral: 96.0013427734375
neutral: 94.90412139892578
neutral: 96.40098571777344
fear: 88.98706817626953
sad: 95.29192352294922
neutral: 91.73463439941406
neutral: 57.00913619995117
neutral: 52.32262420654297
neutral: 93.21817016601562
neutral: 97.97810363769531
neutral: 99.02776336669922
neutral: 97.76318359375
neutral: 98.08978271484375
neutral: 99.004150390625
neutral: 98.88722229003906
angry: 99.2689437866211
angry: 99.82572174072266
angry: 99.84456634521484
angry: 94.47863006591797
neutral: 99.36121368408203
neutral: 75.22564697265625
neutral: 98.49134063720703
neutral: 92.93601989746094
neutral: 89.84315490722656
neutral: 93.02214050292969
neutral: 97.51895141601562
neutral: 99.31253051757812
neutral: 99.99105834960938
neutral: 99.9873275756836
neutral: 99.9916000366211
neutral: 99.99406433105469
neutral: 99.98731231689453
neutral: 99.99055480957031
fear: 55.71235656738281
neutral: 52.12263488769531
neutral: 91.61425018310547
neutral: 82.77462005615234
neutral: 99.74058532714844
neutral: 99.9813232421875
neutral: 99.95628356933594
neutral: 96.64222717285156
neutral: 99.95188903808594
sad: 97.6923599243164
sad: 99.96404266357422
sad: 72.62305450439453
fear: 38.25159454345703
sad: 81.12503051757812
sad: 94.21024322509766
fear: 99.80577087402344
fear: 98.7763442993164
fear: 99.16294860839844
fear: 96.09696197509766
fear: 83.4255599975586
neutral: 65.72166442871094
sad: 70.56624603271484
fear: 99.67555236816406
fear: 99.99323272705078
fear: 99.29447937011719
fear: 99.62844848632812
fear: 99.89273834228516
fear: 99.98102569580078
fear: 99.99737548828125
fear: 99.99947357177734
fear: 99.99945068359375
fear: 99.99845123291016
fear: 99.98592376708984
fear: 99.99958038330078
fear: 99.85884857177734
fear: 99.96055603027344
fear: 99.82313537597656
angry: 66.0664291381836
happy: 97.27752685546875
happy: 79.18822479248047
happy: 61.500877380371094
fear: 96.53999328613281
fear: 99.98219299316406
fear: 99.7141342163086
fear: 96.68335723876953
fear: 99.87718200683594
angry: 59.87007522583008
angry: 55.422645568847656
fear: 99.99998474121094
fear: 99.79051971435547
fear: 65.05158233642578
angry: 99.78396606445312
angry: 61.848426818847656
angry: 98.23075103759766
fear: 99.92755889892578
fear: 99.15471649169922
fear: 99.99385070800781
fear: 99.9988784790039
fear: 80.45133209228516
fear: 63.55301284790039
angry: 98.94105529785156
fear: 54.77299499511719
angry: 97.74114227294922
angry: 75.22547149658203
fear: 79.77699279785156
neutral: 59.809165954589844
fear: 99.20452117919922
fear: 98.680419921875
fear: 99.80445861816406
angry: 77.94000244140625
fear: 99.80020904541016
fear: 97.01499938964844
fear: 55.041290283203125
fear: 94.5793228149414
fear: 99.36455535888672
fear: 99.88626098632812
fear: 99.85296630859375
angry: 95.08116149902344
fear: 98.97700500488281
fear: 92.2844009399414
fear: 97.26216125488281
fear: 99.98051452636719
fear: 99.66902923583984
sad: 77.11878204345703
fear: 73.6094970703125
fear: 83.93628692626953
sad: 54.622928619384766
fear: 99.56944274902344
angry: 81.38424682617188
sad: 50.740943908691406
angry: 66.08949279785156
sad: 97.32691955566406
sad: 94.40531921386719
sad: 95.31617736816406
sad: 96.03925323486328
angry: 98.25117492675781
angry: 94.81193542480469
angry: 98.5588150024414
angry: 99.64193725585938
angry: 99.06938934326172
angry: 97.43749237060547
angry: 98.88397216796875
sad: 79.46890258789062
sad: 80.28001403808594
sad: 85.98951721191406
angry: 98.46002960205078
angry: 93.65125274658203
angry: 98.79816436767578
angry: 97.92252349853516
fear: 73.18531799316406
sad: 97.9255599975586
sad: 88.94354248046875
fear: 99.9491958618164
fear: 95.57099151611328
fear: 99.98095703125
fear: 99.39763641357422
fear: 76.88729095458984
fear: 99.99752807617188
fear: 99.98637390136719
fear: 99.89646911621094
fear: 98.77883911132812
fear: 99.13604736328125
fear: 97.93415069580078
fear: 98.71208953857422
fear: 98.0135726928711
fear: 98.16081237792969
fear: 98.26950073242188
fear: 97.52494812011719
fear: 97.65118408203125
fear: 99.13878631591797
fear: 97.83270263671875
fear: 97.38748168945312
fear: 94.47041320800781
fear: 81.90966033935547
fear: 93.43392944335938
fear: 99.84203338623047
fear: 99.64771270751953
fear: 99.9078369140625
fear: 99.92892456054688
fear: 99.89082336425781
fear: 64.13423156738281
fear: 74.29253387451172
fear: 99.19586181640625
fear: 78.04944610595703
fear: 93.83940124511719
fear: 99.90585327148438
fear: 96.26653289794922
fear: 99.994384765625
fear: 97.5238265991211
fear: 98.6378402709961
fear: 98.48108673095703
fear: 99.53360748291016
fear: 93.67810821533203
fear: 92.12443542480469
fear: 87.48928833007812
fear: 99.98628997802734
fear: 99.99464416503906
fear: 99.9868392944336
fear: 99.05586242675781
fear: 98.9256820678711
fear: 99.95225524902344
fear: 99.95083618164062
fear: 99.67312622070312
fear: 98.7868423461914
fear: 93.2362060546875
fear: 96.79911041259766
angry: 94.77940368652344
angry: 98.96015930175781
angry: 98.35098266601562
angry: 98.32229614257812
angry: 52.981117248535156
fear: 75.0041732788086
angry: 87.4751968383789
angry: 86.9209213256836
happy: 99.96370697021484
sad: 69.62281036376953
fear: 61.5045166015625
fear: 99.9679183959961
fear: 99.97261810302734
fear: 99.96440887451172
fear: 99.93013000488281
fear: 99.9999771118164
fear: 70.88754272460938
sad: 83.56346893310547
fear: 99.72384643554688
fear: 99.7299575805664
fear: 99.526123046875
fear: 96.3783950805664
fear: 97.9057846069336
fear: 99.84880065917969
fear: 79.30876922607422
fear: 99.94654083251953
fear: 99.96483612060547
fear: 99.98136901855469
fear: 99.98373413085938
sad: 85.7857666015625
sad: 98.09777069091797
sad: 96.59571075439453
sad: 97.39768981933594
fear: 76.9035415649414
angry: 94.29137420654297
angry: 95.72881317138672
angry: 97.00298309326172
angry: 99.26276397705078
sad: 92.26024627685547
sad: 79.85343170166016
fear: 99.99923706054688
fear: 99.99716186523438
fear: 99.99102020263672
fear: 99.9613037109375
fear: 99.99447631835938
fear: 99.99402618408203
fear: 99.99004364013672
fear: 99.9927749633789
fear: 99.98770904541016
fear: 99.99314880371094
fear: 99.99686431884766
angry: 54.61629104614258
sad: 74.591064453125
sad: 98.30436706542969
angry: 99.61058807373047
angry: 98.83877563476562
angry: 94.76737213134766
angry: 92.97631072998047
angry: 99.13134765625
angry: 98.66698455810547
fear: 99.99627685546875
fear: 99.99807739257812
fear: 99.99971008300781
fear: 99.99971008300781
fear: 99.9992446899414
fear: 99.99910736083984
fear: 99.99951171875
fear: 99.99970245361328
fear: 99.99944305419922
fear: 99.99893951416016
fear: 99.99922180175781
fear: 99.99945068359375
fear: 99.99934387207031
fear: 99.99917602539062
fear: 99.99898529052734
fear: 99.99913024902344
fear: 99.99927520751953
fear: 99.99951171875
fear: 99.99955749511719
fear: 99.9994888305664
fear: 99.9996566772461
fear: 99.99960327148438
fear: 99.99930572509766
fear: 99.99903869628906
fear: 99.99996185302734
fear: 99.99984741210938
fear: 99.99993896484375
fear: 99.99734497070312
fear: 99.99944305419922
fear: 99.99977111816406
fear: 99.9998779296875
fear: 99.99982452392578
fear: 99.99822235107422
sad: 98.18360900878906
angry: 99.77490234375
neutral: 85.28515625
sad: 72.76844787597656
sad: 77.67323303222656
sad: 88.63690948486328
fear: 99.72571563720703
sad: 95.14759063720703
sad: 99.90226745605469
sad: 99.94828796386719
sad: 99.92842102050781
sad: 99.94523620605469
angry: 96.818359375
fear: 99.99983978271484
fear: 99.99990844726562
fear: 99.99983215332031
fear: 99.99911499023438
fear: 99.99905395507812
fear: 99.9989013671875
fear: 99.99925231933594
fear: 99.99930572509766
fear: 99.99845886230469
sad: 99.97894287109375
sad: 99.59749603271484
fear: 99.99983215332031
fear: 99.99980926513672
fear: 99.99978637695312
fear: 99.99971008300781
fear: 99.99980926513672
fear: 99.99981689453125
fear: 99.99967956542969
fear: 99.99972534179688
fear: 99.99964141845703
fear: 99.99990844726562
fear: 99.99999237060547
fear: 99.99990844726562
fear: 99.99909210205078
fear: 99.9931869506836
fear: 99.88933563232422
fear: 99.99967193603516
fear: 99.4688949584961
fear: 99.8804931640625
fear: 76.83407592773438
fear: 99.58972930908203
fear: 79.80970001220703
fear: 99.44265747070312
fear: 74.55968475341797
fear: 99.29788970947266
angry: 72.2342529296875
fear: 87.62603759765625
fear: 99.7993392944336
fear: 99.28314208984375
fear: 99.88445281982422
fear: 99.97371673583984
fear: 99.99588012695312
fear: 99.98858642578125
fear: 85.01219177246094
fear: 96.11260986328125
fear: 90.55884552001953
fear: 77.38404083251953
fear: 95.52118682861328
fear: 95.27210235595703
fear: 94.25372314453125
fear: 94.12498474121094
fear: 93.89897155761719
fear: 87.84553527832031
fear: 92.23567199707031
fear: 87.19697570800781
fear: 86.98778533935547
fear: 90.9146728515625
fear: 82.81192016601562
fear: 88.8750228881836
fear: 91.54600524902344
angry: 99.82134246826172
fear: 95.27800750732422
fear: 88.52437591552734
fear: 66.79537200927734
fear: 98.29157257080078
fear: 97.9412841796875
fear: 95.97628021240234
fear: 99.73599243164062
fear: 93.54268646240234
fear: 99.98778533935547
fear: 96.7314682006836
fear: 96.05774688720703
fear: 50.91587448120117
fear: 99.99878692626953
fear: 99.6594467163086
fear: 90.71967315673828
fear: 89.82865142822266
fear: 93.21967315673828
fear: 91.28379821777344
fear: 90.13951873779297
fear: 88.62944030761719
angry: 54.000125885009766
fear: 62.60089874267578
angry: 53.23480224609375
sad: 70.57608032226562
sad: 99.82875061035156
angry: 87.90773010253906
fear: 51.38018798828125
sad: 96.57560729980469
sad: 80.80513000488281
sad: 93.36644744873047
sad: 91.26260375976562
sad: 81.23081970214844
sad: 62.3333625793457
sad: 66.9712905883789
sad: 83.24666595458984
fear: 68.6216049194336
fear: 95.7554702758789
fear: 97.61099243164062
angry: 57.94734191894531
fear: 99.9917984008789
fear: 99.64022827148438
fear: 98.86873626708984
angry: 93.75296020507812
angry: 97.25222778320312
fear: 93.44015502929688
fear: 92.85588073730469
fear: 99.77217864990234
fear: 99.95928955078125
fear: 50.46169662475586
fear: 51.8667106628418
angry: 58.10725784301758
angry: 71.33802032470703
angry: 74.90532684326172
sad: 33.037113189697266
angry: 99.93840026855469
fear: 97.58771514892578
fear: 99.2325668334961
fear: 90.91316223144531
neutral: 98.07406616210938
neutral: 81.50559997558594
neutral: 99.72026062011719
neutral: 52.464752197265625
neutral: 94.85626220703125
fear: 79.00213623046875
neutral: 93.94644927978516
neutral: 61.522926330566406
neutral: 92.64704132080078
fear: 87.63640594482422
fear: 49.220298767089844
fear: 34.852333068847656
fear: 36.88722610473633
fear: 36.62141036987305
fear: 42.55367660522461
fear: 41.49015426635742
sad: 51.92482376098633
neutral: 58.99042510986328
angry: 73.17156982421875
angry: 94.10556030273438
angry: 68.52005767822266
angry: 80.61400604248047
neutral: 54.1641960144043
angry: 85.30460357666016
angry: 67.25872039794922
angry: 90.20084381103516
fear: 71.6874008178711
fear: 95.00447845458984
neutral: 62.102813720703125
angry: 94.95838928222656
fear: 98.22663879394531
angry: 87.31425476074219
fear: 66.5422134399414
fear: 99.46488189697266
fear: 98.75737762451172
fear: 98.29737091064453
fear: 99.85481262207031
angry: 98.31123352050781
fear: 96.8858642578125
fear: 97.37543487548828
fear: 99.99150085449219
fear: 96.30542755126953
fear: 97.52410888671875
fear: 99.5780029296875
fear: 99.98633575439453
neutral: 59.17303466796875
fear: 99.99967193603516
sad: 47.0471305847168
fear: 99.98930358886719
fear: 99.82472229003906
fear: 99.99324035644531
fear: 99.99954986572266
fear: 99.89917755126953
neutral: 47.34768295288086
sad: 99.98207092285156
fear: 91.50768280029297
fear: 99.80648040771484
fear: 99.97483825683594
fear: 99.99874114990234
fear: 99.99951934814453
fear: 78.78925323486328
angry: 84.52792358398438
angry: 96.97755432128906
angry: 50.48526382446289
fear: 99.92002868652344
fear: 99.8368911743164
fear: 99.54183197021484
angry: 60.190879821777344
fear: 98.9544448852539
fear: 97.9520034790039
fear: 98.64112854003906
fear: 99.99984741210938
fear: 99.99961853027344
fear: 99.9932632446289
fear: 99.21752166748047
fear: 99.9990234375
fear: 99.99853515625
fear: 99.99950408935547
fear: 99.99940490722656
fear: 99.4793701171875
fear: 99.9996109008789
fear: 99.99984741210938
fear: 99.97640228271484
fear: 99.99911499023438
fear: 99.99976348876953
fear: 99.99462127685547
fear: 99.99710845947266
fear: 99.99597930908203
fear: 99.8721694946289
fear: 99.98306274414062
fear: 99.99723815917969
fear: 99.9974594116211
fear: 99.9793701171875
fear: 99.99890899658203
fear: 99.98638153076172
fear: 99.97500610351562
fear: 99.99369812011719
fear: 99.99411010742188
fear: 99.99808502197266
fear: 99.94458770751953
fear: 99.97434997558594
fear: 99.90547943115234
fear: 99.7623291015625
fear: 99.91926574707031
fear: 99.95529174804688
fear: 99.68804931640625
fear: 99.90690612792969
fear: 99.30220031738281
fear: 99.96450805664062
fear: 99.74182891845703
fear: 99.81669616699219
fear: 99.96685791015625
fear: 99.95508575439453
fear: 99.88312530517578
fear: 99.5634536743164
fear: 84.67741394042969
fear: 56.497406005859375
surprise: 99.66960906982422
surprise: 99.38731384277344
surprise: 99.89970397949219
surprise: 99.99493408203125
surprise: 99.99919128417969
surprise: 99.99883270263672
surprise: 99.99809265136719
surprise: 99.9987564086914
surprise: 99.99724578857422
surprise: 99.99858093261719
surprise: 99.99893951416016
surprise: 99.9986801147461
surprise: 99.99928283691406
surprise: 99.99919128417969
surprise: 99.99958038330078
surprise: 99.99972534179688
surprise: 99.99946594238281
surprise: 99.99913024902344
surprise: 99.99903106689453
surprise: 99.9993896484375
surprise: 99.99964141845703
surprise: 99.99974822998047
surprise: 99.99968719482422
surprise: 99.99942779541016
surprise: 99.99922180175781
surprise: 99.99929809570312
surprise: 99.99954986572266
surprise: 99.99968719482422
surprise: 99.99966430664062
surprise: 99.99970245361328
surprise: 99.999755859375
surprise: 99.99964141845703
surprise: 99.9995346069336
surprise: 99.99961853027344
surprise: 99.99972534179688
surprise: 99.9996566772461
surprise: 99.9996566772461
surprise: 99.9994888305664
surprise: 99.99960327148438
surprise: 99.99961853027344
surprise: 99.99954986572266
surprise: 99.99951171875
surprise: 99.99944305419922
surprise: 99.99935913085938
surprise: 99.99935150146484
surprise: 99.99925994873047
surprise: 99.999267578125
surprise: 99.9993667602539
surprise: 99.9994888305664
surprise: 99.99826049804688
surprise: 99.99755096435547
surprise: 99.997314453125
surprise: 99.99832153320312
surprise: 99.99911499023438
surprise: 99.99966430664062
surprise: 99.99964141845703
surprise: 99.99944305419922
surprise: 99.99961853027344
surprise: 99.98892211914062
surprise: 99.99248504638672
surprise: 99.99691009521484
surprise: 99.99724578857422
surprise: 99.99693298339844
surprise: 99.99773406982422
surprise: 99.9968032836914
surprise: 99.99732971191406
surprise: 99.99739837646484
surprise: 99.99974822998047
surprise: 99.99954986572266
surprise: 99.99716186523438
surprise: 99.99441528320312
surprise: 99.9948959350586
fear: 53.69517135620117
sad: 50.4784049987793
fear: 90.75906372070312
sad: 99.9996337890625
fear: 59.96511459350586
sad: 54.92376708984375
neutral: 61.31243896484375
neutral: 71.29016876220703
neutral: 38.26011276245117
neutral: 27.739599227905273
neutral: 35.09251022338867
neutral: 37.142459869384766
neutral: 49.350013732910156
fear: 61.606597900390625
fear: 59.29395294189453
fear: 46.34145736694336
neutral: 66.66867065429688
fear: 84.96278381347656
fear: 64.44541931152344
sad: 68.74885559082031
sad: 51.240753173828125
neutral: 72.65007781982422
surprise: 39.33078384399414
fear: 90.0140380859375
angry: 99.88789367675781
angry: 99.90904235839844
angry: 99.91754150390625
angry: 99.94236755371094
angry: 99.92164611816406
angry: 99.89213562011719
angry: 99.03874969482422
angry: 99.8062744140625
angry: 99.75126647949219
angry: 99.85199737548828
angry: 99.83419799804688
angry: 99.86944580078125
angry: 99.88115692138672
angry: 99.86965942382812
angry: 99.84835815429688
angry: 99.83882904052734
angry: 99.87066650390625
angry: 99.48973846435547
angry: 99.76699829101562
angry: 99.65766906738281
angry: 99.60285186767578
angry: 99.75497436523438
angry: 99.77459716796875
angry: 99.859375
angry: 99.86572265625
angry: 99.97510528564453
angry: 99.96652221679688
angry: 99.96800994873047
angry: 80.0649642944336
angry: 96.864013671875
angry: 89.13176727294922
angry: 88.91329956054688
sad: 45.9454231262207
sad: 89.39218139648438
sad: 76.68948364257812
sad: 49.45768737792969
fear: 99.64764404296875
fear: 99.77347564697266
happy: 99.20972442626953
neutral: 99.9993896484375
neutral: 94.3922119140625
fear: 87.10470581054688
fear: 38.61850357055664
neutral: 80.54092407226562
neutral: 86.68407440185547
neutral: 82.3902816772461
neutral: 98.81681823730469
happy: 67.8778076171875
fear: 83.342041015625
sad: 82.28462219238281
sad: 64.35161590576172
sad: 66.32208251953125
fear: 89.9814682006836
sad: 39.334651947021484
fear: 56.08205032348633
neutral: 52.28123474121094
neutral: 57.077247619628906
fear: 48.80984115600586
fear: 94.31616973876953
sad: 48.97402572631836
fear: 62.53445816040039
fear: 97.33619689941406
neutral: 92.77542114257812
neutral: 92.93519592285156
neutral: 76.57157135009766
neutral: 79.05184173583984
fear: 75.1825180053711
sad: 71.61151885986328
fear: 47.271976470947266
fear: 55.67609405517578
fear: 67.09127044677734
neutral: 80.70518493652344
neutral: 65.83370971679688
neutral: 68.32225799560547
fear: 43.8864860534668
fear: 95.92772674560547
neutral: 76.0507583618164
sad: 88.03544616699219
sad: 93.74916076660156
sad: 67.49661254882812
happy: 97.205078125
sad: 75.13272094726562
sad: 81.90847778320312
sad: 38.4906005859375
neutral: 35.186134338378906
neutral: 71.54595947265625
sad: 89.70780944824219
angry: 99.85970306396484
neutral: 90.9319839477539
neutral: 99.68404388427734
neutral: 99.75440979003906
neutral: 99.59615325927734
neutral: 99.53597259521484
neutral: 98.76602172851562
neutral: 95.75902557373047
neutral: 99.18711853027344
neutral: 99.7327651977539
neutral: 98.6523208618164
neutral: 98.87137603759766
neutral: 96.44293212890625
sad: 84.04190826416016
sad: 62.787254333496094
sad: 71.57479858398438
sad: 51.12532424926758
neutral: 49.775306701660156
sad: 78.17999267578125
sad: 73.2126235961914
fear: 99.94941711425781
sad: 76.6658935546875
sad: 85.50199127197266
sad: 91.27259063720703
sad: 70.9627914428711
neutral: 51.76506042480469
sad: 65.37764739990234
neutral: 70.50942993164062
sad: 38.53129577636719
sad: 83.9290771484375
neutral: 35.773441314697266
sad: 96.77806854248047
sad: 66.30249786376953
sad: 99.78118896484375
angry: 59.831424713134766
angry: 47.80937957763672
sad: 49.557884216308594
sad: 56.73729705810547
neutral: 90.44950866699219
angry: 44.367347717285156
sad: 49.91923904418945
sad: 56.747344970703125
sad: 56.34727478027344
sad: 55.24566650390625
sad: 54.832252502441406
sad: 57.67573547363281
sad: 51.25836181640625
angry: 55.79422378540039
sad: 53.8964729309082
sad: 55.29681396484375
sad: 82.36174774169922
fear: 53.7550163269043
sad: 87.6730728149414
sad: 79.66704559326172
neutral: 78.01878356933594
fear: 51.1473388671875
sad: 49.48236083984375
neutral: 79.63645935058594
sad: 77.22756958007812
fear: 46.031856536865234
neutral: 77.46245574951172
fear: 66.54327392578125
sad: 54.549129486083984
angry: 67.635986328125
sad: 41.59951400756836
fear: 96.51319885253906
fear: 99.10602569580078
fear: 76.14521789550781
fear: 75.14116668701172
fear: 77.36495208740234
fear: 50.915653228759766
fear: 67.59078216552734
fear: 59.6609001159668
fear: 75.58843994140625
fear: 89.36219024658203
fear: 87.50428009033203
fear: 86.94566345214844
fear: 91.48937225341797
neutral: 55.55332946777344
fear: 87.5354995727539
fear: 85.36624145507812
fear: 89.16635131835938
fear: 74.6838607788086
fear: 92.31964874267578
fear: 79.99622344970703
fear: 82.3041763305664
fear: 93.28617095947266
fear: 91.59732055664062
fear: 85.90599822998047
fear: 95.7182846069336
fear: 96.13140869140625
fear: 81.33834075927734
fear: 96.11587524414062
fear: 96.35018920898438
fear: 97.56441497802734
fear: 95.66725158691406
fear: 95.25164794921875
fear: 88.75444793701172
fear: 35.395694732666016
surprise: 48.49504089355469
fear: 41.061378479003906
fear: 54.62765884399414
surprise: 54.9445915222168
fear: 79.65291595458984
fear: 85.76004791259766
fear: 86.9139633178711
fear: 89.43821716308594
fear: 83.13766479492188
fear: 87.71098327636719
fear: 92.42156982421875
fear: 94.2105712890625
fear: 92.51951599121094
fear: 90.07244873046875
fear: 95.6082992553711
fear: 96.5109634399414
fear: 93.34127044677734
fear: 90.51577758789062
fear: 96.15312194824219
fear: 95.26515197753906
fear: 96.3632583618164
fear: 96.15185546875
fear: 92.45629119873047
fear: 98.6456069946289
sad: 81.4666748046875
sad: 72.947509765625
fear: 48.61174774169922
sad: 48.794246673583984
sad: 76.64404296875
sad: 77.49000549316406
angry: 67.05231475830078
sad: 54.5843505859375
angry: 62.97649002075195
angry: 58.53940963745117
sad: 49.298377990722656
sad: 66.4967269897461
sad: 88.5439453125
sad: 87.35639190673828
fear: 58.38402557373047
sad: 59.44878387451172
neutral: 77.35935974121094
sad: 38.037086486816406
sad: 99.17106628417969
neutral: 57.592647552490234
sad: 99.9940185546875
fear: 61.4285774230957
sad: 58.30875015258789
sad: 87.5299072265625
fear: 49.39779281616211
sad: 38.72315979003906
sad: 99.99996185302734
sad: 94.63662719726562
sad: 56.52686309814453
sad: 54.65327453613281
fear: 43.665977478027344
sad: 58.123104095458984
neutral: 99.94158172607422
sad: 61.05807113647461
sad: 70.93181610107422
sad: 62.95716094970703
fear: 53.61125564575195
sad: 85.6197509765625
sad: 92.83346557617188
sad: 81.63945007324219
sad: 89.53713989257812
sad: 95.30704498291016
sad: 92.29798126220703
sad: 85.46582794189453
sad: 88.55604553222656
sad: 86.0573959350586
sad: 90.21267700195312
sad: 89.08905792236328
angry: 99.80191802978516
angry: 96.19279479980469
angry: 99.90167236328125
angry: 66.95606994628906
angry: 94.48666381835938
angry: 95.7238540649414
angry: 95.7403335571289
angry: 94.06924438476562
angry: 94.63017272949219
angry: 96.31856536865234
angry: 96.79682159423828
angry: 96.09759521484375
angry: 91.28538513183594
angry: 96.06561279296875
angry: 98.44969177246094
angry: 97.15999603271484
angry: 94.01150512695312
angry: 96.04234313964844
angry: 98.404052734375
angry: 96.26111602783203
angry: 95.73355102539062
angry: 95.09661102294922
angry: 91.68095397949219
angry: 94.7054672241211
angry: 91.7617416381836
angry: 97.64201354980469
angry: 99.68020629882812
angry: 84.60310363769531
angry: 99.93104553222656
angry: 99.89497375488281
sad: 44.080570220947266
fear: 90.43904113769531
angry: 97.02143096923828
fear: 32.92229461669922
angry: 81.70577239990234
angry: 98.6911392211914
neutral: 71.16305541992188
sad: 90.75016784667969
angry: 99.93792724609375
angry: 99.9765853881836
sad: 80.04679107666016
neutral: 68.47185516357422
neutral: 61.34486770629883
neutral: 95.51371002197266
happy: 51.42693328857422
happy: 89.95478057861328
neutral: 71.28520965576172
neutral: 75.67819213867188
angry: 95.7177505493164
angry: 80.67715454101562
angry: 70.27574920654297
angry: 97.03839111328125
angry: 97.92240905761719
angry: 98.51392364501953
angry: 98.4681167602539
angry: 68.29779052734375
angry: 99.68177032470703
angry: 99.112548828125
neutral: 99.66465759277344
angry: 96.65666198730469
angry: 97.66988372802734
angry: 98.05729675292969
angry: 99.73827362060547
angry: 99.06062316894531
angry: 99.06309509277344
angry: 99.89359283447266
angry: 97.02596282958984
angry: 91.0971450805664
angry: 98.34620666503906
angry: 99.88457489013672
angry: 99.5887222290039
angry: 99.47547912597656
angry: 85.17933654785156
neutral: 45.572662353515625
angry: 94.4711685180664
sad: 50.940853118896484
sad: 51.59375762939453
angry: 51.298065185546875
neutral: 82.11624908447266
neutral: 58.21067810058594
neutral: 87.79450988769531
angry: 73.74333953857422
angry: 76.85588073730469
angry: 77.84822845458984
angry: 79.15447998046875
angry: 81.93754577636719
angry: 74.34347534179688
angry: 74.7748031616211
angry: 74.16021728515625
angry: 77.43880462646484
angry: 76.09332275390625
angry: 78.8483657836914
angry: 79.8848648071289
angry: 91.1928939819336
angry: 87.26715087890625
angry: 88.40474700927734
angry: 85.788330078125
angry: 87.35216522216797
angry: 86.1858139038086
angry: 86.7548828125
angry: 85.00383758544922
angry: 89.695556640625
angry: 86.986328125
angry: 49.609859466552734
angry: 47.07440948486328
neutral: 52.42759704589844
neutral: 63.94784927368164
neutral: 69.99347686767578
angry: 86.62300109863281
angry: 84.68877410888672
angry: 85.5815200805664
angry: 87.16350555419922
angry: 86.07809448242188
angry: 86.74656677246094
angry: 84.17485046386719
angry: 88.14212036132812
angry: 85.62210083007812
angry: 85.78885650634766
angry: 86.4197998046875
angry: 84.03569030761719
angry: 88.40071868896484
angry: 88.80180358886719
angry: 89.23635864257812
angry: 85.57965087890625
angry: 76.25787353515625
angry: 84.92630004882812
angry: 88.78075408935547
neutral: 53.413429260253906
angry: 53.9354133605957
angry: 87.79734802246094
angry: 84.3853530883789
neutral: 71.37312316894531
angry: 68.17945861816406
neutral: 92.52381896972656
neutral: 95.38607025146484
neutral: 51.45802688598633
fear: 68.69740295410156
sad: 97.82630157470703
fear: 59.46247482299805
angry: 77.5924072265625
sad: 96.42189025878906
sad: 97.57215118408203
neutral: 70.75334167480469
sad: 97.554931640625
neutral: 56.98698806762695
neutral: 99.11628723144531
neutral: 53.05360412597656
angry: 91.6182861328125
angry: 93.36158752441406
angry: 90.71583557128906
angry: 84.34403228759766
angry: 90.95663452148438
angry: 96.19605255126953
angry: 79.19165802001953
angry: 74.93875122070312
angry: 70.48380279541016
angry: 69.5419692993164
angry: 75.73343658447266
angry: 76.74185180664062
angry: 86.04659271240234
angry: 73.74862670898438
neutral: 50.45684814453125
angry: 52.58890914916992
neutral: 50.533592224121094
angry: 55.88084411621094
angry: 64.9903793334961
angry: 59.076087951660156
neutral: 73.57334899902344
neutral: 54.48107147216797
neutral: 53.171913146972656
neutral: 51.337772369384766
neutral: 53.375118255615234
neutral: 55.69987487792969
neutral: 53.09994888305664
neutral: 51.79447937011719
angry: 50.900943756103516
neutral: 51.383399963378906
angry: 52.54643630981445
neutral: 51.2366943359375
angry: 52.061641693115234
angry: 52.69659423828125
angry: 50.342796325683594
angry: 53.28374481201172
neutral: 52.986961364746094
angry: 73.44032287597656
angry: 58.753822326660156
angry: 69.07476043701172
angry: 73.6858139038086
angry: 58.87122344970703
neutral: 54.550498962402344
neutral: 49.925018310546875
neutral: 60.51424026489258
angry: 75.70050811767578
neutral: 50.282779693603516
neutral: 49.79398727416992
angry: 65.98234558105469
neutral: 56.52000427246094
angry: 51.30630874633789
angry: 74.18714904785156
angry: 51.240177154541016
angry: 69.19642639160156
angry: 76.99332427978516
angry: 92.20402526855469
angry: 81.0522689819336
neutral: 68.29412841796875
neutral: 50.67853927612305
angry: 49.62286376953125
angry: 62.067138671875
neutral: 50.19217300415039
neutral: 54.48992919921875
neutral: 53.171669006347656
angry: 51.23200988769531
angry: 54.00417709350586
neutral: 74.77481842041016
neutral: 76.8238754272461
angry: 61.6651496887207
angry: 56.467689514160156
angry: 66.25862884521484
angry: 72.86351013183594
angry: 70.81306457519531
angry: 61.67229080200195
angry: 64.3138427734375
angry: 69.50331115722656
angry: 79.5240478515625
angry: 69.94595336914062
angry: 74.69146728515625
angry: 73.23387908935547
angry: 82.7391357421875
angry: 68.3227767944336
neutral: 68.85337829589844
neutral: 73.2087631225586
neutral: 54.89820098876953
angry: 73.41114044189453
angry: 84.26790618896484
neutral: 76.29264068603516
angry: 92.89258575439453
angry: 80.4923095703125
angry: 97.6363296508789
angry: 92.35294342041016
angry: 92.2171859741211
angry: 89.95819091796875
angry: 89.69432830810547
angry: 82.47884368896484
angry: 86.46709442138672
angry: 81.0312271118164
angry: 86.37525939941406
angry: 83.49488067626953
angry: 86.69664001464844
angry: 83.60844421386719
angry: 89.2389144897461
angry: 88.41175842285156
angry: 84.65752410888672
angry: 94.60064697265625
angry: 94.88085174560547
angry: 93.32942962646484
angry: 96.89239501953125
angry: 90.30171203613281
angry: 98.94422149658203
angry: 96.39447021484375
angry: 78.26341247558594
angry: 72.87400817871094
angry: 64.21593475341797
angry: 50.90952682495117
angry: 67.57598876953125
angry: 74.17024993896484
angry: 82.36344146728516
angry: 76.30575561523438
angry: 79.89859771728516
angry: 86.40299987792969
angry: 84.35176849365234
angry: 77.92439270019531
angry: 87.4494857788086
angry: 71.60324096679688
angry: 63.20319747924805
angry: 85.57540893554688
angry: 64.55005645751953
angry: 65.03338623046875
angry: 65.5101547241211
angry: 73.85181427001953
angry: 79.38906860351562
angry: 65.2471694946289
angry: 79.61433410644531
angry: 66.91918182373047
angry: 77.19426727294922
angry: 83.5055923461914
angry: 74.81034088134766
angry: 61.3354377746582
angry: 54.90388488769531
neutral: 65.34514617919922
neutral: 81.68208312988281
angry: 59.46342468261719
angry: 73.39820861816406
angry: 74.40963745117188
angry: 81.2923583984375
angry: 70.67817687988281
angry: 57.81939697265625
angry: 75.57184600830078
angry: 72.26394653320312
angry: 75.54781341552734
angry: 71.62539672851562
angry: 72.13346099853516
angry: 71.04764556884766
angry: 70.31818389892578
angry: 67.56999206542969
angry: 72.9635009765625
angry: 90.1182861328125
angry: 69.76116180419922
angry: 83.67572784423828
angry: 82.92976379394531
angry: 82.89665222167969
angry: 91.32083892822266
angry: 86.8043212890625
angry: 54.808860778808594
neutral: 91.4751205444336
neutral: 74.28166198730469
angry: 50.142967224121094
angry: 68.7883071899414
angry: 66.3523941040039
angry: 65.93843078613281
angry: 66.8873062133789
angry: 73.8227310180664
angry: 86.9999771118164
angry: 83.86009216308594
angry: 81.17782592773438
angry: 90.63167572021484
angry: 79.37506866455078
angry: 76.99504852294922
angry: 80.92772674560547
angry: 87.7655029296875
angry: 90.83844757080078
angry: 77.43077087402344
angry: 79.0146255493164
angry: 92.46179962158203
angry: 88.81968688964844
angry: 91.73479461669922
angry: 90.08016967773438
angry: 81.55331420898438
angry: 81.7922134399414
angry: 80.95509338378906
angry: 80.99253845214844
angry: 88.88739013671875
angry: 79.6704330444336
angry: 93.79298400878906
angry: 89.11263275146484
angry: 91.32795715332031
angry: 91.97370910644531
angry: 86.72932434082031
angry: 90.30103302001953
angry: 92.68485260009766
angry: 83.84736633300781
angry: 81.24340057373047
angry: 87.87126922607422
angry: 88.5438232421875
angry: 81.8777847290039
angry: 79.9578857421875
angry: 82.5762710571289
angry: 79.84362030029297
angry: 84.92034149169922
angry: 82.14847564697266
angry: 77.28303527832031
angry: 81.8113784790039
angry: 88.98270416259766
angry: 91.35517120361328
angry: 86.06722259521484
angry: 95.91595458984375
angry: 85.87600708007812
angry: 89.27355194091797
angry: 89.96741485595703
angry: 91.36844635009766
angry: 91.91997528076172
angry: 92.2366714477539
angry: 97.24665832519531
angry: 78.59796142578125
angry: 56.239261627197266
angry: 53.595882415771484
angry: 64.36101531982422
angry: 60.82734298706055
angry: 77.26822662353516
angry: 58.772560119628906
angry: 61.11715316772461
angry: 57.97188186645508
angry: 61.20063781738281
angry: 57.61001968383789
angry: 61.79459762573242
angry: 60.706783294677734
angry: 59.73417663574219
angry: 64.03106689453125
angry: 56.75469970703125
angry: 70.29557800292969
angry: 62.25859451293945
angry: 62.218597412109375
angry: 67.76194763183594
angry: 69.73954772949219
angry: 61.327640533447266
angry: 65.68038940429688
angry: 76.67964935302734
angry: 63.9796142578125
angry: 75.951416015625
angry: 60.185001373291016
angry: 61.94593811035156
angry: 54.845237731933594
angry: 59.507896423339844
angry: 60.463558197021484
angry: 59.665382385253906
angry: 63.267452239990234
angry: 59.11865997314453
angry: 76.83712005615234
angry: 72.68221282958984
angry: 70.87934112548828
angry: 59.40717315673828
angry: 59.60151290893555
angry: 62.5422248840332
angry: 62.64825439453125
angry: 58.407066345214844
angry: 60.42890548706055
angry: 64.33263397216797
angry: 58.02519226074219
angry: 62.83382797241211
angry: 71.72682189941406
angry: 62.92572784423828
angry: 63.33426284790039
angry: 78.92950439453125
angry: 56.15586471557617
angry: 64.07941436767578
angry: 66.11631774902344
angry: 65.3907470703125
angry: 62.13108825683594
angry: 77.11347961425781
angry: 61.1426887512207
angry: 67.45303344726562
angry: 62.392181396484375
angry: 80.53812408447266
angry: 67.42155456542969
angry: 86.4661865234375
angry: 88.82818603515625
angry: 62.57366943359375
angry: 61.490787506103516
angry: 72.1128158569336
angry: 70.60855865478516
angry: 65.18852996826172
angry: 57.9783935546875
angry: 63.388031005859375
angry: 54.737369537353516
neutral: 72.16513061523438
neutral: 64.09393310546875
angry: 78.04651641845703
angry: 83.27989959716797
angry: 86.88484954833984
angry: 87.44105529785156
angry: 83.38082885742188
angry: 84.53167724609375
angry: 78.28215789794922
angry: 79.145263671875
angry: 79.95203399658203
angry: 91.12715148925781
angry: 90.96969604492188
angry: 88.76341247558594
angry: 86.57353973388672
angry: 87.52247619628906
angry: 88.72547149658203
angry: 89.03458404541016
angry: 92.67841339111328
angry: 96.16474914550781
angry: 86.33303833007812
angry: 91.89482879638672
angry: 88.64363861083984
angry: 89.1168441772461
angry: 87.99324798583984
angry: 86.6475601196289
angry: 88.58544158935547
angry: 93.20844268798828
angry: 89.46343994140625
angry: 88.00457000732422
angry: 89.98199462890625
angry: 86.64794158935547
angry: 92.24321746826172
angry: 88.442138671875
angry: 86.15149688720703
angry: 87.27881622314453
angry: 88.96430969238281
angry: 87.71435546875
angry: 90.47832489013672
angry: 91.37620544433594
angry: 95.98544311523438
angry: 90.18170166015625
angry: 87.39550018310547
angry: 96.67572784423828
angry: 98.9325180053711
angry: 91.57254028320312
angry: 82.96189880371094
angry: 83.11521911621094
angry: 81.3306655883789
angry: 73.29365539550781
angry: 90.49835968017578
angry: 80.56373596191406
angry: 91.43456268310547
angry: 55.66911315917969
angry: 68.49618530273438
neutral: 67.99168395996094
angry: 54.55290222167969
neutral: 58.928253173828125
angry: 70.5350112915039
angry: 76.55583953857422
angry: 77.28485107421875
neutral: 71.75594329833984
neutral: 68.26091003417969
angry: 81.68696594238281
angry: 76.33150482177734
neutral: 61.06783676147461
angry: 56.99250793457031
neutral: 54.1858024597168
neutral: 59.67658996582031
neutral: 49.21487808227539
angry: 62.01128387451172
angry: 54.96455001831055
angry: 61.057857513427734
neutral: 67.27367401123047
angry: 84.75393676757812
angry: 74.18211364746094
angry: 84.52893829345703
angry: 85.19775390625
angry: 93.99147033691406
angry: 91.07809448242188
angry: 83.74533081054688
angry: 81.5058822631836
angry: 87.43463134765625
angry: 85.15039825439453
angry: 85.57801055908203
angry: 79.88188171386719
angry: 75.39146423339844
angry: 68.14675903320312
angry: 66.76734161376953
angry: 62.67585754394531
angry: 68.16075134277344
angry: 85.76632690429688
angry: 85.29280853271484
angry: 83.94993591308594
angry: 83.82836151123047
angry: 71.33890533447266
angry: 83.93011474609375
angry: 62.898582458496094
angry: 77.94766235351562
angry: 89.17235565185547
angry: 88.66572570800781
neutral: 49.9213752746582
angry: 75.83378601074219
angry: 81.9444351196289
angry: 71.11202239990234
angry: 81.76689147949219
angry: 86.60838317871094
angry: 76.47307586669922
angry: 70.72254943847656
angry: 71.83641052246094
angry: 87.81668853759766
angry: 89.51683044433594
angry: 71.6630859375
angry: 74.65375518798828
angry: 83.9184799194336
angry: 78.61321258544922
angry: 85.02848815917969
angry: 90.80580139160156
angry: 87.13404083251953
angry: 83.66531372070312
angry: 85.53050231933594
angry: 88.7574462890625
angry: 87.6718521118164
angry: 86.50399017333984
angry: 83.95622253417969
angry: 74.7612533569336
angry: 86.39556121826172
angry: 84.77207946777344
angry: 74.7276840209961
angry: 82.41726684570312
angry: 84.1791000366211
angry: 89.07302856445312
angry: 88.60438537597656
angry: 77.3797836303711
angry: 80.18748474121094
angry: 84.79322052001953
angry: 85.87744140625
angry: 70.13499450683594
angry: 83.57777404785156
angry: 82.08085632324219
neutral: 61.597015380859375
neutral: 55.397857666015625
angry: 78.74993133544922
angry: 76.02555847167969
angry: 88.41608428955078
angry: 91.2427978515625
angry: 91.63768768310547
angry: 91.53254699707031
angry: 90.67249298095703
angry: 94.86052703857422
angry: 95.96066284179688
angry: 97.69867706298828
angry: 91.26557922363281
angry: 88.86475372314453
angry: 95.40460205078125
angry: 88.93943786621094
angry: 96.74226379394531
angry: 93.75146484375
angry: 98.10258483886719
angry: 90.43173217773438
angry: 73.34175872802734
angry: 78.20018005371094
angry: 70.55003356933594
angry: 59.35544967651367
angry: 62.01940155029297
angry: 65.6044692993164
angry: 82.66471862792969
angry: 77.35555267333984
angry: 70.67375946044922
angry: 75.51569366455078
angry: 87.89679718017578
angry: 76.5858383178711
angry: 92.06690216064453
angry: 85.94906616210938
angry: 93.57935333251953
angry: 76.24207305908203
angry: 64.29066467285156
angry: 79.56619262695312
angry: 97.58845520019531
angry: 98.04705047607422
angry: 88.2459945678711
angry: 87.10794830322266
angry: 81.25293731689453
angry: 73.11443328857422
angry: 66.85797119140625
angry: 67.16057586669922
angry: 59.86531066894531
angry: 66.34661865234375
angry: 64.77869415283203
angry: 58.62800979614258
angry: 62.32921600341797
angry: 69.31864929199219
angry: 62.616920471191406
angry: 79.14997100830078
angry: 72.83601379394531
angry: 62.27952194213867
angry: 67.37068176269531
angry: 63.98094177246094
angry: 58.490394592285156
angry: 81.69318389892578
angry: 82.48259735107422
angry: 86.71623229980469
angry: 85.40886688232422
angry: 83.73693084716797
angry: 69.712158203125
neutral: 75.90959167480469
angry: 59.99100112915039
angry: 54.05363464355469
neutral: 62.16167449951172
angry: 52.851741790771484
neutral: 56.0199089050293
angry: 75.39029693603516
angry: 62.613075256347656
angry: 67.75839233398438
angry: 54.682071685791016
angry: 80.03567504882812
angry: 84.49427795410156
angry: 52.93511199951172
angry: 82.76500701904297
angry: 66.2321548461914
angry: 85.56111145019531
neutral: 60.3861083984375
neutral: 70.06494903564453
angry: 81.7051010131836
angry: 80.80097961425781
angry: 67.26431274414062
angry: 86.88448333740234
neutral: 56.58967971801758
angry: 85.04275512695312
angry: 81.08116912841797
angry: 75.9883804321289
angry: 74.56455993652344
angry: 78.50738525390625
angry: 81.9502944946289
angry: 84.49529266357422
angry: 83.54708099365234
angry: 62.90899658203125
angry: 73.39427947998047
angry: 55.582679748535156
neutral: 61.41048812866211
angry: 79.68832397460938
angry: 74.22623443603516
angry: 89.1324462890625
angry: 94.17525482177734
angry: 89.49576568603516
angry: 95.83329772949219
angry: 92.71665954589844
angry: 92.3120346069336
angry: 96.44957733154297
angry: 88.21891784667969
angry: 91.80583190917969
angry: 95.72433471679688
angry: 92.48213958740234
angry: 96.60778045654297
angry: 98.22489166259766
angry: 93.17359924316406
angry: 77.5189208984375
angry: 59.923946380615234
angry: 55.756126403808594
angry: 47.817108154296875
angry: 80.57808685302734
angry: 78.1112289428711
angry: 70.83007049560547
angry: 66.56100463867188
angry: 69.07453155517578
neutral: 54.360408782958984
angry: 63.223052978515625
angry: 65.7171859741211
angry: 90.78980255126953
angry: 86.07650756835938
angry: 87.24340057373047
neutral: 51.31386947631836
angry: 88.08490753173828
angry: 87.34896087646484
angry: 81.53092956542969
angry: 68.0196533203125
angry: 87.93189239501953
angry: 88.41659545898438
angry: 80.4216537475586
angry: 93.35853576660156
angry: 94.70154571533203
angry: 86.42424011230469
angry: 89.45934295654297
angry: 89.25117492675781
angry: 90.25990295410156
angry: 95.1744384765625
angry: 94.80684661865234
angry: 92.73465728759766
angry: 58.91053771972656
angry: 93.05352783203125
angry: 93.00244903564453
angry: 91.52587127685547
angry: 93.85186004638672
angry: 93.24469757080078
angry: 88.04658508300781
angry: 91.54663848876953
angry: 90.19058990478516
angry: 89.00175476074219
angry: 93.4486083984375
angry: 89.59036254882812
angry: 70.18548583984375
angry: 95.24148559570312
angry: 90.31452178955078
angry: 96.15532684326172
angry: 93.61325073242188
angry: 96.22428131103516
angry: 95.60162353515625
angry: 94.10774230957031
angry: 89.93095397949219
angry: 93.53813171386719
angry: 95.56647491455078
angry: 96.08233642578125
angry: 87.91776275634766
angry: 89.09014892578125
angry: 87.76677703857422
angry: 88.0461196899414
angry: 89.67149353027344
angry: 89.8274154663086
angry: 92.80567932128906
angry: 91.1904296875
angry: 96.43071746826172
angry: 89.45838928222656
angry: 91.7976303100586
angry: 90.01860809326172
angry: 93.58018493652344
angry: 89.69860076904297
angry: 94.69406127929688
angry: 86.96656036376953
angry: 91.24237823486328
angry: 88.11103820800781
angry: 89.0890121459961
angry: 88.208984375
angry: 90.77500915527344
angry: 88.4879150390625
angry: 94.83399963378906
angry: 79.77336883544922
angry: 88.22203063964844
angry: 84.63385009765625
angry: 85.6495132446289
angry: 86.92930603027344
angry: 84.92906951904297
angry: 89.04439544677734
angry: 92.68649291992188
angry: 93.57119750976562
angry: 88.71513366699219
angry: 98.60026550292969
angry: 92.0394515991211
angry: 62.05833435058594
angry: 68.48672485351562
angry: 73.69287872314453
angry: 82.64635467529297
angry: 72.01744079589844
angry: 76.76424407958984
angry: 88.56090545654297
angry: 84.00304412841797
angry: 88.45194244384766
angry: 90.27224731445312
angry: 89.53349304199219
angry: 90.06163024902344
angry: 91.89471435546875
angry: 89.40540313720703
angry: 92.43496704101562
angry: 75.32949829101562
angry: 79.38349914550781
angry: 75.81621551513672
angry: 82.97889709472656
angry: 79.01432800292969
angry: 90.50613403320312
angry: 82.64924621582031
angry: 86.9825210571289
angry: 84.46935272216797
angry: 80.08029174804688
angry: 80.51647186279297
angry: 90.69229888916016
angry: 73.13362884521484
angry: 76.6439437866211
angry: 75.26622772216797
angry: 81.28569030761719
angry: 80.84600067138672
angry: 88.27069091796875
angry: 81.2656478881836
angry: 84.17433166503906
angry: 80.35928344726562
angry: 82.30073547363281
angry: 87.24930572509766
angry: 80.20812225341797
angry: 88.86900329589844
angry: 90.79220581054688
angry: 80.54671478271484
angry: 80.71664428710938
angry: 85.05928802490234
angry: 79.40480041503906
angry: 80.00579833984375
angry: 78.26432037353516
angry: 80.37010192871094
angry: 84.64737701416016
angry: 78.68452453613281
angry: 85.55437469482422
angry: 87.97270965576172
angry: 78.26659393310547
angry: 83.65575408935547
angry: 81.19293975830078
angry: 77.929443359375
angry: 84.55570220947266
angry: 78.50996398925781
angry: 88.27629852294922
angry: 85.40542602539062
angry: 92.62200164794922
angry: 80.54724884033203
angry: 78.52767944335938
angry: 79.50286102294922
angry: 78.96167755126953
angry: 76.42321014404297
angry: 78.2291030883789
angry: 77.78196716308594
angry: 79.1355972290039
angry: 82.5393295288086
angry: 82.32303619384766
angry: 82.29022979736328
angry: 84.220947265625
angry: 83.80411529541016
angry: 81.98670196533203
angry: 91.75333404541016
angry: 81.18852233886719
angry: 93.50048065185547
angry: 91.32272338867188
angry: 90.22037506103516
angry: 92.27637481689453
angry: 92.64720916748047
angry: 85.85569763183594
angry: 92.39234924316406
angry: 79.50970458984375
angry: 79.73721313476562
angry: 78.60202026367188
angry: 78.29818725585938
angry: 78.82634735107422
angry: 75.576904296875
angry: 87.45983123779297
angry: 83.3060531616211
angry: 78.25370788574219
angry: 80.38715362548828
angry: 79.64051055908203
angry: 81.9756851196289
angry: 87.92454528808594
angry: 81.80421447753906
angry: 90.68927001953125
angry: 79.94271087646484
angry: 83.09488677978516
angry: 77.68121337890625
angry: 79.07685852050781
angry: 79.15547180175781
angry: 92.78406524658203
angry: 92.2695541381836
angry: 91.13240814208984
angry: 84.04190826416016
angry: 93.35318756103516
angry: 90.9404525756836
angry: 79.72688293457031
angry: 83.3603286743164
angry: 76.81334686279297
angry: 82.32166290283203
angry: 86.76740264892578
angry: 80.46160125732422
angry: 76.55354309082031
angry: 79.62410736083984
angry: 77.27613067626953
angry: 84.84953308105469
angry: 78.3495101928711
angry: 93.8836441040039
angry: 94.19010162353516
angry: 86.90508270263672
angry: 92.8302993774414
angry: 81.68541717529297
angry: 91.08586120605469
angry: 88.37059783935547
angry: 88.16169738769531
angry: 86.7914047241211
angry: 83.67814636230469
angry: 74.01996612548828
angry: 72.7875747680664
angry: 63.467376708984375
neutral: 60.88724136352539
neutral: 62.92261505126953
sad: 89.31831359863281
angry: 72.42231750488281
angry: 90.90135955810547
angry: 88.80290222167969
angry: 88.47280883789062
neutral: 68.36505889892578
happy: 95.94161224365234
sad: 51.01616668701172
neutral: 53.22972106933594
sad: 98.7043228149414
neutral: 99.97945404052734
fear: 99.99644470214844
fear: 83.0373306274414
fear: 95.38262176513672
fear: 62.70149612426758
fear: 98.78773498535156
fear: 99.2864990234375
fear: 55.855464935302734
sad: 89.80680847167969
fear: 59.94413757324219
sad: 54.01188278198242
sad: 65.7795181274414
sad: 58.14101028442383
sad: 69.72173309326172
fear: 99.99707794189453
fear: 67.54513549804688
sad: 69.15228271484375
fear: 99.99031066894531
fear: 99.99015808105469
fear: 59.469486236572266
fear: 62.683013916015625
fear: 53.696266174316406
fear: 99.86727142333984
fear: 99.86612701416016
fear: 95.64778137207031
neutral: 75.76480865478516
fear: 99.98199462890625
fear: 99.98889923095703
fear: 99.96544647216797
fear: 99.92066955566406
fear: 99.92230224609375
fear: 99.886474609375
fear: 99.98882293701172
fear: 99.90508270263672
fear: 99.9853515625
fear: 99.97612762451172
fear: 99.87983703613281
fear: 99.08662414550781
fear: 99.87200164794922
fear: 99.9276351928711
fear: 99.86100769042969
fear: 99.72257232666016
fear: 99.00473022460938
fear: 98.81963348388672
fear: 99.03462982177734
fear: 98.56480407714844
fear: 99.30442810058594
fear: 99.29643249511719
fear: 99.3076171875
fear: 99.06822967529297
fear: 99.9995346069336
fear: 99.99999237060547
fear: 99.99984741210938
fear: 91.26780700683594
fear: 94.06153106689453
fear: 99.34051513671875
fear: 98.8046646118164
fear: 97.85758972167969
fear: 98.09109497070312
fear: 98.73656463623047
fear: 99.03213500976562
fear: 43.93914794921875
fear: 84.67118835449219
fear: 74.23230743408203
fear: 66.02288818359375
fear: 98.00946807861328
fear: 55.82331848144531
fear: 99.94493103027344
fear: 99.99134826660156
fear: 99.96659088134766
fear: 99.88423919677734
fear: 99.94671630859375
fear: 99.98857879638672
fear: 99.99110412597656
fear: 99.96817016601562
fear: 99.96485137939453
fear: 99.98206329345703
fear: 99.98655700683594
fear: 99.99261474609375
fear: 99.98748016357422
fear: 99.9986801147461
fear: 99.99862670898438
fear: 99.98979949951172
fear: 94.89655303955078
fear: 99.83084869384766
fear: 99.91287231445312
fear: 99.0753173828125
fear: 99.00294494628906
fear: 96.49439239501953
fear: 96.7238540649414
fear: 96.56317138671875
fear: 97.71768188476562
fear: 95.03431701660156
fear: 94.09744262695312
fear: 90.7588882446289
fear: 92.40800476074219
fear: 95.34066772460938
fear: 93.06903076171875
fear: 88.76935577392578
fear: 92.30892944335938
fear: 88.26226806640625
fear: 91.09209442138672
fear: 91.4356460571289
fear: 89.85698699951172
fear: 90.82123565673828
fear: 89.77713775634766
fear: 89.07862091064453
fear: 85.6419677734375
fear: 90.00416564941406
fear: 87.4052963256836
fear: 90.66048431396484
fear: 91.84730529785156
fear: 89.72918701171875
fear: 88.33916473388672
fear: 86.66614532470703
fear: 90.62525177001953
fear: 89.70643615722656
fear: 85.70963287353516
fear: 84.1089859008789
fear: 89.3198471069336
fear: 89.86032104492188
fear: 90.0665512084961
fear: 89.01414489746094
fear: 96.92736053466797
fear: 94.67251586914062
fear: 92.49961853027344
fear: 92.21450805664062
fear: 97.15966796875
fear: 97.55986022949219
fear: 95.73188781738281
fear: 93.22822570800781
fear: 88.9029312133789
fear: 92.6668472290039
fear: 85.47798919677734
fear: 83.0247802734375
fear: 78.7408218383789
fear: 89.19892120361328
fear: 88.73532104492188
fear: 75.86933135986328
fear: 75.88970947265625
fear: 72.15174865722656
fear: 89.25888061523438
fear: 90.72106170654297
fear: 96.15855407714844
fear: 85.946533203125
fear: 85.78961181640625
fear: 98.88264465332031
neutral: 99.73345947265625
fear: 99.21502685546875
fear: 45.70610427856445
sad: 50.18584060668945
sad: 50.898826599121094
neutral: 35.999725341796875
sad: 66.84720611572266
neutral: 56.18789291381836
sad: 32.9395637512207
neutral: 75.17936706542969
neutral: 89.12096405029297
neutral: 94.43684387207031
sad: 47.06088638305664
neutral: 67.81492614746094
sad: 58.80434036254883
neutral: 87.59412384033203
neutral: 89.3451919555664
sad: 55.46560287475586
neutral: 63.51299285888672
neutral: 68.8138198852539
neutral: 66.69287872314453
happy: 98.42474365234375
sad: 48.37747573852539
sad: 81.2972412109375
neutral: 42.085201263427734
sad: 64.81495666503906
angry: 43.796409606933594
sad: 71.9344711303711
sad: 67.52806091308594
sad: 56.39761734008789
sad: 48.78933334350586
sad: 55.06846237182617
neutral: 41.0191535949707
sad: 75.60072326660156
angry: 42.48563766479492
sad: 76.81322479248047
neutral: 84.60710144042969
neutral: 56.946556091308594
angry: 45.378089904785156
sad: 87.44202423095703
sad: 90.02043914794922
sad: 94.15779876708984
sad: 94.5407485961914
sad: 54.341453552246094
sad: 50.635955810546875
fear: 94.36589050292969
happy: 59.59459686279297
sad: 43.00007247924805
sad: 68.3287353515625
sad: 61.439273834228516
neutral: 91.13725280761719
fear: 94.08429718017578
sad: 62.21487045288086
neutral: 97.91962432861328
sad: 92.00064086914062
sad: 78.34014129638672
neutral: 98.59700775146484
sad: 44.4870491027832
happy: 48.770843505859375
sad: 41.47382736206055
sad: 87.73487091064453
sad: 99.44313049316406
sad: 98.19790649414062
sad: 99.58077239990234
sad: 99.91529846191406
sad: 99.10792541503906
fear: 54.698829650878906
neutral: 97.24967193603516
sad: 85.83549499511719
sad: 68.43525695800781
sad: 82.15467834472656
sad: 93.81209564208984
sad: 72.61727142333984
sad: 90.63063049316406
sad: 92.54454040527344
sad: 38.801082611083984
sad: 66.66097259521484
sad: 78.46728515625
fear: 67.13737487792969
sad: 82.15799713134766
sad: 61.414390563964844
sad: 81.2441177368164
sad: 90.57307434082031
sad: 80.01356506347656
sad: 94.8560562133789
neutral: 99.10221862792969
neutral: 53.5390510559082
fear: 48.746925354003906
happy: 69.20992279052734
happy: 89.3433837890625
happy: 40.02651596069336
fear: 38.487060546875
neutral: 40.5350227355957
neutral: 83.23564910888672
sad: 52.43914031982422
fear: 44.26543426513672
fear: 89.14556884765625
neutral: 99.93154907226562
neutral: 98.15010070800781
neutral: 97.38495635986328
neutral: 99.13200378417969
neutral: 98.85372161865234
neutral: 92.48882293701172
fear: 56.95197296142578
neutral: 97.20270538330078
fear: 98.32321166992188
fear: 98.07740020751953
fear: 97.69204711914062
fear: 69.93817138671875
fear: 92.18566131591797
neutral: 92.8655776977539
sad: 69.06693267822266
sad: 42.12548065185547
surprise: 68.03282928466797
angry: 54.770721435546875
sad: 80.4526138305664
sad: 99.7120361328125
neutral: 82.82470703125
sad: 83.30794525146484
neutral: 52.6703987121582
neutral: 77.5615005493164
neutral: 94.40501403808594
neutral: 92.9447250366211
neutral: 99.31583404541016
neutral: 93.99625396728516
neutral: 80.76145935058594
fear: 71.13389587402344
sad: 89.80665588378906
sad: 77.26658630371094
sad: 52.076881408691406
fear: 80.43549346923828
fear: 97.76943969726562
fear: 73.9134521484375
fear: 92.20321655273438
fear: 91.3657455444336
fear: 79.07791137695312
fear: 93.51213073730469
fear: 62.9747314453125
fear: 90.45104217529297
fear: 89.67816162109375
angry: 60.62847137451172
fear: 84.93965911865234
fear: 62.04765701293945
fear: 80.28968811035156
sad: 52.54187774658203
fear: 52.52013397216797
fear: 89.74662017822266
fear: 91.98184967041016
fear: 94.8766098022461
fear: 92.26797485351562
sad: 55.08806228637695
happy: 82.22183227539062
sad: 96.49390411376953
sad: 97.75869750976562
sad: 97.03678131103516
fear: 95.4691390991211
sad: 67.65028381347656
neutral: 98.10004425048828
fear: 53.145835876464844
neutral: 65.71804809570312
neutral: 49.34230041503906
surprise: 94.19564819335938
sad: 67.51896667480469
sad: 47.142555236816406
sad: 53.58311462402344
neutral: 96.74728393554688
sad: 62.989662170410156
angry: 70.83872985839844
angry: 49.589778900146484
neutral: 89.44470977783203
sad: 76.16275787353516
neutral: 72.07899475097656
fear: 86.94852447509766
sad: 61.36725616455078
fear: 99.1001205444336
fear: 50.3140869140625
fear: 59.37362289428711
fear: 53.65983963012695
happy: 99.8628158569336
fear: 87.89881896972656
happy: 98.83877563476562
fear: 99.3213882446289
happy: 67.81331634521484
happy: 85.9646987915039
happy: 99.29602813720703
happy: 99.7532730102539
happy: 91.1134262084961
happy: 97.07121276855469
happy: 97.0932388305664
neutral: 81.4228286743164
fear: 40.558536529541016
neutral: 99.52462005615234
sad: 97.54318237304688
sad: 55.96360397338867
neutral: 99.85538482666016
sad: 94.87446594238281
sad: 60.192138671875
sad: 87.64678955078125
sad: 87.18379974365234
sad: 96.55374908447266
neutral: 99.88319396972656
neutral: 99.92935943603516
neutral: 99.28907012939453
neutral: 99.72713470458984
neutral: 94.15541076660156
neutral: 95.77213287353516
sad: 97.6037368774414
sad: 57.343570709228516
neutral: 96.58818817138672
fear: 74.79463958740234
neutral: 85.25267791748047
neutral: 73.25399017333984
fear: 97.67472839355469
fear: 99.61527252197266
fear: 99.07950592041016
fear: 96.15630340576172
fear: 96.54131317138672
fear: 99.22811126708984
fear: 99.40797424316406
fear: 98.14627075195312
fear: 98.8593978881836
fear: 99.56620025634766
fear: 99.7197494506836
fear: 99.67426300048828
fear: 99.27381896972656
fear: 99.13945007324219
fear: 37.42367172241211
neutral: 61.48116683959961
sad: 81.95863342285156
sad: 68.68113708496094
sad: 47.27712631225586
neutral: 41.14786148071289
neutral: 48.895729064941406
sad: 74.49166870117188
sad: 51.159934997558594
sad: 74.31834411621094
sad: 58.66571044921875
sad: 69.80014038085938
sad: 62.2654914855957
sad: 71.26903533935547
fear: 99.76919555664062
fear: 93.69796752929688
neutral: 86.31307983398438
neutral: 97.85995483398438
neutral: 95.48881530761719
sad: 99.84425354003906
sad: 99.1922607421875
neutral: 65.9390640258789
neutral: 59.68230438232422
neutral: 82.56100463867188
fear: 94.67988586425781
sad: 99.70537567138672
sad: 84.72510528564453
fear: 50.73198699951172
sad: 73.51624298095703
sad: 98.84107971191406
fear: 96.16059112548828
fear: 55.81425857543945
sad: 93.13247680664062
neutral: 92.49586486816406
sad: 95.6923599243164
fear: 43.673404693603516
angry: 91.57540893554688
happy: 99.72014617919922
neutral: 94.49736022949219
angry: 73.92947387695312
neutral: 74.40917205810547
fear: 99.94796752929688
neutral: 57.64399719238281
sad: 88.41813659667969
sad: 99.81651306152344
fear: 96.20791625976562
sad: 99.9999771118164
fear: 54.336883544921875
sad: 92.32321166992188
fear: 85.3229751586914
fear: 77.61076354980469
fear: 64.40849304199219
fear: 84.17278289794922
fear: 96.22715759277344
fear: 92.5343017578125
fear: 92.08152770996094
fear: 92.91567993164062
fear: 99.11096954345703
fear: 96.19707489013672
sad: 98.33991241455078
sad: 99.99987030029297
neutral: 99.17841339111328
sad: 79.75670623779297
sad: 60.190711975097656
sad: 82.86746978759766
neutral: 99.80171203613281
fear: 97.96711730957031
fear: 38.96841812133789
sad: 66.70130157470703
fear: 96.87887573242188
fear: 90.15228271484375
happy: 95.35940551757812
sad: 66.10768127441406
sad: 69.8842544555664
neutral: 75.25255584716797
neutral: 96.28670501708984
sad: 56.34701919555664
neutral: 75.28609466552734
neutral: 73.19306945800781
happy: 75.1319808959961
neutral: 99.84992980957031
neutral: 88.19316101074219
neutral: 99.49560546875
neutral: 71.9460678100586
fear: 84.73116302490234
neutral: 79.5655517578125
fear: 97.83522033691406
fear: 98.35283660888672
neutral: 88.4976577758789
fear: 81.14509582519531
fear: 97.91081237792969
angry: 68.4135513305664
neutral: 29.190988540649414
neutral: 98.08277893066406
neutral: 99.76390075683594
neutral: 76.79962921142578
neutral: 98.89128112792969
fear: 51.10014724731445
sad: 95.124755859375
sad: 99.97116088867188
neutral: 74.93924713134766
neutral: 94.1448745727539
neutral: 80.71077728271484
neutral: 69.43942260742188
neutral: 53.107017517089844
happy: 62.85849380493164
neutral: 96.62698364257812
neutral: 91.87530517578125
neutral: 98.51471710205078
neutral: 99.07768249511719
neutral: 98.767333984375
neutral: 97.75293731689453
neutral: 97.65089416503906
sad: 49.353492736816406
neutral: 99.5379409790039
fear: 79.55420684814453
fear: 89.48102569580078
neutral: 96.83868408203125
fear: 99.13542175292969
neutral: 54.180625915527344
neutral: 72.79558563232422
neutral: 98.66697692871094
happy: 99.82220458984375
neutral: 96.30021667480469
sad: 53.62247085571289
neutral: 57.262855529785156
neutral: 87.00057220458984
neutral: 99.69987487792969
neutral: 97.08216094970703
fear: 68.52999114990234
fear: 80.42518615722656
sad: 53.408329010009766
neutral: 40.709716796875
happy: 59.43746566772461
neutral: 59.2396125793457
neutral: 94.59915924072266
neutral: 47.02388000488281
neutral: 83.58182525634766
neutral: 70.59698486328125
sad: 99.98561096191406
happy: 99.46024322509766
sad: 84.90843200683594
sad: 81.91969299316406
sad: 66.65773010253906
sad: 70.16098022460938
sad: 94.78985595703125
neutral: 77.48522186279297
sad: 99.24825286865234
neutral: 87.56471252441406
neutral: 58.567440032958984
sad: 38.89971923828125
sad: 98.16657257080078
sad: 64.5727310180664
neutral: 82.07096862792969
sad: 53.16106033325195
sad: 51.30836868286133
sad: 97.53286743164062
sad: 92.02130889892578
fear: 89.61514282226562
sad: 94.07615661621094
sad: 94.20889282226562
sad: 87.35594940185547
sad: 83.3799057006836
sad: 98.68457794189453
fear: 66.36434173583984
sad: 55.318878173828125
sad: 89.57254028320312
sad: 97.02721405029297
sad: 96.1190185546875
sad: 96.56202697753906
sad: 93.5089340209961
sad: 90.44493103027344
sad: 60.05235290527344
sad: 49.05936050415039
sad: 96.06780242919922
fear: 78.92276763916016
fear: 86.56207275390625
sad: 51.50074005126953
sad: 69.296875
sad: 98.19990539550781
sad: 94.9217300415039
sad: 97.4682846069336
sad: 63.09406280517578
sad: 88.04327392578125
sad: 71.85636138916016
neutral: 93.09473419189453
sad: 55.68091583251953
angry: 52.065956115722656
neutral: 92.62928009033203
fear: 65.35521697998047
angry: 50.881229400634766
sad: 99.84146881103516
neutral: 99.9622802734375
neutral: 51.376312255859375
sad: 72.01978302001953
sad: 90.34112548828125
sad: 99.17173767089844
sad: 98.57894134521484
sad: 74.73372650146484
sad: 73.65812683105469
sad: 47.010555267333984
sad: 85.07353973388672
neutral: 81.115966796875
neutral: 98.73490142822266
neutral: 98.27503204345703
sad: 99.99917602539062
sad: 96.22865295410156
fear: 97.8593521118164
fear: 98.8768081665039
fear: 60.2467041015625
fear: 65.4268798828125
sad: 37.73401641845703
fear: 53.598480224609375
sad: 53.35896301269531
sad: 49.70222091674805
fear: 58.64131546020508
fear: 62.17705154418945
fear: 91.26335144042969
fear: 98.80706024169922
fear: 69.9565658569336
sad: 98.83983612060547
sad: 96.08988189697266
fear: 45.22563934326172
neutral: 85.75774383544922
neutral: 62.0310173034668
neutral: 58.10019302368164
fear: 59.505218505859375
neutral: 64.50431823730469
neutral: 42.499271392822266
neutral: 57.863162994384766
happy: 31.064748764038086
neutral: 47.03801727294922
neutral: 79.84154510498047
fear: 61.469871520996094
fear: 94.84072875976562
sad: 70.81791687011719
sad: 57.1512565612793
fear: 92.85443115234375
fear: 73.46265411376953
sad: 44.2940673828125
fear: 99.68790435791016
sad: 99.17967987060547
fear: 55.13703155517578
neutral: 61.810184478759766
fear: 54.07373046875
sad: 79.83560943603516
fear: 39.955535888671875
neutral: 36.13560485839844
neutral: 96.23985290527344
sad: 57.758644104003906
neutral: 42.0691032409668
fear: 87.02737426757812
sad: 70.16153717041016
sad: 89.3735122680664
sad: 99.67091369628906
happy: 78.55563354492188
happy: 95.8230209350586
neutral: 84.39595794677734
neutral: 85.69249725341797
sad: 74.78096771240234
neutral: 67.12792205810547
sad: 90.87159729003906
neutral: 91.65110778808594
neutral: 90.22791290283203
sad: 74.51961517333984
sad: 99.07965087890625
neutral: 36.10211944580078
fear: 81.97109985351562
fear: 56.957698822021484
sad: 91.84444427490234
fear: 58.126461029052734
neutral: 57.634822845458984
fear: 95.45103454589844
neutral: 75.69561767578125
sad: 41.584571838378906
fear: 38.46574401855469
disgust: 89.29900360107422
sad: 29.843366622924805
sad: 99.40564727783203
sad: 43.1390380859375
sad: 43.34047317504883
fear: 51.7514762878418
fear: 79.5174560546875
fear: 64.83322143554688
sad: 92.6192398071289
fear: 52.478858947753906
sad: 88.38179779052734
neutral: 54.31912612915039
happy: 98.99613189697266
sad: 99.99169921875
sad: 65.86580657958984
sad: 99.68359375
neutral: 96.7828369140625
fear: 53.40673065185547
neutral: 99.45333862304688
neutral: 72.98200988769531
sad: 89.26087188720703
sad: 67.90415954589844
sad: 52.04106140136719
neutral: 87.5663070678711
neutral: 95.32575988769531
neutral: 50.491851806640625
neutral: 97.23612213134766
happy: 97.91876220703125
sad: 58.94285583496094
sad: 95.96582794189453
sad: 50.555442810058594
neutral: 76.56155395507812
sad: 63.47677230834961
fear: 88.96150207519531
sad: 53.735565185546875
neutral: 43.13301086425781
fear: 81.55169677734375
neutral: 86.39586639404297
neutral: 72.53300476074219
sad: 93.94047546386719
fear: 59.846858978271484
sad: 59.23442459106445
sad: 58.344364166259766
neutral: 50.24284744262695
sad: 88.56954956054688
fear: 93.10464477539062
sad: 46.44831085205078
sad: 99.92985534667969
neutral: 52.04792022705078
sad: 96.10746765136719
sad: 99.8785171508789
sad: 99.866943359375
sad: 99.76272583007812
sad: 99.00454711914062
sad: 97.80634307861328
sad: 76.24703216552734
sad: 55.5923957824707
sad: 83.42472839355469
sad: 99.42536163330078
sad: 99.99153900146484
sad: 65.24024963378906
neutral: 83.91997528076172
fear: 95.30413818359375
neutral: 51.48028564453125
neutral: 83.71793365478516
neutral: 98.18223571777344
neutral: 94.82320404052734
neutral: 97.26811218261719
angry: 87.89872741699219
sad: 91.00718688964844
sad: 74.58876037597656
neutral: 76.37096405029297
neutral: 99.58969116210938
neutral: 84.75370025634766
neutral: 71.54002380371094
sad: 52.5985107421875
neutral: 75.53177642822266
happy: 91.36331939697266
happy: 99.07007598876953
happy: 98.15613555908203
sad: 62.92243576049805
sad: 74.08330535888672
sad: 61.052825927734375
happy: 46.275474548339844
sad: 88.93787384033203
fear: 99.23748016357422
sad: 83.75186157226562
neutral: 90.7995376586914
neutral: 61.28369140625
neutral: 54.8182373046875
neutral: 99.96611785888672
sad: 99.87716674804688
sad: 99.9717025756836
neutral: 99.9290771484375
neutral: 99.92603302001953
neutral: 99.85115814208984
neutral: 97.79922485351562
neutral: 94.96932220458984
fear: 91.39892578125
fear: 84.91931915283203
fear: 75.97750091552734
sad: 39.88152313232422
neutral: 95.65740966796875
neutral: 97.14152526855469
neutral: 95.14507293701172
neutral: 65.32182312011719
sad: 51.85354232788086
sad: 54.10834503173828
neutral: 66.6998062133789
fear: 99.90082550048828
neutral: 99.79332733154297
fear: 51.18845748901367
sad: 78.59268188476562
sad: 86.57465362548828
happy: 52.08235168457031
sad: 86.0726089477539
sad: 52.72014236450195
fear: 50.71680450439453
fear: 68.16545104980469
sad: 41.611488342285156
sad: 54.579505920410156
sad: 75.9703369140625
sad: 81.91788482666016
sad: 61.23052215576172
sad: 54.47636032104492
sad: 53.28384017944336
sad: 69.5826416015625
sad: 68.25779724121094
sad: 57.15473556518555
happy: 87.99710083007812
fear: 45.496734619140625
neutral: 99.90047454833984
angry: 99.97057342529297
happy: 66.39588928222656
angry: 99.97817993164062
angry: 99.3553466796875
neutral: 99.97820281982422
neutral: 99.99967956542969
fear: 99.16059875488281
fear: 99.77840423583984
fear: 99.2984390258789
sad: 94.96543884277344
neutral: 92.65896606445312
angry: 50.81937789916992
angry: 86.1390380859375
angry: 99.0154037475586
angry: 100.0
angry: 100.0
angry: 100.0
angry: 100.0
angry: 99.99998474121094
angry: 99.99993896484375
angry: 99.99979400634766
angry: 99.99845886230469
neutral: 99.99922943115234
angry: 97.30577087402344
neutral: 99.99067687988281
sad: 57.259918212890625
sad: 80.78751373291016
sad: 63.70492935180664
sad: 93.75282287597656
fear: 99.99077606201172
fear: 99.9373779296875
fear: 99.62796020507812
sad: 95.45211029052734
fear: 96.1795425415039
sad: 88.73529052734375
angry: 92.9249496459961
angry: 63.77677917480469
neutral: 42.50938034057617
fear: 59.836280822753906
sad: 53.42220687866211
fear: 38.418521881103516
fear: 60.040809631347656
sad: 82.35309600830078
sad: 93.05410766601562
sad: 95.214599609375
sad: 92.5391845703125
sad: 98.94181823730469
sad: 98.201904296875
sad: 93.74877166748047
sad: 94.42308044433594
sad: 95.25283813476562
neutral: 94.18547821044922
sad: 94.1936264038086
fear: 66.27566528320312
neutral: 90.2217025756836
fear: 99.3986587524414
fear: 99.82206726074219
fear: 99.98206329345703
neutral: 61.266536712646484
neutral: 98.18143463134766
neutral: 60.989051818847656
happy: 97.67659759521484
happy: 99.95726013183594
fear: 99.9473876953125
neutral: 47.46692657470703
sad: 70.769287109375
fear: 68.36140441894531
fear: 45.1136360168457
sad: 58.916812896728516
sad: 50.020790100097656
sad: 62.64303970336914
happy: 100.0
sad: 57.33576965332031
sad: 99.99957275390625
neutral: 93.74852752685547
neutral: 99.93819427490234
happy: 66.07757568359375
neutral: 98.97824096679688
fear: 57.6099853515625
neutral: 78.87925720214844
neutral: 85.00852966308594
neutral: 80.48770904541016
sad: 95.87937927246094
fear: 98.70626068115234
fear: 61.2180061340332
neutral: 61.46199035644531
fear: 42.48629379272461
fear: 44.010414123535156
fear: 65.63569641113281
sad: 42.89413833618164
sad: 86.65290069580078
fear: 77.22911834716797
sad: 77.76634979248047
neutral: 94.01482391357422
