happy: 49.547523498535156
happy: 99.66663360595703
fear: 84.63243865966797
fear: 45.21977233886719
fear: 95.99260711669922
happy: 45.45176315307617
neutral: 50.50621795654297
neutral: 42.59026336669922
sad: 79.58883666992188
neutral: 47.68184280395508
fear: 45.08501052856445
fear: 78.61621856689453
neutral: 90.25274658203125
sad: 69.01638793945312
neutral: 60.691654205322266
neutral: 47.11802673339844
sad: 48.50038146972656
neutral: 99.99436950683594
fear: 97.44783020019531
fear: 76.2263412475586
sad: 70.2943115234375
sad: 85.04656219482422
neutral: 70.41883087158203
neutral: 94.7240982055664
neutral: 52.53961181640625
neutral: 91.51200103759766
fear: 69.80194854736328
neutral: 61.784523010253906
fear: 75.40382385253906
fear: 41.35068893432617
neutral: 67.93330383300781
fear: 68.83293914794922
neutral: 90.41297149658203
neutral: 79.57977294921875
sad: 94.19773864746094
neutral: 87.26324462890625
sad: 99.86732482910156
neutral: 97.66520690917969
neutral: 76.39611053466797
neutral: 63.701419830322266
neutral: 78.30952453613281
neutral: 99.09708404541016
neutral: 71.01189422607422
sad: 96.25399017333984
sad: 67.57520294189453
sad: 97.08659362792969
sad: 90.44609069824219
angry: 70.07717895507812
fear: 96.90092468261719
neutral: 66.53749084472656
neutral: 51.43859100341797
neutral: 69.81336212158203
neutral: 67.92188262939453
neutral: 53.708518981933594
fear: 55.75355911254883
fear: 54.084693908691406
neutral: 49.310752868652344
angry: 35.44720458984375
happy: 99.94673156738281
neutral: 59.53292465209961
neutral: 97.49945068359375
neutral: 75.68998718261719
neutral: 63.72199630737305
fear: 71.94232940673828
neutral: 99.99029541015625
neutral: 99.98857879638672
neutral: 99.99327850341797
neutral: 53.697757720947266
neutral: 36.948509216308594
fear: 59.72451400756836
neutral: 89.71855926513672
neutral: 81.11546325683594
neutral: 44.00090408325195
neutral: 74.4632339477539
fear: 56.895328521728516
fear: 45.93172836303711
sad: 90.88497161865234
neutral: 93.64177703857422
sad: 52.42635726928711
sad: 74.54476165771484
sad: 51.454429626464844
sad: 54.464839935302734
sad: 75.66035461425781
sad: 44.63298416137695
happy: 94.83063507080078
neutral: 99.9792251586914
sad: 61.34981155395508
happy: 99.3406753540039
happy: 81.68272399902344
neutral: 99.99275207519531
happy: 99.2874755859375
neutral: 60.166812896728516
sad: 80.3150405883789
sad: 66.69332122802734
sad: 81.0289077758789
neutral: 52.70027542114258
neutral: 87.86660766601562
happy: 78.70655059814453
neutral: 95.34337615966797
