angry: 81.55335998535156
angry: 81.55335998535156
angry: 81.55335998535156
angry: 81.55335998535156
angry: 81.55335998535156
angry: 81.55335998535156
angry: 81.55335998535156
angry: 81.55335998535156
angry: 81.55335998535156
angry: 81.55335998535156
angry: 81.55335998535156
angry: 81.55335998535156
angry: 81.55335998535156
angry: 81.55335998535156
angry: 81.55335998535156
angry: 81.55335998535156
angry: 81.55335998535156
angry: 81.55335998535156
angry: 81.55335998535156
angry: 81.55335998535156
angry: 81.55335998535156
angry: 81.55335998535156
angry: 81.55335998535156
angry: 81.55335998535156
angry: 81.55335998535156
angry: 81.55335998535156
angry: 81.55335998535156
angry: 81.55335998535156
angry: 81.55335998535156
angry: 81.55335998535156
angry: 81.55335998535156
angry: 81.55335998535156
angry: 81.55335998535156
angry: 81.55335998535156
angry: 81.55335998535156
angry: 81.55335998535156
angry: 81.55335998535156
angry: 81.55335998535156
angry: 81.55335998535156
angry: 81.55335998535156
angry: 81.55335998535156
angry: 81.55335998535156
angry: 81.55335998535156
angry: 81.55335998535156
angry: 81.55335998535156
angry: 81.55335998535156
angry: 81.55335998535156
angry: 81.55335998535156
angry: 81.55335998535156
angry: 81.55335998535156
angry: 81.55335998535156
angry: 81.55335998535156
angry: 81.55335998535156
angry: 81.55335998535156
angry: 81.55335998535156
angry: 81.55335998535156
angry: 81.55335998535156
angry: 81.55335998535156
angry: 81.55335998535156
angry: 81.55335998535156
angry: 81.55335998535156
angry: 81.55335998535156
angry: 81.55335998535156
angry: 81.55335998535156
angry: 81.55335998535156
angry: 81.55335998535156
angry: 81.55335998535156
angry: 81.55335998535156
angry: 81.55335998535156
angry: 81.55335998535156
angry: 81.55335998535156
angry: 81.55335998535156
angry: 81.55335998535156
angry: 81.55335998535156
angry: 81.55335998535156
angry: 81.55335998535156
angry: 81.55335998535156
angry: 81.55335998535156
angry: 81.55335998535156
angry: 81.55335998535156
angry: 81.55335998535156
angry: 81.55335998535156
angry: 81.55335998535156
angry: 81.55335998535156
angry: 81.55335998535156
angry: 81.55335998535156
angry: 81.55335998535156
angry: 81.55335998535156
angry: 81.55335998535156
angry: 81.55335998535156
angry: 81.55335998535156
angry: 81.55335998535156
angry: 81.55335998535156
angry: 81.55335998535156
angry: 81.55335998535156
angry: 81.55335998535156
angry: 81.55335998535156
angry: 81.55335998535156
angry: 81.55335998535156
angry: 81.55335998535156
angry: 81.55335998535156
angry: 81.55335998535156
angry: 81.55335998535156
angry: 81.55335998535156
angry: 81.55335998535156
angry: 81.55335998535156
angry: 81.55335998535156
angry: 81.55335998535156
angry: 81.55335998535156
angry: 81.55335998535156
angry: 81.55335998535156
angry: 81.55335998535156
angry: 81.55335998535156
angry: 81.55335998535156
angry: 81.55335998535156
angry: 81.55335998535156
angry: 81.55335998535156
angry: 81.55335998535156
angry: 81.55335998535156
angry: 81.55335998535156
angry: 81.55335998535156
angry: 81.55335998535156
angry: 81.55335998535156
angry: 81.55335998535156
angry: 81.55335998535156
angry: 81.55335998535156
angry: 81.55335998535156
angry: 81.55335998535156
angry: 81.55335998535156
angry: 81.55335998535156
angry: 81.55335998535156
angry: 81.55335998535156
angry: 81.55335998535156
angry: 81.55335998535156
angry: 81.55335998535156
angry: 81.55335998535156
angry: 81.55335998535156
angry: 81.55335998535156
angry: 81.55335998535156
angry: 81.55335998535156
angry: 81.55335998535156
angry: 81.55335998535156
angry: 81.55335998535156
angry: 81.55335998535156
angry: 81.55335998535156
angry: 81.55335998535156
angry: 81.55335998535156
angry: 81.55335998535156
angry: 81.55335998535156
angry: 81.55335998535156
angry: 81.55335998535156
angry: 81.55335998535156
angry: 81.55335998535156
angry: 81.55335998535156
angry: 81.55335998535156
angry: 81.55335998535156
angry: 81.55335998535156
angry: 81.55335998535156
angry: 81.55335998535156
angry: 81.55335998535156
angry: 81.55335998535156
angry: 81.55335998535156
angry: 81.55335998535156
angry: 81.55335998535156
angry: 81.55335998535156
angry: 81.55335998535156
angry: 81.55335998535156
angry: 81.55335998535156
angry: 81.55335998535156
angry: 81.55335998535156
angry: 81.55335998535156
angry: 81.55335998535156
angry: 81.55335998535156
angry: 81.55335998535156
angry: 81.55335998535156
angry: 81.55335998535156
angry: 81.55335998535156
angry: 81.55335998535156
angry: 81.5533676147461
angry: 81.5533676147461
angry: 81.5533676147461
angry: 81.5533676147461
angry: 81.5533676147461
angry: 81.5533676147461
angry: 81.5533676147461
angry: 81.5533676147461
angry: 81.5533676147461
angry: 81.5533676147461
angry: 81.5533676147461
angry: 81.5533676147461
angry: 81.5533676147461
angry: 81.5533676147461
angry: 81.5533676147461
angry: 81.5533676147461
angry: 81.5533676147461
angry: 81.5533676147461
angry: 81.5533676147461
angry: 81.5533676147461
angry: 81.5533676147461
angry: 81.5533676147461
angry: 81.5533676147461
angry: 81.5533676147461
angry: 81.5533676147461
angry: 81.5533676147461
angry: 81.5533676147461
angry: 81.5533676147461
angry: 81.5533676147461
angry: 81.5533676147461
angry: 81.5533676147461
angry: 81.5533676147461
angry: 81.5533676147461
angry: 81.5533676147461
angry: 81.5533676147461
angry: 81.5533676147461
angry: 81.5533676147461
angry: 81.5533676147461
angry: 81.5533676147461
angry: 81.5533676147461
angry: 81.5533676147461
angry: 81.5533676147461
angry: 81.5533676147461
angry: 81.5533676147461
angry: 81.5533676147461
angry: 81.5533676147461
angry: 81.5533676147461
angry: 81.5533676147461
angry: 81.5533676147461
angry: 81.5533676147461
angry: 81.5533676147461
angry: 81.5533676147461
angry: 81.5533676147461
angry: 81.5533676147461
angry: 81.5533676147461
angry: 81.5533676147461
angry: 81.5533676147461
angry: 81.5533676147461
angry: 81.5533676147461
angry: 81.5533676147461
angry: 81.5533676147461
angry: 81.5533676147461
angry: 81.5533676147461
angry: 81.5533676147461
angry: 81.5533676147461
angry: 81.5533676147461
angry: 81.5533676147461
angry: 81.5533676147461
angry: 81.5533676147461
angry: 81.5533676147461
angry: 81.5533676147461
angry: 81.5533676147461
angry: 81.5533676147461
angry: 81.5533676147461
angry: 81.5533676147461
angry: 81.5533676147461
angry: 81.5533676147461
angry: 81.5533676147461
angry: 81.5533676147461
angry: 81.5533676147461
angry: 81.5533676147461
angry: 81.5533676147461
angry: 81.5533676147461
angry: 81.5533676147461
angry: 81.5533676147461
angry: 81.5533676147461
angry: 81.5533676147461
angry: 81.5533676147461
angry: 81.5533676147461
angry: 81.5533676147461
angry: 81.5533676147461
angry: 81.5533676147461
angry: 81.5533676147461
angry: 81.5533676147461
angry: 81.5533676147461
angry: 81.5533676147461
angry: 81.5533676147461
angry: 81.5533676147461
angry: 81.5533676147461
angry: 81.5533676147461
angry: 81.5533676147461
angry: 81.5533676147461
angry: 81.5533676147461
angry: 81.55335998535156
angry: 81.55335998535156
angry: 81.55335998535156
angry: 81.55335998535156
angry: 81.55335998535156
angry: 81.55335998535156
angry: 81.55335998535156
angry: 81.55335998535156
angry: 81.55335998535156
angry: 81.55335998535156
angry: 81.55335998535156
angry: 81.55335998535156
angry: 81.55335998535156
angry: 81.55335998535156
angry: 81.55335998535156
angry: 81.55335998535156
angry: 81.55335998535156
angry: 81.55335998535156
angry: 81.55335998535156
angry: 81.55335998535156
angry: 81.55335998535156
angry: 81.55335998535156
angry: 81.55335998535156
angry: 81.55335998535156
angry: 81.55335998535156
angry: 81.55335998535156
angry: 81.55335998535156
angry: 81.55335998535156
angry: 81.55335998535156
angry: 81.55335998535156
angry: 81.55335998535156
angry: 81.55335998535156
angry: 81.55335998535156
angry: 81.55335998535156
angry: 81.55335998535156
angry: 81.55335998535156
angry: 81.55335998535156
angry: 81.55335998535156
angry: 81.55335998535156
angry: 81.55335998535156
angry: 81.55335998535156
angry: 81.55335998535156
angry: 81.55335998535156
angry: 81.55335998535156
angry: 81.55335998535156
angry: 81.55335998535156
angry: 81.55335998535156
angry: 81.55335998535156
angry: 81.55335998535156
angry: 81.55335998535156
angry: 81.55335998535156
angry: 81.55335998535156
angry: 81.55335998535156
angry: 81.55335998535156
angry: 81.55335998535156
angry: 81.55335998535156
angry: 81.55335998535156
angry: 81.55335998535156
angry: 81.55335998535156
angry: 81.55335998535156
angry: 81.55335998535156
angry: 81.55335998535156
angry: 81.55335998535156
angry: 81.55335998535156
angry: 81.55335998535156
angry: 81.55335998535156
angry: 81.55335998535156
angry: 81.55335998535156
angry: 81.55335998535156
angry: 81.55335998535156
angry: 81.55335998535156
angry: 81.55335998535156
angry: 81.55335998535156
angry: 81.55335998535156
angry: 81.55335998535156
angry: 81.55335998535156
angry: 81.55335998535156
angry: 81.55335998535156
angry: 81.55335998535156
angry: 81.55335998535156
angry: 81.55335998535156
angry: 81.55335998535156
angry: 81.55335998535156
angry: 81.55335998535156
angry: 81.55335998535156
angry: 81.55335998535156
angry: 81.55335998535156
angry: 81.55335998535156
angry: 81.55335998535156
angry: 81.55335998535156
angry: 81.55335998535156
angry: 81.55335998535156
angry: 81.55335998535156
angry: 81.55335998535156
angry: 81.55335998535156
angry: 81.55335998535156
angry: 81.55335998535156
angry: 81.55335998535156
angry: 81.55335998535156
angry: 81.55335998535156
angry: 81.55335998535156
angry: 81.55335998535156
angry: 81.55335998535156
angry: 81.55335998535156
angry: 81.55335998535156
angry: 81.55335998535156
angry: 81.55335998535156
angry: 81.55335998535156
angry: 81.55335998535156
angry: 81.55335998535156
angry: 81.55335998535156
angry: 81.55335998535156
angry: 81.55335998535156
angry: 81.55335998535156
angry: 81.55335998535156
angry: 81.55335998535156
angry: 81.55335998535156
angry: 81.55335998535156
angry: 81.55335998535156
angry: 81.55335998535156
angry: 81.55335998535156
angry: 81.55335998535156
angry: 81.55335998535156
angry: 81.55335998535156
angry: 81.55335998535156
angry: 81.55335998535156
angry: 81.55335998535156
angry: 81.55335998535156
angry: 81.55335998535156
angry: 81.55335998535156
angry: 81.55335998535156
angry: 81.55335998535156
angry: 81.55335998535156
angry: 81.55335998535156
angry: 81.55335998535156
angry: 81.55335998535156
angry: 81.55335998535156
angry: 81.55335998535156
angry: 81.55335998535156
angry: 81.55335998535156
angry: 81.55335998535156
angry: 81.55335998535156
angry: 81.55335998535156
angry: 81.55335998535156
angry: 81.55335998535156
angry: 81.55335998535156
angry: 81.55335998535156
angry: 81.55335998535156
angry: 81.55335998535156
angry: 81.55335998535156
angry: 81.55335998535156
angry: 81.55335998535156
angry: 81.55335998535156
angry: 81.55335998535156
angry: 81.55335998535156
angry: 81.55335998535156
angry: 81.55335998535156
angry: 81.55335998535156
angry: 81.55335998535156
angry: 81.55335998535156
angry: 81.55335998535156
angry: 81.55335998535156
angry: 81.55335998535156
angry: 81.55335998535156
angry: 81.55335998535156
angry: 81.55335998535156
angry: 81.55335998535156
angry: 81.55335998535156
angry: 81.55335998535156
angry: 81.55335998535156
angry: 81.55335998535156
angry: 81.55335998535156
angry: 81.55335998535156
angry: 81.55335998535156
angry: 81.55335998535156
angry: 81.55335998535156
angry: 81.55335998535156
angry: 81.55335998535156
angry: 81.55335998535156
angry: 81.55335998535156
angry: 81.55335998535156
angry: 81.55335998535156
angry: 81.55335998535156
angry: 81.55335998535156
angry: 81.55335998535156
angry: 81.55335998535156
angry: 81.55335998535156
angry: 81.55335998535156
angry: 81.55335998535156
angry: 81.55335998535156
angry: 81.55335998535156
angry: 81.55335998535156
angry: 81.55335998535156
angry: 81.55335998535156
angry: 81.55335998535156
angry: 81.55335998535156
angry: 81.55335998535156
angry: 81.55335998535156
angry: 81.55335998535156
angry: 81.55335998535156
angry: 81.55335998535156
angry: 81.55335998535156
angry: 81.55335998535156
angry: 81.55335998535156
angry: 81.55335998535156
angry: 81.55335998535156
angry: 81.55335998535156
angry: 81.55335998535156
angry: 81.55335998535156
angry: 81.55335998535156
angry: 81.55335998535156
angry: 81.55335998535156
angry: 81.55335998535156
angry: 81.55335998535156
angry: 81.55335998535156
angry: 81.55335998535156
angry: 81.55335998535156
angry: 81.55335998535156
angry: 81.55335998535156
angry: 81.55335998535156
angry: 81.55335998535156
angry: 81.55335998535156
angry: 81.55335998535156
angry: 81.55335998535156
angry: 81.55335998535156
angry: 81.55335998535156
angry: 81.55335998535156
angry: 81.55335998535156
angry: 81.55335998535156
angry: 81.55335998535156
angry: 81.55335998535156
angry: 81.55335998535156
angry: 81.55335998535156
angry: 81.55335998535156
angry: 81.55335998535156
angry: 81.55335998535156
angry: 81.55335998535156
angry: 81.55335998535156
angry: 81.55335998535156
angry: 81.55335998535156
angry: 81.55335998535156
angry: 81.55335998535156
angry: 81.55335998535156
angry: 81.55335998535156
angry: 81.55335998535156
angry: 81.55335998535156
angry: 81.55335998535156
angry: 81.55335998535156
angry: 81.55335998535156
angry: 81.55335998535156
angry: 81.55335998535156
angry: 81.55335998535156
angry: 81.55335998535156
angry: 81.55335998535156
angry: 81.55335998535156
angry: 81.55335998535156
angry: 81.55335998535156
angry: 81.55335998535156
angry: 81.55335998535156
angry: 81.55335998535156
angry: 81.55335998535156
angry: 81.55335998535156
angry: 81.55335998535156
angry: 81.55335998535156
angry: 81.55335998535156
angry: 81.55335998535156
angry: 81.55335998535156
angry: 81.55335998535156
angry: 81.55335998535156
angry: 81.55335998535156
angry: 81.55335998535156
angry: 81.55335998535156
angry: 81.55335998535156
angry: 81.55335998535156
angry: 81.55335998535156
angry: 81.55335998535156
angry: 81.55335998535156
angry: 81.55335998535156
angry: 81.55335998535156
angry: 81.55335998535156
angry: 81.55335998535156
angry: 81.55335998535156
angry: 81.55335998535156
angry: 81.55335998535156
angry: 81.55335998535156
angry: 81.55335998535156
angry: 81.55335998535156
angry: 81.55335998535156
angry: 81.55335998535156
angry: 81.55335998535156
angry: 81.55335998535156
angry: 81.55335998535156
angry: 81.55335998535156
angry: 81.55335998535156
angry: 81.55335998535156
angry: 81.55335998535156
angry: 81.55335998535156
angry: 81.55335998535156
angry: 81.55335998535156
angry: 81.55335998535156
angry: 81.55335998535156
angry: 81.55335998535156
angry: 81.55335998535156
angry: 81.55335998535156
angry: 81.55335998535156
angry: 81.55335998535156
angry: 81.55335998535156
angry: 81.55335998535156
angry: 81.55335998535156
angry: 81.55335998535156
angry: 81.55335998535156
angry: 81.55335998535156
angry: 81.55335998535156
angry: 81.55335998535156
angry: 81.55335998535156
angry: 81.55335998535156
angry: 81.55335998535156
angry: 81.55335998535156
angry: 81.55335998535156
angry: 81.55335998535156
angry: 81.55335998535156
angry: 81.55335998535156
angry: 81.55335998535156
angry: 81.55335998535156
angry: 81.55335998535156
angry: 81.55335998535156
angry: 81.55335998535156
angry: 81.55335998535156
angry: 81.55335998535156
angry: 81.55335998535156
angry: 81.55335998535156
angry: 81.55335998535156
angry: 81.55335998535156
angry: 81.55335998535156
angry: 81.55335998535156
angry: 81.55335998535156
angry: 81.55335998535156
angry: 81.55335998535156
angry: 81.55335998535156
angry: 81.55335998535156
angry: 81.55335998535156
angry: 81.55335998535156
angry: 81.55335998535156
angry: 81.55335998535156
angry: 81.55335998535156
angry: 81.55335998535156
angry: 81.55335998535156
angry: 81.55335998535156
angry: 81.55335998535156
angry: 81.55335998535156
angry: 81.55335998535156
angry: 81.55335998535156
angry: 81.55335998535156
angry: 81.55335998535156
angry: 81.55335998535156
angry: 81.55335998535156
angry: 81.55335998535156
angry: 81.55335998535156
angry: 81.55335998535156
angry: 81.55335998535156
angry: 81.55335998535156
angry: 81.55335998535156
angry: 81.55335998535156
angry: 81.55335998535156
angry: 81.55335998535156
angry: 81.55335998535156
angry: 81.55335998535156
angry: 81.55335998535156
angry: 81.55335998535156
angry: 81.55335998535156
angry: 81.55335998535156
angry: 81.55335998535156
angry: 81.55335998535156
angry: 81.55335998535156
angry: 81.55335998535156
angry: 81.55335998535156
angry: 81.55335998535156
angry: 81.55335998535156
angry: 81.55335998535156
angry: 81.55335998535156
angry: 81.55335998535156
angry: 81.55335998535156
angry: 81.55335998535156
angry: 81.55335998535156
angry: 81.55335998535156
angry: 81.55335998535156
angry: 81.55335998535156
angry: 81.55335998535156
angry: 81.55335998535156
angry: 81.55335998535156
angry: 81.55335998535156
angry: 81.55335998535156
angry: 81.55335998535156
angry: 81.55335998535156
angry: 81.55335998535156
angry: 81.55335998535156
angry: 81.55335998535156
angry: 81.55335998535156
angry: 81.55335998535156
angry: 81.55335998535156
angry: 81.55335998535156
angry: 81.55335998535156
angry: 81.55335998535156
angry: 81.55335998535156
angry: 81.55335998535156
angry: 81.55335998535156
angry: 81.55335998535156
angry: 81.55335998535156
angry: 81.55335998535156
angry: 81.55335998535156
angry: 81.55335998535156
angry: 81.55335998535156
angry: 81.55335998535156
angry: 81.55335998535156
angry: 81.55335998535156
angry: 81.55335998535156
angry: 81.55335998535156
angry: 81.55335998535156
angry: 81.55335998535156
angry: 81.55335998535156
angry: 81.55335998535156
angry: 81.55335998535156
angry: 81.55335998535156
angry: 81.55335998535156
angry: 81.55335998535156
angry: 81.55335998535156
angry: 81.55335998535156
angry: 81.55335998535156
angry: 81.55335998535156
angry: 81.55335998535156
angry: 81.55335998535156
angry: 81.55335998535156
angry: 81.55335998535156
angry: 81.55335998535156
angry: 81.55335998535156
angry: 81.55335998535156
angry: 81.55335998535156
angry: 81.55335998535156
angry: 81.55335998535156
angry: 81.55335998535156
angry: 81.55335998535156
angry: 81.55335998535156
angry: 81.55335998535156
angry: 81.55335998535156
angry: 81.55335998535156
angry: 81.55335998535156
angry: 81.55335998535156
angry: 81.55335998535156
angry: 81.55335998535156
angry: 81.55335998535156
angry: 81.55335998535156
angry: 81.55335998535156
angry: 81.55335998535156
angry: 81.55335998535156
angry: 81.55335998535156
angry: 81.55335998535156
angry: 81.55335998535156
angry: 81.55335998535156
angry: 81.55335998535156
angry: 81.55335998535156
angry: 81.55335998535156
angry: 81.55335998535156
angry: 81.55335998535156
angry: 81.55335998535156
angry: 81.55335998535156
angry: 81.55335998535156
angry: 81.55335998535156
angry: 81.55335998535156
angry: 81.55335998535156
angry: 81.55335998535156
angry: 81.55335998535156
angry: 81.55335998535156
angry: 81.55335998535156
angry: 81.55335998535156
angry: 81.55335998535156
angry: 81.55335998535156
angry: 81.55335998535156
angry: 81.55335998535156
angry: 81.55335998535156
angry: 81.55335998535156
angry: 81.55335998535156
angry: 81.55335998535156
angry: 81.55335998535156
angry: 81.55335998535156
angry: 81.55335998535156
angry: 81.55335998535156
angry: 81.55335998535156
angry: 81.55335998535156
angry: 81.55335998535156
angry: 81.55335998535156
angry: 81.55335998535156
angry: 81.55335998535156
angry: 81.55335998535156
angry: 81.55335998535156
angry: 81.55335998535156
angry: 81.55335998535156
angry: 81.55335998535156
angry: 81.55335998535156
angry: 81.55335998535156
angry: 81.55335998535156
angry: 81.55335998535156
angry: 81.55335998535156
angry: 81.55335998535156
angry: 81.55335998535156
angry: 81.55335998535156
angry: 81.55335998535156
angry: 81.55335998535156
angry: 81.55335998535156
angry: 81.55335998535156
angry: 81.55335998535156
angry: 81.55335998535156
angry: 81.55335998535156
angry: 81.55335998535156
angry: 81.55335998535156
angry: 81.55335998535156
angry: 81.55335998535156
angry: 81.55335998535156
angry: 81.55335998535156
angry: 81.55335998535156
angry: 81.55335998535156
angry: 81.55335998535156
angry: 81.55335998535156
angry: 81.55335998535156
angry: 81.55335998535156
angry: 81.55335998535156
angry: 81.55335998535156
angry: 81.55335998535156
angry: 81.55335998535156
angry: 81.55335998535156
angry: 81.55335998535156
angry: 81.55335998535156
angry: 81.55335998535156
angry: 81.55335998535156
angry: 81.55335998535156
angry: 81.55335998535156
angry: 81.55335998535156
angry: 81.55335998535156
angry: 81.55335998535156
angry: 81.55335998535156
angry: 81.55335998535156
angry: 81.55335998535156
angry: 81.55335998535156
angry: 81.55335998535156
angry: 81.55335998535156
angry: 81.55335998535156
angry: 81.55335998535156
angry: 81.55335998535156
angry: 81.55335998535156
angry: 81.55335998535156
angry: 81.55335998535156
angry: 81.55335998535156
angry: 81.55335998535156
angry: 81.55335998535156
angry: 81.55335998535156
angry: 81.55335998535156
angry: 81.55335998535156
angry: 81.55335998535156
angry: 81.55335998535156
angry: 81.55335998535156
angry: 81.55335998535156
angry: 81.55335998535156
angry: 81.55335998535156
angry: 81.55335998535156
angry: 81.55335998535156
angry: 81.55335998535156
angry: 81.55335998535156
angry: 81.55335998535156
angry: 81.55335998535156
angry: 81.55335998535156
angry: 81.55335998535156
angry: 81.55335998535156
angry: 81.55335998535156
angry: 81.55335998535156
angry: 81.55335998535156
angry: 81.55335998535156
angry: 81.55335998535156
angry: 81.55335998535156
angry: 81.55335998535156
angry: 81.55335998535156
angry: 81.55335998535156
angry: 81.55335998535156
angry: 81.55335998535156
angry: 81.55335998535156
angry: 81.55335998535156
angry: 81.55335998535156
angry: 81.55335998535156
angry: 81.55335998535156
angry: 81.55335998535156
angry: 81.55335998535156
angry: 81.55335998535156
angry: 81.55335998535156
angry: 81.55335998535156
angry: 81.55335998535156
angry: 81.55335998535156
angry: 81.55335998535156
angry: 81.55335998535156
angry: 81.55335998535156
angry: 81.55335998535156
angry: 81.55335998535156
angry: 81.55335998535156
angry: 81.55335998535156
angry: 81.55335998535156
angry: 81.55335998535156
angry: 81.55335998535156
angry: 81.55335998535156
angry: 81.55335998535156
angry: 81.55335998535156
angry: 81.55335998535156
angry: 81.55335998535156
angry: 81.55335998535156
angry: 81.55335998535156
angry: 81.55335998535156
angry: 81.55335998535156
angry: 81.55335998535156
angry: 81.55335998535156
angry: 81.55335998535156
angry: 81.55335998535156
angry: 81.55335998535156
angry: 81.55335998535156
angry: 81.55335998535156
angry: 81.55335998535156
angry: 81.55335998535156
angry: 81.55335998535156
angry: 81.55335998535156
angry: 81.55335998535156
angry: 81.55335998535156
angry: 81.55335998535156
angry: 81.55335998535156
angry: 81.55335998535156
angry: 81.55335998535156
angry: 81.55335998535156
angry: 81.55335998535156
angry: 81.55335998535156
angry: 81.55335998535156
angry: 81.55335998535156
angry: 81.55335998535156
angry: 81.55335998535156
angry: 81.55335998535156
angry: 81.55335998535156
angry: 81.55335998535156
angry: 81.55335998535156
angry: 81.55335998535156
angry: 81.55335998535156
angry: 81.55335998535156
angry: 81.55335998535156
angry: 81.55335998535156
angry: 81.55335998535156
angry: 81.55335998535156
angry: 81.55335998535156
angry: 81.55335998535156
angry: 81.55335998535156
angry: 81.55335998535156
angry: 81.55335998535156
angry: 81.55335998535156
angry: 81.55335998535156
angry: 81.55335998535156
angry: 81.55335998535156
angry: 81.55335998535156
angry: 81.55335998535156
angry: 81.55335998535156
angry: 81.55335998535156
angry: 81.55335998535156
angry: 81.55335998535156
angry: 81.55335998535156
angry: 81.55335998535156
angry: 81.55335998535156
angry: 81.55335998535156
angry: 81.55335998535156
angry: 81.55335998535156
angry: 81.55335998535156
angry: 81.55335998535156
angry: 81.55335998535156
angry: 81.55335998535156
angry: 81.55335998535156
angry: 81.55335998535156
angry: 81.55335998535156
angry: 81.55335998535156
angry: 81.55335998535156
angry: 81.55335998535156
angry: 81.55335998535156
angry: 81.55335998535156
angry: 81.55335998535156
angry: 81.55335998535156
angry: 81.55335998535156
angry: 81.55335998535156
angry: 81.55335998535156
angry: 81.55335998535156
angry: 81.55335998535156
angry: 81.55335998535156
angry: 81.55335998535156
angry: 81.55335998535156
angry: 81.55335998535156
angry: 81.55335998535156
angry: 81.55335998535156
angry: 81.55335998535156
angry: 81.55335998535156
angry: 81.55335998535156
angry: 81.55335998535156
angry: 81.55335998535156
angry: 81.55335998535156
angry: 81.55335998535156
angry: 81.55335998535156
angry: 81.55335998535156
angry: 81.55335998535156
angry: 81.55335998535156
angry: 81.55335998535156
angry: 81.55335998535156
angry: 81.55335998535156
angry: 81.55335998535156
angry: 81.55335998535156
angry: 81.55335998535156
angry: 81.55335998535156
angry: 81.55335998535156
angry: 81.55335998535156
angry: 81.55335998535156
angry: 81.55335998535156
angry: 81.55335998535156
angry: 81.55335998535156
angry: 81.55335998535156
angry: 81.55335998535156
angry: 81.55335998535156
angry: 81.55335998535156
angry: 81.55335998535156
angry: 81.55335998535156
angry: 81.55335998535156
angry: 81.55335998535156
angry: 81.55335998535156
angry: 81.55335998535156
angry: 81.55335998535156
angry: 81.55335998535156
angry: 81.55335998535156
angry: 81.55335998535156
angry: 81.55335998535156
angry: 81.55335998535156
angry: 81.55335998535156
angry: 81.55335998535156
angry: 81.55335998535156
angry: 81.55335998535156
angry: 81.55335998535156
angry: 81.55335998535156
angry: 81.55335998535156
angry: 81.55335998535156
angry: 81.55335998535156
angry: 81.55335998535156
angry: 81.55335998535156
angry: 81.55335998535156
angry: 81.55335998535156
angry: 81.55335998535156
angry: 81.55335998535156
angry: 81.55335998535156
angry: 81.55335998535156
angry: 81.55335998535156
angry: 81.55335998535156
angry: 81.55335998535156
angry: 81.55335998535156
angry: 81.55335998535156
angry: 81.55335998535156
angry: 81.55335998535156
angry: 81.55335998535156
angry: 81.55335998535156
angry: 81.55335998535156
angry: 81.55335998535156
angry: 81.55335998535156
angry: 81.55335998535156
angry: 81.55335998535156
angry: 81.55335998535156
angry: 81.55335998535156
angry: 81.55335998535156
angry: 81.55335998535156
angry: 81.55335998535156
angry: 81.55335998535156
angry: 81.55335998535156
angry: 81.55335998535156
angry: 81.55335998535156
angry: 81.55335998535156
angry: 81.55335998535156
angry: 81.55335998535156
angry: 81.55335998535156
angry: 81.55335998535156
angry: 81.55335998535156
angry: 81.55335998535156
angry: 81.55335998535156
angry: 81.55335998535156
angry: 81.55335998535156
angry: 81.55335998535156
angry: 81.55335998535156
angry: 81.55335998535156
angry: 81.55335998535156
angry: 81.55335998535156
angry: 81.55335998535156
angry: 81.55335998535156
angry: 81.55335998535156
angry: 81.55335998535156
angry: 81.55335998535156
angry: 81.55335998535156
angry: 81.55335998535156
angry: 81.55335998535156
angry: 81.55335998535156
angry: 81.55335998535156
angry: 81.55335998535156
angry: 81.55335998535156
angry: 81.55335998535156
angry: 81.55335998535156
angry: 81.55335998535156
angry: 81.55335998535156
angry: 81.55335998535156
angry: 81.55335998535156
angry: 81.55335998535156
angry: 81.55335998535156
angry: 81.55335998535156
angry: 81.55335998535156
angry: 81.55335998535156
angry: 81.55335998535156
angry: 81.55335998535156
angry: 81.55335998535156
angry: 81.55335998535156
angry: 81.55335998535156
angry: 81.55335998535156
angry: 81.55335998535156
angry: 81.55335998535156
angry: 81.55335998535156
angry: 81.55335998535156
angry: 81.55335998535156
angry: 81.55335998535156
angry: 81.55335998535156
angry: 81.55335998535156
angry: 81.55335998535156
angry: 81.55335998535156
angry: 81.55335998535156
angry: 81.55335998535156
angry: 81.55335998535156
angry: 81.55335998535156
angry: 81.55335998535156
angry: 81.55335998535156
angry: 81.55335998535156
angry: 81.55335998535156
angry: 81.55335998535156
angry: 81.55335998535156
angry: 81.55335998535156
angry: 81.55335998535156
angry: 81.55335998535156
angry: 81.55335998535156
angry: 81.55335998535156
angry: 81.55335998535156
angry: 81.55335998535156
angry: 81.55335998535156
angry: 81.55335998535156
angry: 81.55335998535156
angry: 81.55335998535156
angry: 81.55335998535156
angry: 81.55335998535156
angry: 81.55335998535156
angry: 81.55335998535156
angry: 81.55335998535156
angry: 81.55335998535156
angry: 81.55335998535156
angry: 81.55335998535156
angry: 81.55335998535156
angry: 81.55335998535156
angry: 81.55335998535156
angry: 81.55335998535156
angry: 81.55335998535156
angry: 81.55335998535156
angry: 81.55335998535156
angry: 81.55335998535156
angry: 81.55335998535156
angry: 81.55335998535156
angry: 81.55335998535156
angry: 81.55335998535156
angry: 81.55335998535156
angry: 81.55335998535156
angry: 81.55335998535156
angry: 81.55335998535156
angry: 81.55335998535156
angry: 81.55335998535156
angry: 81.55335998535156
angry: 81.55335998535156
angry: 81.55335998535156
angry: 81.55335998535156
angry: 81.55335998535156
angry: 81.55335998535156
angry: 81.55335998535156
angry: 81.55335998535156
angry: 81.55335998535156
angry: 81.55335998535156
angry: 81.55335998535156
angry: 81.55335998535156
angry: 81.55335998535156
angry: 81.55335998535156
angry: 81.55335998535156
angry: 81.55335998535156
angry: 81.55335998535156
angry: 81.55335998535156
angry: 81.55335998535156
angry: 81.55335998535156
angry: 81.55335998535156
angry: 81.55335998535156
angry: 81.55335998535156
angry: 81.55335998535156
angry: 81.55335998535156
angry: 81.55335998535156
angry: 81.55335998535156
angry: 81.55335998535156
angry: 81.55335998535156
angry: 81.55335998535156
angry: 81.55335998535156
angry: 81.55335998535156
angry: 81.55335998535156
angry: 81.55335998535156
angry: 81.55335998535156
angry: 81.55335998535156
angry: 81.55335998535156
angry: 81.55335998535156
angry: 81.55335998535156
angry: 81.55335998535156
angry: 81.55335998535156
angry: 81.55335998535156
angry: 81.55335998535156
angry: 81.55335998535156
angry: 81.55335998535156
angry: 81.55335998535156
angry: 81.55335998535156
angry: 81.55335998535156
angry: 81.55335998535156
angry: 81.55335998535156
angry: 81.55335998535156
angry: 81.55335998535156
angry: 81.55335998535156
angry: 81.55335998535156
angry: 81.55335998535156
angry: 81.55335998535156
angry: 81.55335998535156
angry: 81.55335998535156
angry: 81.55335998535156
angry: 81.55335998535156
angry: 81.55335998535156
angry: 81.55335998535156
angry: 81.55335998535156
angry: 81.55335998535156
angry: 81.55335998535156
angry: 81.55335998535156
angry: 81.55335998535156
angry: 81.55335998535156
angry: 81.55335998535156
angry: 81.55335998535156
angry: 81.55335998535156
angry: 81.55335998535156
angry: 81.55335998535156
angry: 81.55335998535156
angry: 81.55335998535156
angry: 81.55335998535156
angry: 81.55335998535156
angry: 81.55335998535156
angry: 81.55335998535156
angry: 81.55335998535156
angry: 81.55335998535156
angry: 81.55335998535156
angry: 81.55335998535156
angry: 81.55335998535156
angry: 81.55335998535156
angry: 81.55335998535156
angry: 81.55335998535156
angry: 81.55335998535156
angry: 81.55335998535156
angry: 81.55335998535156
angry: 81.55335998535156
angry: 81.55335998535156
angry: 81.55335998535156
angry: 81.55335998535156
angry: 81.55335998535156
angry: 81.55335998535156
angry: 81.55335998535156
angry: 81.55335998535156
angry: 81.55335998535156
angry: 81.55335998535156
angry: 81.55335998535156
angry: 81.55335998535156
angry: 81.55335998535156
angry: 81.55335998535156
angry: 81.55335998535156
angry: 81.55335998535156
angry: 81.55335998535156
angry: 81.55335998535156
angry: 81.55335998535156
angry: 81.55335998535156
angry: 81.55335998535156
angry: 81.55335998535156
angry: 81.55335998535156
angry: 81.55335998535156
angry: 81.55335998535156
angry: 81.55335998535156
angry: 81.55335998535156
angry: 81.55335998535156
angry: 81.55335998535156
angry: 81.55335998535156
angry: 81.55335998535156
angry: 81.55335998535156
angry: 81.55335998535156
angry: 81.55335998535156
angry: 81.55335998535156
angry: 81.55335998535156
angry: 81.55335998535156
angry: 81.55335998535156
angry: 81.55335998535156
angry: 81.55335998535156
angry: 81.55335998535156
angry: 81.55335998535156
sad: 79.95286560058594
neutral: 65.7804946899414
sad: 75.37667846679688
sad: 58.42520523071289
sad: 63.92429733276367
sad: 61.504112243652344
sad: 69.98613739013672
sad: 89.9940185546875
fear: 62.454559326171875
sad: 73.85909271240234
sad: 73.72994995117188
sad: 99.61151885986328
sad: 83.79486083984375
sad: 65.36731719970703
fear: 61.416255950927734
sad: 77.62977600097656
sad: 92.23049926757812
fear: 99.99092102050781
fear: 99.99958801269531
surprise: 53.28544998168945
surprise: 45.9576301574707
fear: 84.45912170410156
fear: 87.76667022705078
surprise: 89.60322570800781
fear: 90.68174743652344
sad: 62.967857360839844
fear: 51.429874420166016
fear: 57.09575271606445
fear: 97.98574829101562
fear: 93.08325958251953
fear: 60.07374572753906
fear: 55.39404296875
sad: 54.00117492675781
happy: 99.91165924072266
surprise: 98.78121948242188
surprise: 96.95283508300781
surprise: 99.32539367675781
surprise: 99.06417846679688
surprise: 98.60615539550781
sad: 66.56218719482422
fear: 74.31440734863281
fear: 78.3373031616211
neutral: 80.41138458251953
sad: 71.92393493652344
fear: 83.81006622314453
sad: 49.40475082397461
fear: 50.36870574951172
happy: 98.74125671386719
happy: 99.9690170288086
fear: 46.88760757446289
fear: 83.34256744384766
fear: 52.0617790222168
fear: 58.68016052246094
sad: 66.04290771484375
fear: 79.9032211303711
fear: 91.1378173828125
sad: 62.78211975097656
fear: 94.85228729248047
sad: 66.00688934326172
fear: 98.15357208251953
fear: 97.3622055053711
fear: 93.98600006103516
angry: 66.00254821777344
fear: 77.17650604248047
fear: 94.6809310913086
fear: 95.63147735595703
fear: 84.86705780029297
fear: 99.57112121582031
sad: 89.8323974609375
sad: 97.35222625732422
fear: 58.08732986450195
neutral: 49.80815505981445
sad: 50.85818099975586
neutral: 72.09481811523438
sad: 49.017845153808594
neutral: 69.1501235961914
neutral: 92.48387145996094
neutral: 93.64189910888672
neutral: 77.83133697509766
neutral: 47.5234260559082
neutral: 56.63727951049805
neutral: 97.79764556884766
neutral: 59.5817756652832
fear: 95.79574584960938
neutral: 89.60311889648438
neutral: 39.47304153442383
happy: 89.4109115600586
sad: 86.15398406982422
fear: 69.92207336425781
fear: 52.22123718261719
angry: 76.9014892578125
sad: 63.54779815673828
disgust: 34.38811492919922
sad: 78.15093994140625
fear: 86.73731994628906
sad: 73.68721771240234
sad: 55.60915756225586
sad: 58.7388916015625
fear: 84.57711791992188
neutral: 67.50045776367188
happy: 93.4027099609375
neutral: 73.66825103759766
fear: 92.66322326660156
fear: 80.95577239990234
sad: 75.47758483886719
surprise: 73.44901275634766
surprise: 74.76421356201172
fear: 97.86405944824219
fear: 65.76081848144531
sad: 49.84646224975586
sad: 89.78349304199219
sad: 78.0501937866211
sad: 80.40240478515625
fear: 63.66067123413086
sad: 60.148284912109375
sad: 76.90167236328125
sad: 84.21553039550781
fear: 73.03057861328125
fear: 97.79954528808594
fear: 97.39236450195312
sad: 60.72624588012695
sad: 95.38542938232422
fear: 88.5303955078125
fear: 49.84322738647461
sad: 82.22671508789062
neutral: 76.35076141357422
sad: 45.24266815185547
neutral: 48.57105255126953
neutral: 90.74000549316406
sad: 94.63360595703125
fear: 62.3370475769043
sad: 71.738525390625
neutral: 96.48658752441406
fear: 98.54269409179688
fear: 87.4000015258789
fear: 90.00324249267578
fear: 96.58350372314453
fear: 97.27877044677734
surprise: 99.26860809326172
neutral: 77.82460021972656
fear: 89.56735229492188
surprise: 56.44137954711914
fear: 31.68177032470703
surprise: 82.34241485595703
sad: 93.96995544433594
fear: 88.732421875
fear: 98.63709259033203
sad: 58.30840301513672
fear: 86.52184295654297
fear: 97.0433349609375
fear: 95.00022888183594
fear: 95.85155487060547
sad: 84.4769287109375
sad: 72.52035522460938
sad: 81.97773742675781
fear: 65.2455825805664
sad: 78.36253356933594
fear: 86.6762466430664
sad: 97.83460235595703
neutral: 44.66695022583008
sad: 68.70255279541016
sad: 92.99786376953125
sad: 77.36327362060547
sad: 64.47512817382812
sad: 49.05271530151367
sad: 34.654762268066406
sad: 56.07493591308594
neutral: 75.51692962646484
sad: 67.45655059814453
neutral: 81.45780944824219
neutral: 70.34546661376953
sad: 51.259578704833984
sad: 53.21731948852539
sad: 69.92076873779297
sad: 69.50059509277344
sad: 89.881591796875
sad: 89.881591796875
sad: 89.881591796875
fear: 97.17066955566406
fear: 97.17066955566406
fear: 97.17066955566406
fear: 97.17066955566406
fear: 97.17066955566406
fear: 97.17066955566406
fear: 97.17066955566406
fear: 97.17066955566406
fear: 97.17066955566406
fear: 97.17066955566406
fear: 97.17066955566406
fear: 97.17066955566406
fear: 97.17066955566406
fear: 97.17066955566406
sad: 59.98338317871094
happy: 83.04305267333984
fear: 46.65190124511719
happy: 62.18502426147461
fear: 69.29720306396484
fear: 72.43426513671875
fear: 87.52855682373047
neutral: 93.87284088134766
sad: 43.0823974609375
surprise: 49.74171829223633
neutral: 41.15426254272461
fear: 89.97180938720703
fear: 50.95871353149414
neutral: 65.64514923095703
neutral: 75.50381469726562
neutral: 57.430328369140625
neutral: 81.9837417602539
fear: 94.42178344726562
fear: 80.7375259399414
sad: 63.28151321411133
sad: 84.1993179321289
fear: 88.63573455810547
fear: 82.15325927734375
fear: 88.742919921875
sad: 41.95709991455078
fear: 90.2860107421875
fear: 70.99329376220703
sad: 68.8954849243164
fear: 98.53819274902344
sad: 96.52520751953125
fear: 57.397132873535156
sad: 66.70699310302734
fear: 61.43580627441406
fear: 80.16543579101562
fear: 84.99797058105469
fear: 59.87063217163086
fear: 80.71542358398438
sad: 48.48509216308594
sad: 72.99475860595703
sad: 60.910343170166016
fear: 89.03610229492188
sad: 78.03086853027344
sad: 96.2655258178711
fear: 55.048709869384766
fear: 99.92381286621094
sad: 90.74321746826172
sad: 70.6202163696289
fear: 93.9734115600586
happy: 99.99974060058594
happy: 99.99788665771484
happy: 99.99917602539062
sad: 89.72160339355469
surprise: 99.0123062133789
fear: 99.97798156738281
fear: 99.99649047851562
sad: 55.434078216552734
fear: 97.78983306884766
surprise: 71.79095458984375
surprise: 68.94775390625
neutral: 55.80228042602539
sad: 62.45981979370117
sad: 60.30192947387695
sad: 92.0653305053711
happy: 95.78347778320312
happy: 88.62226104736328
sad: 81.10214233398438
fear: 99.9261703491211
fear: 99.99723815917969
fear: 95.12004089355469
fear: 85.8800277709961
fear: 92.75092315673828
fear: 98.61090850830078
fear: 98.78113555908203
fear: 50.27396774291992
fear: 94.85548400878906
fear: 71.19503784179688
fear: 98.93514251708984
fear: 97.03076934814453
fear: 98.69025421142578
fear: 97.73755645751953
sad: 93.61560821533203
sad: 75.93489074707031
sad: 76.3730239868164
sad: 99.48217010498047
neutral: 99.99209594726562
fear: 99.86731719970703
fear: 65.49372100830078
fear: 99.49960327148438
fear: 94.10533905029297
fear: 71.1558609008789
fear: 58.61713790893555
fear: 60.625694274902344
sad: 98.76932525634766
sad: 58.15427780151367
neutral: 89.51616668701172
surprise: 99.49263000488281
sad: 87.43946838378906
sad: 99.8702163696289
neutral: 99.66703033447266
neutral: 99.99022674560547
neutral: 95.14700317382812
neutral: 88.6914291381836
neutral: 99.9078598022461
neutral: 99.92869567871094
neutral: 99.78995513916016
neutral: 95.02896881103516
fear: 96.21971893310547
fear: 74.01152038574219
neutral: 85.37214660644531
neutral: 80.96163177490234
neutral: 77.25782012939453
neutral: 70.84220886230469
neutral: 62.4602165222168
neutral: 44.62948989868164
fear: 39.818607330322266
fear: 84.64008331298828
fear: 76.49456787109375
neutral: 56.498111724853516
fear: 61.08808517456055
fear: 67.90189361572266
fear: 75.2525405883789
fear: 72.89057922363281
fear: 80.48200225830078
fear: 85.37855529785156
fear: 98.70155334472656
fear: 99.9682846069336
fear: 97.37764739990234
neutral: 73.12210845947266
fear: 65.85628509521484
surprise: 67.556640625
fear: 70.55119323730469
neutral: 98.12374114990234
neutral: 89.22993469238281
fear: 89.56900787353516
fear: 92.89933776855469
fear: 99.8404541015625
fear: 89.9461669921875
fear: 99.61858367919922
neutral: 96.22638702392578
neutral: 99.88885498046875
neutral: 99.95574188232422
fear: 50.275875091552734
sad: 51.357154846191406
sad: 49.920654296875
sad: 50.46889877319336
fear: 45.20701599121094
fear: 64.28726196289062
fear: 99.53302001953125
fear: 84.75153350830078
fear: 86.20967102050781
fear: 92.51971435546875
fear: 99.59060668945312
fear: 89.18848419189453
fear: 96.27055358886719
fear: 91.98365020751953
fear: 99.40467834472656
fear: 94.68631744384766
fear: 96.06908416748047
fear: 99.92700958251953
fear: 99.84902954101562
fear: 99.59259796142578
fear: 91.60513305664062
fear: 99.97225189208984
fear: 99.96985626220703
fear: 88.74468231201172
fear: 99.81070709228516
fear: 99.88057708740234
fear: 99.95356750488281
neutral: 51.529293060302734
fear: 99.82847595214844
fear: 99.91165924072266
fear: 99.96310424804688
fear: 99.977783203125
fear: 99.9980697631836
fear: 99.9890365600586
fear: 99.98265838623047
fear: 99.99652099609375
fear: 99.99235534667969
fear: 99.97258758544922
surprise: 54.4879035949707
sad: 69.12208557128906
sad: 49.649391174316406
fear: 71.62198638916016
sad: 64.1942138671875
sad: 93.1534652709961
fear: 78.5943603515625
sad: 85.4431381225586
fear: 98.6471176147461
fear: 81.91886138916016
neutral: 70.10448455810547
sad: 46.87514877319336
sad: 59.37840270996094
fear: 75.5414047241211
fear: 51.02664566040039
sad: 49.31338119506836
fear: 99.99608612060547
neutral: 92.7598876953125
neutral: 78.11285400390625
neutral: 66.29090118408203
neutral: 93.03312683105469
fear: 65.33589935302734
fear: 88.5538558959961
fear: 94.38610076904297
fear: 87.75598907470703
fear: 98.19660949707031
fear: 86.76741790771484
fear: 92.37397003173828
sad: 98.40686798095703
sad: 43.92383575439453
neutral: 52.0855712890625
fear: 56.75114822387695
sad: 56.325157165527344
neutral: 59.93383026123047
sad: 50.1342658996582
fear: 84.032470703125
sad: 90.69294738769531
neutral: 48.101776123046875
fear: 93.3257827758789
neutral: 51.27588653564453
sad: 54.659645080566406
fear: 99.58195495605469
sad: 56.42011260986328
fear: 51.794647216796875
neutral: 95.50981140136719
fear: 60.09955978393555
fear: 98.17300415039062
happy: 90.70227813720703
fear: 99.06581115722656
neutral: 49.66733932495117
sad: 49.87919616699219
sad: 59.125022888183594
sad: 58.00445556640625
angry: 81.55335998535156
angry: 81.55335998535156
angry: 81.55335998535156
angry: 81.55335998535156
angry: 81.55335998535156
angry: 81.55335998535156
angry: 81.55335998535156
angry: 81.55335998535156
angry: 81.55335998535156
angry: 81.55335998535156
angry: 81.55335998535156
angry: 81.55335998535156
angry: 81.55335998535156
angry: 81.55335998535156
angry: 81.55335998535156
angry: 81.55335998535156
angry: 81.55335998535156
angry: 81.55335998535156
angry: 81.55335998535156
angry: 81.55335998535156
angry: 81.55335998535156
angry: 81.55335998535156
angry: 81.55335998535156
angry: 81.55335998535156
angry: 81.55335998535156
angry: 81.55335998535156
angry: 81.55335998535156
angry: 81.55335998535156
angry: 81.55335998535156
angry: 81.55335998535156
angry: 81.55335998535156
angry: 81.55335998535156
angry: 81.55335998535156
angry: 81.55335998535156
angry: 81.55335998535156
angry: 81.55335998535156
angry: 81.55335998535156
angry: 81.55335998535156
angry: 81.55335998535156
angry: 81.55335998535156
angry: 81.55335998535156
angry: 81.55335998535156
angry: 81.55335998535156
angry: 81.55335998535156
angry: 81.55335998535156
angry: 81.55335998535156
angry: 81.55335998535156
angry: 81.55335998535156
angry: 81.55335998535156
angry: 81.55335998535156
angry: 81.55335998535156
angry: 81.55335998535156
angry: 81.55335998535156
angry: 81.55335998535156
angry: 81.55335998535156
angry: 81.55335998535156
fear: 71.50189208984375
neutral: 85.73786163330078
fear: 52.7530403137207
neutral: 45.59148406982422
sad: 67.4655990600586
sad: 64.20487976074219
fear: 87.7432632446289
fear: 98.06494140625
fear: 86.90751647949219
sad: 80.69792175292969
sad: 91.50695037841797
sad: 54.908172607421875
sad: 46.38452911376953
sad: 92.0198974609375
sad: 64.97470092773438
angry: 44.52283477783203
sad: 52.440425872802734
sad: 87.26631164550781
neutral: 52.33390808105469
sad: 43.28177261352539
sad: 94.485595703125
sad: 55.44718551635742
sad: 54.42266082763672
neutral: 52.43220520019531
sad: 84.6641845703125
sad: 47.56088638305664
neutral: 65.3199234008789
fear: 45.462371826171875
sad: 54.25217056274414
sad: 37.6364860534668
fear: 81.9321517944336
fear: 90.89579772949219
fear: 56.73260498046875
sad: 99.05816650390625
sad: 88.90172576904297
neutral: 83.06355285644531
sad: 63.89020538330078
sad: 93.8803482055664
sad: 86.18724060058594
sad: 82.96273040771484
sad: 69.37593078613281
fear: 56.59341049194336
fear: 51.20255661010742
fear: 70.85623168945312
fear: 87.0889892578125
fear: 99.09480285644531
fear: 85.49231719970703
fear: 71.09341430664062
fear: 97.70105743408203
sad: 79.03483581542969
fear: 87.8999252319336
sad: 35.66044235229492
fear: 51.249855041503906
fear: 46.282310485839844
fear: 44.83783721923828
fear: 61.935001373291016
neutral: 48.56681442260742
fear: 86.7259292602539
sad: 53.1158447265625
fear: 48.30507278442383
fear: 78.10523223876953
neutral: 71.27333068847656
neutral: 47.85826110839844
fear: 45.54297637939453
sad: 62.47571563720703
sad: 69.35466003417969
neutral: 50.12771987915039
sad: 53.938621520996094
sad: 47.538787841796875
sad: 52.63298034667969
sad: 74.62631225585938
sad: 49.08275604248047
neutral: 48.66963577270508
fear: 93.8221435546875
fear: 36.06990051269531
sad: 70.6781005859375
fear: 98.83250427246094
fear: 99.80101013183594
fear: 68.8613510131836
fear: 99.64327239990234
fear: 96.77037811279297
fear: 99.70907592773438
fear: 75.26616668701172
sad: 62.648189544677734
fear: 76.52774810791016
fear: 97.19486236572266
sad: 77.11051940917969
sad: 77.948974609375
fear: 97.78378295898438
fear: 95.5367202758789
fear: 99.72525024414062
fear: 99.00157928466797
fear: 99.85711669921875
fear: 99.7329330444336
fear: 99.20564270019531
sad: 86.61219787597656
sad: 79.03529357910156
sad: 98.38646697998047
neutral: 95.1802978515625
fear: 49.1496696472168
sad: 70.82732391357422
sad: 78.77601623535156
sad: 78.96226501464844
neutral: 55.55392074584961
sad: 52.701602935791016
fear: 52.028724670410156
fear: 98.18775939941406
sad: 67.96259307861328
sad: 70.12268829345703
sad: 73.11784362792969
sad: 55.72383499145508
fear: 99.24424743652344
sad: 78.69140625
sad: 88.28193664550781
sad: 66.41847229003906
sad: 88.60396575927734
sad: 87.97341918945312
neutral: 62.80583190917969
neutral: 94.84049987792969
neutral: 96.29171752929688
sad: 52.27928161621094
sad: 55.13536071777344
fear: 57.411502838134766
sad: 46.045005798339844
neutral: 83.19166564941406
sad: 57.07191467285156
fear: 55.369686126708984
sad: 48.11006546020508
fear: 48.759220123291016
fear: 47.37602233886719
fear: 56.81752014160156
fear: 51.92654037475586
fear: 99.99861145019531
fear: 99.99329376220703
neutral: 52.72811508178711
neutral: 74.14681243896484
neutral: 66.90861511230469
neutral: 55.702327728271484
neutral: 80.59843444824219
fear: 99.8716049194336
fear: 97.47683715820312
neutral: 58.53290557861328
neutral: 98.67749786376953
neutral: 97.5351791381836
neutral: 88.24597930908203
sad: 63.26786804199219
neutral: 58.07698440551758
neutral: 56.840030670166016
fear: 95.03668975830078
fear: 85.10965728759766
fear: 60.60258483886719
sad: 63.386226654052734
neutral: 58.55296325683594
sad: 56.28596115112305
sad: 70.11339569091797
happy: 92.50173950195312
sad: 91.44801330566406
happy: 99.98802947998047
fear: 73.68724060058594
fear: 69.31925201416016
fear: 83.09317779541016
fear: 70.30799102783203
fear: 99.49322509765625
neutral: 40.03000259399414
fear: 60.534637451171875
fear: 85.92850494384766
fear: 94.5904541015625
sad: 95.2409896850586
fear: 82.80028533935547
sad: 99.84508514404297
sad: 80.74344635009766
sad: 65.53848266601562
fear: 47.95317077636719
sad: 93.6137924194336
sad: 53.014610290527344
neutral: 42.59960174560547
fear: 78.4384765625
fear: 92.78276062011719
fear: 95.87710571289062
sad: 50.059776306152344
fear: 57.34678268432617
fear: 96.07494354248047
fear: 82.236083984375
sad: 49.279136657714844
sad: 86.8392105102539
sad: 88.92903137207031
sad: 84.96791076660156
sad: 72.37735748291016
sad: 73.70347595214844
sad: 87.34832000732422
sad: 75.19235229492188
sad: 80.8116455078125
sad: 79.50310516357422
sad: 83.20353698730469
sad: 85.21684265136719
sad: 87.09093475341797
sad: 86.33013153076172
sad: 86.69329071044922
sad: 75.6041030883789
fear: 99.78904724121094
fear: 65.52070617675781
sad: 91.53514099121094
sad: 86.59140014648438
fear: 99.93156433105469
sad: 83.29509735107422
fear: 97.47850799560547
sad: 81.16033172607422
sad: 73.27865600585938
sad: 82.5103759765625
fear: 99.95828247070312
neutral: 99.80685424804688
sad: 68.39301300048828
fear: 99.5775375366211
neutral: 98.60435485839844
fear: 71.0286636352539
sad: 65.85691833496094
fear: 99.74502563476562
fear: 60.211483001708984
sad: 40.92920684814453
fear: 40.263938903808594
neutral: 45.30305099487305
neutral: 39.82184600830078
fear: 51.39829635620117
fear: 44.69411849975586
surprise: 88.6866455078125
fear: 96.06510925292969
fear: 98.59196472167969
fear: 99.99575805664062
fear: 99.79828643798828
angry: 55.502197265625
neutral: 97.49020385742188
neutral: 97.51886749267578
neutral: 85.91568756103516
fear: 63.0633544921875
sad: 92.60560607910156
fear: 94.37925720214844
fear: 87.6800765991211
fear: 97.7567138671875
fear: 99.92472076416016
fear: 98.31825256347656
fear: 96.9620590209961
fear: 90.63400268554688
fear: 94.3060073852539
fear: 91.61053466796875
fear: 85.245849609375
fear: 87.77454376220703
fear: 99.5266342163086
fear: 99.51721954345703
fear: 99.38976287841797
fear: 97.32040405273438
fear: 87.2275619506836
sad: 58.516876220703125
fear: 91.67436981201172
fear: 93.43269348144531
fear: 97.52322387695312
sad: 51.42316818237305
sad: 68.58084869384766
fear: 69.343994140625
fear: 99.01249694824219
neutral: 97.74271392822266
sad: 63.018924713134766
sad: 69.6077651977539
sad: 84.00157165527344
sad: 56.71611404418945
sad: 90.86087036132812
sad: 76.67382049560547
sad: 93.67633056640625
sad: 72.02718353271484
sad: 87.76801300048828
fear: 59.40150833129883
fear: 60.52778244018555
fear: 83.31334686279297
sad: 80.73429107666016
fear: 64.36022186279297
sad: 60.009395599365234
sad: 91.73377990722656
fear: 99.98133087158203
fear: 91.37056732177734
fear: 94.9398422241211
fear: 92.8796615600586
sad: 78.14566802978516
sad: 59.354888916015625
sad: 62.98969268798828
sad: 79.86573028564453
sad: 79.24883270263672
sad: 78.0337905883789
sad: 63.99085998535156
fear: 95.28618621826172
fear: 95.59535217285156
fear: 91.82234954833984
fear: 80.89051055908203
fear: 63.34280776977539
fear: 80.39595031738281
fear: 91.27863311767578
fear: 92.60581970214844
fear: 80.53011322021484
neutral: 47.028533935546875
fear: 60.92481231689453
fear: 91.52996063232422
fear: 89.39324951171875
fear: 98.56708526611328
fear: 79.25161743164062
fear: 94.38782501220703
fear: 95.89476013183594
fear: 86.2413101196289
fear: 95.69541931152344
fear: 92.9896011352539
fear: 92.15178680419922
fear: 93.75157165527344
fear: 93.9125747680664
fear: 91.07942199707031
fear: 91.62907409667969
fear: 92.51158142089844
fear: 91.08199310302734
fear: 79.77578735351562
fear: 93.91812133789062
fear: 94.14983367919922
fear: 88.90009307861328
fear: 93.1160659790039
fear: 99.94963836669922
neutral: 54.94343566894531
fear: 94.04853057861328
fear: 96.76679229736328
fear: 99.994384765625
neutral: 77.26519775390625
sad: 70.13468933105469
fear: 51.14283752441406
fear: 64.03111267089844
fear: 88.12137603759766
fear: 97.32583618164062
fear: 97.50945281982422
fear: 93.39590454101562
fear: 92.81127166748047
fear: 94.2506332397461
fear: 94.12174987792969
fear: 96.16815948486328
fear: 96.263427734375
fear: 94.73668670654297
fear: 93.99903106689453
fear: 95.79209899902344
fear: 95.34414672851562
fear: 92.80785369873047
fear: 95.28263854980469
fear: 98.8895034790039
fear: 98.12924194335938
fear: 98.61768341064453
fear: 98.96212768554688
fear: 99.41349029541016
fear: 99.5202865600586
fear: 99.31156921386719
fear: 99.6212158203125
fear: 99.59356689453125
fear: 99.61808776855469
fear: 99.68472290039062
fear: 99.80536651611328
fear: 99.64203643798828
fear: 99.58828735351562
fear: 99.72711181640625
fear: 89.03307342529297
fear: 99.18478393554688
fear: 99.99996948242188
fear: 99.9815902709961
fear: 65.85282897949219
fear: 68.34098052978516
fear: 98.4258041381836
fear: 66.47303009033203
fear: 40.544822692871094
fear: 52.443634033203125
fear: 69.9653549194336
fear: 61.20402908325195
fear: 58.738399505615234
fear: 37.16377258300781
fear: 79.32364654541016
fear: 71.680419921875
fear: 68.65353393554688
fear: 65.21788787841797
fear: 61.76068878173828
fear: 58.65949630737305
fear: 48.68422317504883
fear: 60.21059036254883
fear: 47.17622756958008
fear: 60.87125778198242
fear: 58.09518051147461
fear: 61.967933654785156
fear: 70.2266616821289
fear: 79.75078582763672
fear: 85.54424285888672
fear: 91.17764282226562
sad: 50.05143737792969
fear: 55.33797073364258
fear: 55.577579498291016
fear: 53.639766693115234
fear: 46.51166534423828
fear: 60.71980667114258
sad: 71.7266616821289
sad: 56.87510299682617
sad: 71.39195251464844
neutral: 46.77454376220703
sad: 82.68275451660156
sad: 83.27197265625
fear: 62.939754486083984
fear: 70.58032989501953
sad: 89.65312957763672
sad: 71.70675659179688
sad: 72.06653594970703
sad: 63.535213470458984
sad: 57.09492492675781
fear: 99.35482025146484
fear: 99.61526489257812
fear: 99.64264678955078
sad: 61.58014678955078
fear: 54.007022857666016
fear: 59.86029052734375
sad: 57.52742004394531
sad: 65.38922882080078
sad: 70.41641998291016
sad: 53.76878356933594
fear: 75.74090576171875
neutral: 96.755615234375
sad: 75.72647857666016
neutral: 45.89482116699219
fear: 35.24773025512695
fear: 48.5336799621582
fear: 48.795162200927734
sad: 40.68462371826172
sad: 78.18904113769531
sad: 71.1585922241211
sad: 50.608001708984375
neutral: 52.96792221069336
sad: 72.19509887695312
sad: 58.9627799987793
sad: 70.73959350585938
sad: 71.20564270019531
sad: 100.0
neutral: 99.9263687133789
neutral: 99.96585845947266
neutral: 99.98112487792969
neutral: 99.97283172607422
neutral: 99.96695709228516
neutral: 99.96958923339844
neutral: 99.983154296875
neutral: 99.90764617919922
neutral: 99.81690979003906
neutral: 99.52587890625
neutral: 99.12480163574219
neutral: 99.26930236816406
neutral: 98.94792175292969
neutral: 97.95709991455078
neutral: 97.6111831665039
neutral: 99.91481018066406
neutral: 99.52745819091797
neutral: 96.59243774414062
neutral: 88.44120788574219
neutral: 72.79751586914062
neutral: 72.72575378417969
neutral: 71.17106628417969
neutral: 72.95760345458984
neutral: 64.7038345336914
neutral: 75.36380004882812
neutral: 72.46319580078125
neutral: 71.89447021484375
neutral: 79.67672729492188
neutral: 74.61383056640625
neutral: 81.65824127197266
neutral: 78.67300415039062
neutral: 76.47096252441406
neutral: 78.38240814208984
neutral: 81.64920806884766
neutral: 76.03807830810547
neutral: 77.07655334472656
neutral: 99.1860580444336
sad: 67.25941467285156
neutral: 99.88385772705078
neutral: 92.28413391113281
sad: 70.43698120117188
sad: 54.30866622924805
neutral: 65.42863464355469
neutral: 99.25455474853516
neutral: 93.91098022460938
fear: 68.87774658203125
fear: 55.05756378173828
fear: 76.67039489746094
fear: 80.0829086303711
surprise: 81.37147521972656
surprise: 76.42012023925781
fear: 77.1209487915039
fear: 99.9994888305664
sad: 94.8898696899414
fear: 94.2680435180664
fear: 91.09319305419922
fear: 44.06836700439453
sad: 51.63551712036133
neutral: 41.417476654052734
fear: 78.69642639160156
fear: 82.75794982910156
sad: 97.58238220214844
fear: 92.21883392333984
fear: 92.35551452636719
fear: 94.86219787597656
fear: 99.89759826660156
fear: 99.7945327758789
sad: 53.40574264526367
sad: 69.31293487548828
sad: 59.61958312988281
fear: 77.49308776855469
happy: 95.1887435913086
happy: 79.88556671142578
sad: 46.1506233215332
sad: 56.195980072021484
fear: 99.45028686523438
fear: 99.9034652709961
fear: 99.90235900878906
fear: 99.37556457519531
fear: 99.43159484863281
fear: 99.99805450439453
fear: 99.93811798095703
sad: 79.96759033203125
sad: 80.66631317138672
sad: 69.79551696777344
fear: 46.92232131958008
neutral: 81.7496337890625
sad: 38.94694137573242
sad: 60.466583251953125
fear: 99.9674301147461
fear: 93.19084167480469
neutral: 65.75028228759766
fear: 99.98873138427734
fear: 54.7296142578125
fear: 99.99998474121094
fear: 42.40809631347656
neutral: 77.267333984375
sad: 95.27173614501953
fear: 58.65741729736328
fear: 83.53202056884766
fear: 94.01241302490234
sad: 50.20844268798828
sad: 48.71311569213867
sad: 99.73193359375
sad: 64.82933807373047
sad: 74.572021484375
sad: 84.1205062866211
fear: 50.924705505371094
sad: 55.45751953125
fear: 69.56871032714844
sad: 95.91596984863281
sad: 51.09983825683594
fear: 67.14576721191406
fear: 58.66795349121094
sad: 99.46836853027344
sad: 91.88509368896484
neutral: 47.049072265625
sad: 98.30815887451172
sad: 81.41165161132812
sad: 88.74674224853516
sad: 81.02168273925781
fear: 63.515682220458984
sad: 56.856048583984375
sad: 89.47826385498047
sad: 74.60916900634766
sad: 68.27814483642578
sad: 78.28575897216797
sad: 70.3953628540039
sad: 74.4245376586914
sad: 86.20870208740234
sad: 85.6583251953125
sad: 92.2961196899414
sad: 88.94490051269531
sad: 94.71095275878906
sad: 94.25920104980469
sad: 55.78364562988281
neutral: 50.74142837524414
sad: 54.053932189941406
sad: 58.51247787475586
sad: 62.21720504760742
sad: 55.50444030761719
fear: 99.99665069580078
sad: 54.367393493652344
sad: 67.32437896728516
neutral: 71.75354766845703
sad: 78.51505279541016
fear: 72.5157470703125
sad: 72.1817855834961
sad: 97.27276611328125
sad: 99.86618041992188
sad: 85.60972595214844
fear: 60.8040657043457
sad: 91.54585266113281
fear: 52.094871520996094
fear: 99.99566650390625
neutral: 98.61821746826172
neutral: 95.70761108398438
neutral: 94.39627838134766
neutral: 94.96589660644531
fear: 99.99506378173828
neutral: 96.28189849853516
neutral: 92.09588623046875
neutral: 93.8421859741211
neutral: 92.80359649658203
neutral: 92.51295471191406
neutral: 92.59761810302734
neutral: 92.03324890136719
neutral: 92.67391204833984
neutral: 91.28280639648438
neutral: 95.98150634765625
neutral: 95.88142395019531
neutral: 95.88400268554688
neutral: 96.20527648925781
neutral: 96.74312591552734
neutral: 96.21654510498047
neutral: 96.12220764160156
neutral: 94.6447982788086
neutral: 95.40101623535156
neutral: 94.70632934570312
neutral: 94.71324157714844
neutral: 95.10932922363281
fear: 82.02999877929688
fear: 68.80223083496094
neutral: 70.8683090209961
sad: 49.847938537597656
sad: 85.1014404296875
fear: 78.4107894897461
sad: 62.77057647705078
sad: 92.20922088623047
sad: 80.53527069091797
sad: 73.95777130126953
sad: 82.29216766357422
sad: 77.87032318115234
sad: 86.02435302734375
sad: 79.39835357666016
sad: 77.68607330322266
sad: 70.97543334960938
neutral: 48.974056243896484
neutral: 99.66128540039062
neutral: 97.2222671508789
neutral: 97.36455535888672
neutral: 92.98921203613281
fear: 45.467041015625
neutral: 81.61417388916016
fear: 98.6676254272461
fear: 98.65857696533203
fear: 96.81817626953125
fear: 96.5364761352539
fear: 97.80958557128906
fear: 94.37078857421875
fear: 94.0205307006836
fear: 96.36769104003906
fear: 96.23827362060547
fear: 92.8017807006836
fear: 99.7217025756836
fear: 99.62176513671875
fear: 94.44771575927734
fear: 97.96125030517578
fear: 90.17459106445312
fear: 95.91055297851562
fear: 94.6120834350586
fear: 94.2057113647461
fear: 91.47512817382812
fear: 85.26680755615234
fear: 90.43134307861328
fear: 81.39850616455078
fear: 72.7454605102539
neutral: 66.7498779296875
fear: 71.3682632446289
sad: 69.68558502197266
fear: 85.59712982177734
fear: 89.46171569824219
fear: 88.47085571289062
fear: 88.6452865600586
fear: 97.10614013671875
fear: 52.030269622802734
sad: 48.48267364501953
sad: 55.57816696166992
sad: 43.99174499511719
sad: 57.014957427978516
sad: 63.43440246582031
sad: 63.43440246582031
sad: 63.43440246582031
sad: 63.43440246582031
sad: 63.43440246582031
sad: 63.43440246582031
sad: 63.43440246582031
sad: 63.43440246582031
sad: 63.43440246582031
sad: 63.43440246582031
sad: 63.43440246582031
sad: 63.43440246582031
sad: 63.43440246582031
sad: 47.793548583984375
fear: 76.5989761352539
fear: 93.1952133178711
fear: 76.56112670898438
fear: 55.5392951965332
sad: 47.84857177734375
sad: 84.56484985351562
fear: 64.5356674194336
sad: 53.49848175048828
fear: 47.9316520690918
fear: 55.069454193115234
fear: 78.14547729492188
fear: 67.20040130615234
neutral: 99.87274932861328
neutral: 99.9784164428711
neutral: 99.9284896850586
neutral: 99.81736755371094
neutral: 99.818603515625
neutral: 97.45480346679688
neutral: 97.521484375
neutral: 96.61953735351562
neutral: 96.72602081298828
neutral: 96.7206039428711
neutral: 94.47496795654297
neutral: 94.4418716430664
neutral: 93.04955291748047
neutral: 90.53471374511719
neutral: 95.6332778930664
neutral: 95.5847396850586
neutral: 97.67052459716797
neutral: 94.2046890258789
neutral: 89.36624145507812
neutral: 92.13472747802734
neutral: 95.84624481201172
neutral: 92.14912414550781
neutral: 93.34066772460938
neutral: 94.27426147460938
neutral: 94.22010040283203
neutral: 89.42012786865234
neutral: 90.05118560791016
fear: 99.98822784423828
fear: 99.66968536376953
neutral: 99.87774658203125
neutral: 99.8902816772461
neutral: 99.87586212158203
neutral: 99.92675018310547
neutral: 99.92975616455078
neutral: 99.90353393554688
neutral: 99.88492584228516
neutral: 99.88385009765625
neutral: 99.89510345458984
neutral: 99.86358642578125
neutral: 99.84150695800781
neutral: 99.8400650024414
neutral: 99.7968978881836
neutral: 99.84081268310547
neutral: 99.80598449707031
neutral: 99.81648254394531
neutral: 99.77079772949219
neutral: 99.8158950805664
neutral: 99.36261749267578
neutral: 99.99128723144531
neutral: 99.59246063232422
neutral: 96.84453582763672
neutral: 77.13194274902344
neutral: 84.82930755615234
neutral: 82.37957000732422
neutral: 90.13771057128906
neutral: 85.46218872070312
neutral: 77.53543090820312
neutral: 71.94055938720703
neutral: 74.29927825927734
neutral: 71.89450073242188
neutral: 73.92536163330078
neutral: 75.54914855957031
neutral: 79.98798370361328
fear: 59.36650466918945
neutral: 76.0750732421875
sad: 69.71537780761719
sad: 64.62306213378906
sad: 97.11042022705078
fear: 47.47226333618164
fear: 95.83958435058594
fear: 97.5196533203125
fear: 59.078067779541016
sad: 53.6987190246582
fear: 81.7054214477539
fear: 96.46503448486328
fear: 63.347412109375
sad: 95.24732971191406
sad: 94.12860870361328
sad: 98.84821319580078
fear: 81.46139526367188
neutral: 56.5329475402832
fear: 59.58238220214844
sad: 48.8912353515625
fear: 79.23499298095703
sad: 97.58125305175781
neutral: 84.8629150390625
neutral: 99.66230010986328
neutral: 99.88285827636719
neutral: 99.84213256835938
neutral: 99.7973861694336
sad: 63.46025085449219
fear: 99.15059661865234
fear: 71.99929809570312
sad: 56.35720443725586
sad: 93.84979248046875
neutral: 99.04344940185547
neutral: 97.18649291992188
neutral: 96.2845687866211
neutral: 99.99697875976562
neutral: 92.0730972290039
neutral: 91.61512756347656
neutral: 86.74903869628906
neutral: 85.8350601196289
neutral: 87.92310333251953
neutral: 89.72700500488281
neutral: 92.7489242553711
neutral: 91.38538360595703
neutral: 97.6794662475586
fear: 97.68231964111328
happy: 88.17930603027344
happy: 90.1845703125
neutral: 52.13237380981445
happy: 98.06251525878906
fear: 86.3827133178711
fear: 75.73493194580078
fear: 85.40484619140625
fear: 53.54792404174805
angry: 59.8574104309082
surprise: 47.57814407348633
fear: 43.75973892211914
fear: 100.0
fear: 99.99797058105469
neutral: 44.795745849609375
fear: 50.02460479736328
fear: 66.67918395996094
fear: 98.11866760253906
neutral: 90.21393585205078
fear: 99.78795623779297
sad: 54.84640884399414
angry: 81.55335998535156
angry: 81.55335998535156
angry: 81.55335998535156
angry: 81.55335998535156
angry: 81.55335998535156
angry: 81.55335998535156
angry: 81.55335998535156
angry: 81.55335998535156
angry: 81.55335998535156
angry: 81.55335998535156
angry: 81.55335998535156
angry: 81.55335998535156
angry: 81.55335998535156
angry: 81.55335998535156
angry: 81.55335998535156
angry: 81.55335998535156
angry: 81.55335998535156
angry: 81.55335998535156
angry: 81.55335998535156
angry: 81.55335998535156
angry: 81.55335998535156
angry: 81.55335998535156
angry: 81.55335998535156
angry: 81.55335998535156
angry: 81.55335998535156
angry: 81.55335998535156
angry: 81.55335998535156
angry: 81.55335998535156
angry: 81.55335998535156
angry: 81.55335998535156
angry: 81.55335998535156
angry: 81.55335998535156
angry: 81.55335998535156
angry: 81.55335998535156
angry: 81.55335998535156
angry: 81.55335998535156
angry: 81.55335998535156
angry: 81.55335998535156
angry: 81.55335998535156
angry: 81.55335998535156
angry: 81.55335998535156
angry: 81.55335998535156
angry: 81.55335998535156
angry: 81.55335998535156
angry: 81.55335998535156
angry: 81.55335998535156
angry: 81.55335998535156
angry: 81.55335998535156
angry: 81.55335998535156
angry: 81.55335998535156
angry: 81.55335998535156
angry: 81.55335998535156
angry: 81.55335998535156
angry: 81.55335998535156
angry: 81.55335998535156
angry: 81.55335998535156
angry: 81.55335998535156
angry: 81.55335998535156
angry: 81.55335998535156
angry: 81.55335998535156
angry: 81.55335998535156
angry: 81.55335998535156
angry: 81.55335998535156
angry: 81.55335998535156
angry: 81.55335998535156
angry: 81.55335998535156
angry: 81.55335998535156
angry: 81.55335998535156
angry: 81.55335998535156
angry: 81.55335998535156
angry: 81.55335998535156
angry: 81.55335998535156
angry: 81.55335998535156
angry: 81.55335998535156
angry: 81.55335998535156
angry: 81.55335998535156
angry: 81.55335998535156
angry: 81.55335998535156
angry: 81.55335998535156
angry: 81.55335998535156
angry: 81.55335998535156
angry: 81.55335998535156
angry: 81.55335998535156
angry: 81.55335998535156
angry: 81.55335998535156
angry: 81.55335998535156
angry: 81.55335998535156
angry: 81.55335998535156
angry: 81.55335998535156
angry: 81.55335998535156
angry: 81.55335998535156
angry: 81.55335998535156
angry: 81.55335998535156
angry: 81.55335998535156
angry: 81.55335998535156
angry: 81.55335998535156
angry: 81.55335998535156
angry: 81.55335998535156
angry: 81.55335998535156
angry: 81.55335998535156
angry: 81.55335998535156
angry: 81.55335998535156
angry: 81.55335998535156
angry: 81.55335998535156
angry: 81.55335998535156
angry: 81.55335998535156
angry: 81.55335998535156
angry: 81.55335998535156
angry: 81.55335998535156
angry: 81.55335998535156
angry: 81.55335998535156
angry: 81.55335998535156
angry: 81.55335998535156
angry: 81.55335998535156
angry: 81.55335998535156
angry: 81.55335998535156
angry: 81.55335998535156
angry: 81.55335998535156
angry: 81.55335998535156
angry: 81.55335998535156
angry: 81.55335998535156
angry: 81.55335998535156
angry: 81.55335998535156
angry: 81.55335998535156
angry: 81.55335998535156
angry: 81.55335998535156
angry: 81.55335998535156
angry: 81.55335998535156
angry: 81.55335998535156
angry: 81.55335998535156
angry: 81.55335998535156
angry: 81.55335998535156
angry: 81.55335998535156
angry: 81.55335998535156
angry: 81.55335998535156
angry: 81.55335998535156
angry: 81.55335998535156
angry: 81.55335998535156
angry: 81.55335998535156
angry: 81.55335998535156
angry: 81.55335998535156
angry: 81.55335998535156
angry: 81.55335998535156
angry: 81.55335998535156
angry: 81.55335998535156
angry: 81.55335998535156
angry: 81.55335998535156
angry: 81.55335998535156
angry: 81.55335998535156
angry: 81.55335998535156
angry: 81.55335998535156
angry: 81.55335998535156
angry: 81.55335998535156
angry: 81.55335998535156
angry: 81.55335998535156
angry: 81.55335998535156
angry: 81.55335998535156
angry: 81.55335998535156
angry: 81.55335998535156
angry: 81.55335998535156
angry: 81.55335998535156
angry: 81.55335998535156
angry: 81.55335998535156
angry: 81.55335998535156
angry: 81.55335998535156
angry: 81.55335998535156
angry: 81.55335998535156
angry: 81.55335998535156
angry: 81.55335998535156
angry: 81.55335998535156
angry: 81.55335998535156
angry: 81.55335998535156
angry: 81.55335998535156
angry: 81.55335998535156
angry: 81.55335998535156
angry: 81.55335998535156
angry: 81.55335998535156
angry: 81.55335998535156
angry: 81.55335998535156
angry: 81.55335998535156
angry: 81.55335998535156
angry: 81.55335998535156
angry: 81.55335998535156
angry: 81.55335998535156
angry: 81.55335998535156
angry: 81.55335998535156
angry: 81.55335998535156
angry: 81.55335998535156
angry: 81.55335998535156
angry: 81.55335998535156
angry: 81.55335998535156
angry: 81.55335998535156
angry: 81.55335998535156
angry: 81.55335998535156
angry: 81.55335998535156
angry: 81.55335998535156
angry: 81.55335998535156
angry: 81.55335998535156
angry: 81.55335998535156
angry: 81.55335998535156
angry: 81.55335998535156
angry: 81.55335998535156
angry: 81.55335998535156
angry: 81.55335998535156
angry: 81.55335998535156
angry: 81.55335998535156
angry: 81.55335998535156
neutral: 81.16654205322266
neutral: 59.91342544555664
happy: 99.98077392578125
neutral: 78.37896728515625
neutral: 71.66093444824219
sad: 98.8514175415039
sad: 58.77881622314453
sad: 46.902286529541016
neutral: 65.71564483642578
fear: 50.575740814208984
neutral: 67.1017074584961
fear: 82.34430694580078
fear: 62.77125549316406
happy: 78.07308197021484
happy: 96.57223510742188
fear: 70.91290283203125
fear: 69.18355560302734
fear: 72.3443832397461
surprise: 64.74182891845703
happy: 98.84686279296875
fear: 56.522911071777344
happy: 99.9576187133789
neutral: 83.63611602783203
neutral: 73.0252685546875
neutral: 70.46054077148438
fear: 51.483970642089844
fear: 52.6966438293457
surprise: 73.22970581054688
fear: 65.57592010498047
fear: 58.341835021972656
fear: 64.33769989013672
fear: 71.961669921875
neutral: 51.51583480834961
fear: 33.67134094238281
happy: 92.45330047607422
neutral: 51.516143798828125
fear: 88.29256439208984
sad: 50.64840316772461
fear: 75.89191436767578
fear: 70.11951446533203
neutral: 61.153533935546875
sad: 93.21874237060547
fear: 68.05303955078125
fear: 79.62244415283203
fear: 91.72593688964844
fear: 82.625
neutral: 99.99700927734375
neutral: 54.43467712402344
neutral: 83.34204864501953
fear: 84.85659790039062
neutral: 66.953125
sad: 55.05878448486328
fear: 60.891910552978516
sad: 69.14140319824219
sad: 64.57071685791016
angry: 99.9947280883789
angry: 97.81141662597656
fear: 36.728050231933594
neutral: 28.242820739746094
fear: 48.11305236816406
neutral: 99.95420837402344
neutral: 71.18607330322266
angry: 77.08615112304688
angry: 74.93441009521484
fear: 84.02630615234375
fear: 43.2103385925293
sad: 72.841796875
sad: 76.21031188964844
happy: 96.83938598632812
neutral: 82.79866027832031
fear: 99.99868774414062
neutral: 48.29522705078125
sad: 49.39373779296875
fear: 49.988494873046875
sad: 53.8062744140625
sad: 69.16676330566406
fear: 74.42896270751953
sad: 83.76988220214844
sad: 71.47208404541016
sad: 86.08110046386719
sad: 53.95487976074219
sad: 53.474910736083984
fear: 91.06262969970703
neutral: 50.42374038696289
sad: 98.88958740234375
fear: 48.141082763671875
neutral: 49.008182525634766
fear: 94.03157043457031
disgust: 95.09770965576172
sad: 47.15894317626953
neutral: 68.6143798828125
fear: 54.96880340576172
neutral: 64.244873046875
neutral: 59.00852966308594
neutral: 50.68178176879883
fear: 67.00694274902344
fear: 94.85295867919922
happy: 63.09593200683594
fear: 84.5065689086914
fear: 93.949462890625
happy: 97.30096435546875
fear: 54.02337646484375
happy: 99.99834442138672
sad: 99.63543701171875
neutral: 99.99996185302734
fear: 80.93685913085938
fear: 38.437599182128906
angry: 34.75990676879883
angry: 48.481712341308594
neutral: 42.800357818603516
fear: 47.9394416809082
fear: 86.17893981933594
happy: 99.97893524169922
neutral: 43.6222038269043
neutral: 47.217342376708984
angry: 97.09062957763672
fear: 41.19540023803711
fear: 46.13176345825195
sad: 68.0399169921875
happy: 79.23621368408203
sad: 37.122928619384766
sad: 84.78805541992188
sad: 81.13541412353516
fear: 51.5495719909668
sad: 50.887901306152344
fear: 59.09261703491211
fear: 44.279937744140625
happy: 99.994873046875
fear: 90.77943420410156
fear: 83.29647064208984
sad: 45.85163497924805
neutral: 83.44300842285156
sad: 37.27857971191406
neutral: 79.77783966064453
neutral: 92.72383117675781
fear: 44.48161315917969
neutral: 85.34972381591797
