happy: 82.49604797363281
neutral: 58.87984085083008
neutral: 75.92373657226562
happy: 91.88391876220703
fear: 55.0589485168457
fear: 81.37218475341797
fear: 45.81272506713867
happy: 95.6280288696289
fear: 65.7992935180664
sad: 86.17184448242188
happy: 55.96763229370117
sad: 30.882396697998047
neutral: 46.3664436340332
neutral: 83.18424987792969
sad: 41.13336181640625
neutral: 77.93790435791016
fear: 77.89474487304688
happy: 80.68328094482422
neutral: 71.90315246582031
sad: 93.12565612792969
fear: 87.02590942382812
neutral: 61.183135986328125
sad: 53.47698211669922
sad: 57.572547912597656
neutral: 39.05995559692383
neutral: 86.25942993164062
sad: 65.30537414550781
sad: 94.28936767578125
neutral: 96.50254821777344
fear: 82.52375030517578
happy: 93.96231079101562
neutral: 69.95394897460938
neutral: 59.203678131103516
neutral: 73.30079650878906
neutral: 53.05633544921875
neutral: 58.2955207824707
neutral: 46.896278381347656
neutral: 39.434852600097656
neutral: 50.70810317993164
angry: 38.29230499267578
happy: 99.50379943847656
fear: 90.71973419189453
neutral: 99.61849975585938
fear: 45.62094497680664
sad: 47.642120361328125
neutral: 45.65118408203125
fear: 73.33479309082031
sad: 43.82111358642578
neutral: 84.00640869140625
neutral: 42.67774963378906
neutral: 82.96823120117188
neutral: 93.8203353881836
sad: 40.71265411376953
neutral: 58.790645599365234
happy: 42.883705139160156
neutral: 87.03309631347656
neutral: 95.77381134033203
neutral: 65.55010986328125
neutral: 98.01873779296875
neutral: 99.75849151611328
neutral: 87.1943588256836
neutral: 49.2518196105957
neutral: 99.95381927490234
sad: 75.14879608154297
sad: 55.43790817260742
fear: 95.38872528076172
fear: 66.6079330444336
sad: 72.88236999511719
sad: 83.90958404541016
sad: 96.01692199707031
sad: 88.06733703613281
angry: 38.277626037597656
sad: 97.61968994140625
sad: 64.11984252929688
sad: 92.87809753417969
sad: 48.56756591796875
sad: 67.4814682006836
sad: 55.42999267578125
sad: 85.25204467773438
neutral: 87.72283172607422
sad: 76.65613555908203
sad: 88.59764099121094
sad: 42.35877227783203
fear: 94.5010986328125
sad: 51.92555618286133
angry: 67.1014404296875
sad: 45.03548812866211
sad: 48.39500045776367
sad: 77.8033218383789
sad: 49.83690643310547
sad: 69.37743377685547
sad: 69.7713394165039
sad: 77.29310607910156
angry: 90.88610076904297
angry: 89.41437530517578
angry: 94.85769653320312
angry: 69.25833892822266
angry: 89.60235595703125
angry: 58.21015167236328
neutral: 41.392417907714844
angry: 48.27253723144531
angry: 39.807621002197266
angry: 65.81578063964844
angry: 62.86515426635742
angry: 79.81827545166016
sad: 68.02030944824219
sad: 59.67184829711914
sad: 88.2750015258789
sad: 92.25264739990234
fear: 74.74839782714844
fear: 80.13217163085938
fear: 43.48273849487305
neutral: 98.44872283935547
neutral: 99.70854187011719
neutral: 99.99877166748047
neutral: 99.99309539794922
neutral: 99.98226165771484
neutral: 99.98920440673828
neutral: 99.99776458740234
neutral: 99.99735260009766
neutral: 99.99455261230469
sad: 41.85356521606445
happy: 99.9969253540039
happy: 98.22480010986328
happy: 97.75891876220703
neutral: 45.01115036010742
neutral: 71.73995971679688
neutral: 52.14965057373047
fear: 43.584659576416016
neutral: 59.610782623291016
happy: 48.94548797607422
sad: 61.212745666503906
sad: 65.25424194335938
fear: 45.10484313964844
sad: 49.00645065307617
sad: 56.8004264831543
neutral: 52.981258392333984
sad: 52.856475830078125
happy: 97.57515716552734
sad: 57.67136764526367
sad: 99.95809173583984
sad: 84.7780990600586
sad: 62.398040771484375
fear: 39.149742126464844
sad: 47.5113410949707
neutral: 81.69947814941406
neutral: 51.17100143432617
neutral: 61.48564147949219
neutral: 38.54237747192383
neutral: 57.038963317871094
fear: 38.036766052246094
neutral: 81.10206604003906
fear: 50.567161560058594
fear: 52.87774658203125
fear: 90.45726776123047
happy: 99.81897735595703
happy: 99.83759307861328
happy: 99.59081268310547
fear: 94.48531341552734
sad: 99.29194641113281
sad: 82.66387939453125
sad: 61.92023468017578
sad: 86.37728118896484
sad: 90.10564422607422
sad: 62.25641632080078
sad: 89.10749053955078
sad: 97.54460144042969
sad: 58.91591262817383
sad: 68.71769714355469
sad: 73.55996704101562
fear: 40.28453063964844
sad: 97.84923553466797
sad: 84.23370361328125
sad: 53.123695373535156
sad: 63.42327880859375
fear: 94.67012023925781
sad: 41.2381477355957
sad: 46.61321258544922
sad: 91.98302459716797
angry: 60.33961868286133
angry: 52.23566818237305
sad: 77.01129913330078
sad: 91.9998550415039
sad: 46.84596252441406
sad: 36.59402847290039
fear: 73.45626831054688
happy: 100.0
sad: 77.58483123779297
happy: 100.0
fear: 44.74739456176758
sad: 98.14867401123047
sad: 84.5003890991211
angry: 38.17955017089844
happy: 100.0
neutral: 50.26412582397461
sad: 57.61602020263672
happy: 100.0
happy: 99.99998474121094
neutral: 37.81194305419922
happy: 100.0
happy: 100.0
sad: 60.010677337646484
sad: 68.02113342285156
sad: 33.00593948364258
angry: 91.76080322265625
angry: 36.01247024536133
angry: 62.9232063293457
fear: 39.29642105102539
angry: 58.74333953857422
neutral: 95.29095458984375
angry: 63.619163513183594
angry: 94.52342987060547
sad: 50.82300567626953
fear: 79.1321792602539
angry: 70.27752685546875
angry: 99.0671615600586
angry: 85.00164031982422
neutral: 99.31204223632812
neutral: 99.7071762084961
fear: 81.26361083984375
neutral: 84.10389709472656
fear: 58.726375579833984
fear: 49.509002685546875
neutral: 76.17699432373047
neutral: 89.27820587158203
angry: 58.000728607177734
neutral: 50.82692337036133
neutral: 39.23348617553711
sad: 36.598365783691406
sad: 64.15788269042969
sad: 66.65580749511719
sad: 88.3377456665039
sad: 37.237300872802734
neutral: 48.145530700683594
sad: 53.38557052612305
fear: 58.38872146606445
neutral: 56.13706588745117
neutral: 85.83154296875
neutral: 48.00676345825195
sad: 52.365577697753906
fear: 59.62058639526367
sad: 42.09394454956055
fear: 69.27447509765625
sad: 52.48948669433594
sad: 83.50481414794922
sad: 68.69324493408203
sad: 66.42157745361328
sad: 35.866912841796875
sad: 39.321319580078125
sad: 94.33345031738281
happy: 86.67778015136719
sad: 84.00079345703125
sad: 46.25040054321289
angry: 96.38778686523438
sad: 74.69329071044922
happy: 99.99996185302734
sad: 87.31623840332031
sad: 77.12527465820312
fear: 54.48830032348633
sad: 64.59249877929688
neutral: 52.42658996582031
sad: 45.26369857788086
sad: 49.068485260009766
neutral: 36.815555572509766
sad: 40.67869186401367
sad: 52.10293197631836
sad: 43.165008544921875
neutral: 48.96111297607422
fear: 47.89440155029297
neutral: 61.10511779785156
neutral: 42.756099700927734
sad: 40.77827453613281
sad: 33.76729965209961
neutral: 53.196205139160156
angry: 81.2356185913086
sad: 36.60843276977539
neutral: 62.040340423583984
neutral: 71.484619140625
neutral: 46.294368743896484
sad: 76.21124267578125
sad: 61.277591705322266
neutral: 39.80693054199219
sad: 46.539981842041016
sad: 51.97446823120117
sad: 50.094459533691406
sad: 41.51224899291992
sad: 38.5308723449707
sad: 50.61875534057617
sad: 44.674346923828125
neutral: 44.65690231323242
angry: 54.88752746582031
fear: 51.99036407470703
fear: 44.93239974975586
sad: 53.966636657714844
sad: 60.070648193359375
sad: 49.19947814941406
happy: 99.99984741210938
neutral: 92.8005142211914
neutral: 95.3771743774414
neutral: 95.57140350341797
neutral: 49.74404525756836
fear: 45.830711364746094
fear: 66.69310760498047
neutral: 47.11237716674805
neutral: 52.87376403808594
neutral: 61.627525329589844
fear: 81.95662689208984
neutral: 88.31666564941406
neutral: 78.84217834472656
neutral: 76.30718231201172
neutral: 75.58224487304688
neutral: 75.94805908203125
neutral: 95.16714477539062
neutral: 66.63043212890625
neutral: 66.4910888671875
neutral: 66.68396759033203
neutral: 64.77488708496094
sad: 93.12122344970703
fear: 76.20286560058594
fear: 58.975399017333984
fear: 33.71816635131836
happy: 79.56824493408203
fear: 58.25813293457031
sad: 50.27793502807617
fear: 39.51319885253906
sad: 96.78305053710938
sad: 54.48056411743164
fear: 83.78057861328125
neutral: 38.375362396240234
sad: 30.65859031677246
fear: 31.25601577758789
sad: 50.116310119628906
neutral: 60.037452697753906
neutral: 41.951412200927734
sad: 45.732398986816406
angry: 50.87889099121094
neutral: 49.276878356933594
sad: 48.857330322265625
sad: 55.14130783081055
angry: 47.80083084106445
angry: 43.872127532958984
fear: 43.42380142211914
neutral: 66.4365005493164
neutral: 84.17876434326172
neutral: 49.69291305541992
sad: 42.674896240234375
neutral: 68.97969818115234
fear: 46.61014938354492
fear: 57.81884002685547
neutral: 61.76704025268555
neutral: 74.95397186279297
neutral: 60.69370651245117
neutral: 65.9446029663086
sad: 32.599544525146484
neutral: 52.58298110961914
sad: 89.34343719482422
sad: 83.41014862060547
sad: 70.34333801269531
fear: 47.38566207885742
sad: 86.49139404296875
sad: 60.74489212036133
fear: 88.10018157958984
fear: 78.90901947021484
sad: 38.798675537109375
neutral: 83.30610656738281
sad: 99.72139739990234
sad: 60.31769943237305
neutral: 87.57257843017578
neutral: 92.3350601196289
neutral: 92.86847686767578
neutral: 53.89434814453125
sad: 47.78850173950195
neutral: 99.9965591430664
neutral: 87.96400451660156
neutral: 99.14852905273438
neutral: 65.21986389160156
neutral: 92.115966796875
neutral: 46.36854934692383
neutral: 91.82769775390625
neutral: 85.28816223144531
neutral: 41.12244415283203
fear: 93.42239379882812
fear: 49.13215637207031
neutral: 53.76624298095703
fear: 51.76909255981445
fear: 78.03155517578125
sad: 97.9573745727539
fear: 83.81840515136719
neutral: 43.0296516418457
sad: 57.32482147216797
fear: 50.51213073730469
happy: 69.08135223388672
fear: 47.95201873779297
fear: 89.48397827148438
happy: 79.0759048461914
neutral: 94.96192932128906
sad: 66.71522521972656
happy: 57.32113265991211
happy: 98.54231262207031
fear: 91.51512908935547
happy: 99.2497787475586
happy: 99.69120025634766
fear: 45.44564437866211
sad: 85.4870834350586
fear: 98.970947265625
neutral: 82.10240173339844
sad: 98.29781341552734
happy: 67.81372833251953
neutral: 90.88562774658203
happy: 70.84618377685547
fear: 55.756500244140625
angry: 59.80656051635742
neutral: 72.67385864257812
neutral: 98.3351821899414
angry: 38.514678955078125
fear: 43.12853240966797
sad: 83.17962646484375
neutral: 84.72420501708984
neutral: 54.514495849609375
neutral: 56.89335632324219
sad: 98.32217407226562
neutral: 68.89922332763672
neutral: 77.30427551269531
fear: 51.38773727416992
angry: 39.74704360961914
sad: 86.18650817871094
sad: 50.470882415771484
angry: 47.75136947631836
neutral: 78.02458953857422
fear: 48.64961242675781
neutral: 72.57498168945312
fear: 98.77598571777344
fear: 34.708831787109375
fear: 49.292022705078125
neutral: 40.21807861328125
sad: 42.713199615478516
fear: 52.457069396972656
neutral: 53.881813049316406
neutral: 37.33708953857422
angry: 66.91886901855469
angry: 41.7933464050293
angry: 39.55543518066406
angry: 52.180152893066406
sad: 39.549190521240234
neutral: 67.51988220214844
neutral: 93.05459594726562
fear: 66.59954071044922
fear: 61.760231018066406
angry: 38.64421844482422
happy: 77.76058197021484
angry: 33.833744049072266
neutral: 56.52248764038086
fear: 55.001007080078125
fear: 77.60286712646484
fear: 95.96687316894531
angry: 34.22980880737305
angry: 55.17103576660156
neutral: 98.44070434570312
neutral: 96.97895812988281
neutral: 99.8076171875
neutral: 99.71599578857422
fear: 50.686161041259766
neutral: 99.72252655029297
neutral: 99.25313568115234
sad: 43.54292297363281
sad: 99.9999771118164
sad: 99.99994659423828
sad: 99.99989318847656
sad: 99.99580383300781
sad: 99.99989318847656
fear: 42.615657806396484
neutral: 77.62075805664062
neutral: 64.38622283935547
angry: 94.13055419921875
neutral: 38.650543212890625
angry: 99.0849838256836
angry: 88.7549819946289
fear: 63.73417663574219
sad: 63.36594772338867
surprise: 97.39148712158203
sad: 54.12384796142578
angry: 84.86132049560547
neutral: 98.64186096191406
neutral: 98.92540740966797
angry: 44.70388412475586
sad: 70.38489532470703
neutral: 96.59685516357422
sad: 92.23721313476562
fear: 63.42467498779297
neutral: 30.465972900390625
fear: 64.76387023925781
sad: 65.36534118652344
sad: 44.985740661621094
fear: 52.937591552734375
neutral: 73.75532531738281
neutral: 64.25411224365234
neutral: 55.037879943847656
angry: 55.25932312011719
angry: 70.1609878540039
neutral: 81.31417846679688
sad: 51.6633186340332
angry: 51.90557861328125
fear: 54.47257614135742
neutral: 57.72259521484375
fear: 76.31744384765625
fear: 94.1109390258789
fear: 40.18288803100586
sad: 92.9093017578125
sad: 95.54362487792969
happy: 98.29703521728516
happy: 94.91749572753906
fear: 50.34038543701172
fear: 96.92341613769531
neutral: 63.30964660644531
fear: 98.24919128417969
neutral: 75.5450668334961
neutral: 74.64444732666016
angry: 40.43944549560547
sad: 35.687530517578125
neutral: 80.80207061767578
neutral: 62.24868392944336
neutral: 59.478153228759766
fear: 36.45077133178711
neutral: 46.726097106933594
neutral: 38.61893844604492
fear: 59.980987548828125
fear: 81.99494171142578
fear: 34.13973617553711
fear: 53.56663131713867
fear: 48.845401763916016
neutral: 37.9471549987793
sad: 86.17269134521484
fear: 53.47830581665039
fear: 40.115482330322266
fear: 76.65938568115234
neutral: 59.437538146972656
neutral: 67.32720184326172
neutral: 51.82854461669922
neutral: 63.531822204589844
neutral: 90.39017486572266
neutral: 73.87086486816406
fear: 94.29878997802734
neutral: 84.69248962402344
neutral: 93.60869598388672
neutral: 75.97396087646484
neutral: 53.57311248779297
fear: 40.20635986328125
sad: 96.71127319335938
sad: 69.50443267822266
sad: 65.88494110107422
sad: 75.85871887207031
sad: 90.26190185546875
sad: 94.80915069580078
sad: 53.60930633544922
neutral: 57.5210075378418
sad: 70.10042572021484
sad: 65.81526947021484
sad: 81.17127990722656
fear: 83.5081787109375
surprise: 62.504947662353516
sad: 90.43599700927734
sad: 43.45358657836914
fear: 85.77035522460938
sad: 63.82991027832031
angry: 49.32389450073242
neutral: 88.71072387695312
fear: 50.65936279296875
fear: 99.03376770019531
neutral: 51.64345169067383
fear: 99.8583755493164
fear: 99.86498260498047
neutral: 49.41025924682617
sad: 37.52396774291992
fear: 59.033817291259766
fear: 62.88008117675781
neutral: 88.5017318725586
neutral: 85.42721557617188
neutral: 48.112667083740234
sad: 43.201637268066406
neutral: 80.08253479003906
sad: 48.61447525024414
neutral: 59.685760498046875
surprise: 58.929931640625
sad: 99.1428451538086
sad: 32.46525573730469
sad: 72.92362213134766
happy: 99.99974822998047
sad: 99.99694061279297
happy: 99.99935913085938
happy: 99.9998550415039
happy: 99.99779510498047
happy: 99.99984741210938
happy: 99.99625396728516
happy: 98.12820434570312
sad: 99.4755859375
fear: 54.454349517822266
surprise: 87.83845520019531
neutral: 99.20706939697266
neutral: 34.8445930480957
sad: 84.21647644042969
sad: 96.1835708618164
sad: 42.090187072753906
sad: 99.42987823486328
sad: 76.76016235351562
sad: 95.0684585571289
happy: 99.96306610107422
sad: 69.61034393310547
sad: 53.224082946777344
sad: 87.92391967773438
sad: 40.462223052978516
sad: 94.7369384765625
sad: 41.75437545776367
sad: 72.40242004394531
angry: 46.272926330566406
happy: 99.82050323486328
sad: 37.22845458984375
sad: 91.57068634033203
sad: 98.14678955078125
sad: 99.26206970214844
sad: 92.98585510253906
sad: 92.12264251708984
angry: 72.27277374267578
sad: 96.00570678710938
sad: 93.92061614990234
sad: 73.90998077392578
sad: 82.10372924804688
neutral: 68.30619049072266
happy: 97.86677551269531
happy: 91.9776382446289
neutral: 81.67664337158203
neutral: 99.55330657958984
sad: 55.663475036621094
sad: 87.39643859863281
happy: 98.41636657714844
happy: 98.73888397216797
neutral: 84.75211334228516
happy: 92.07087707519531
sad: 95.996337890625
angry: 57.953399658203125
happy: 99.95023345947266
happy: 97.50430297851562
sad: 99.54995727539062
sad: 85.15728759765625
sad: 81.07740783691406
fear: 83.27439880371094
fear: 71.8344955444336
neutral: 54.38320541381836
fear: 50.287689208984375
neutral: 85.34505462646484
sad: 71.34064483642578
sad: 99.8489761352539
fear: 87.06718444824219
angry: 51.882713317871094
angry: 99.7802734375
angry: 70.51773834228516
angry: 65.15596771240234
angry: 85.17211151123047
neutral: 99.82853698730469
neutral: 99.94319915771484
neutral: 93.05724334716797
neutral: 94.54169464111328
fear: 64.60676574707031
fear: 67.45863342285156
fear: 58.552223205566406
fear: 98.57113647460938
angry: 64.75971984863281
sad: 94.69837188720703
fear: 99.69133758544922
fear: 99.83740997314453
fear: 97.01945495605469
fear: 58.0240364074707
fear: 99.10570526123047
fear: 98.857421875
neutral: 69.7424087524414
sad: 86.52375793457031
sad: 72.35043334960938
angry: 42.38592529296875
sad: 94.6675033569336
sad: 93.1893081665039
happy: 97.57882690429688
sad: 96.29363250732422
sad: 85.90744018554688
sad: 69.3721694946289
sad: 95.6657943725586
sad: 92.92961120605469
happy: 98.01264190673828
happy: 99.98861694335938
sad: 91.55512237548828
sad: 95.51313781738281
sad: 48.70381164550781
happy: 99.96675109863281
neutral: 99.24212646484375
fear: 62.067138671875
neutral: 54.45000076293945
fear: 85.83829498291016
fear: 87.3609390258789
fear: 60.166900634765625
neutral: 85.59394836425781
neutral: 64.40608215332031
neutral: 92.9757080078125
neutral: 93.97154998779297
neutral: 85.44326782226562
fear: 92.43196105957031
neutral: 96.00204467773438
neutral: 99.95885467529297
angry: 74.15532684326172
angry: 95.90792083740234
neutral: 51.211334228515625
sad: 85.59178924560547
sad: 86.0679931640625
sad: 67.05226135253906
sad: 97.05337524414062
sad: 94.90901184082031
sad: 68.99911499023438
neutral: 49.49708938598633
neutral: 57.70347595214844
angry: 48.65974426269531
angry: 96.81558990478516
angry: 98.08182525634766
angry: 98.85863494873047
angry: 95.7472152709961
neutral: 99.7123794555664
neutral: 99.37464141845703
neutral: 99.26176452636719
sad: 99.3006362915039
happy: 86.56961822509766
happy: 65.54293060302734
sad: 87.26502227783203
happy: 99.80355834960938
sad: 47.0943489074707
angry: 73.17860412597656
sad: 94.46854400634766
sad: 82.83158111572266
sad: 85.94171142578125
sad: 99.98310852050781
sad: 95.11449432373047
sad: 80.49464416503906
happy: 99.52945709228516
happy: 93.04625701904297
happy: 59.52599334716797
happy: 91.64923858642578
sad: 99.14783477783203
angry: 88.26338958740234
neutral: 99.99419403076172
neutral: 99.98726654052734
neutral: 99.96575164794922
neutral: 99.95625305175781
neutral: 99.96430969238281
neutral: 99.9510269165039
neutral: 95.54815673828125
neutral: 95.83767700195312
fear: 61.816280364990234
neutral: 95.26033782958984
neutral: 96.02437591552734
neutral: 92.88249969482422
neutral: 93.16934204101562
neutral: 99.18701171875
neutral: 96.08795166015625
angry: 54.7181396484375
fear: 99.65158081054688
fear: 96.87542724609375
fear: 92.7040023803711
fear: 99.95826721191406
neutral: 79.10530853271484
fear: 58.71454620361328
fear: 96.39169311523438
fear: 99.37606811523438
sad: 72.23782348632812
angry: 50.7316780090332
fear: 99.96820068359375
neutral: 73.8803482055664
neutral: 55.8613166809082
fear: 99.94908905029297
fear: 89.37342071533203
sad: 97.40021514892578
neutral: 47.46559143066406
fear: 80.2535629272461
fear: 42.80837631225586
sad: 51.921417236328125
sad: 51.99037551879883
angry: 95.44857788085938
angry: 99.77377319335938
angry: 99.95464324951172
angry: 99.97604370117188
angry: 84.00059509277344
happy: 98.86073303222656
happy: 92.56156158447266
happy: 96.16336059570312
happy: 89.86458587646484
happy: 99.09673309326172
angry: 87.83179473876953
sad: 87.4629135131836
angry: 99.84197998046875
neutral: 98.49213409423828
fear: 94.64500427246094
fear: 76.29542541503906
neutral: 95.34428405761719
fear: 80.43768310546875
fear: 97.21182250976562
fear: 98.84390258789062
fear: 98.46639251708984
fear: 88.18135833740234
neutral: 73.52285766601562
fear: 87.22824096679688
neutral: 41.668739318847656
neutral: 79.36885070800781
neutral: 54.095279693603516
neutral: 55.993045806884766
fear: 74.91163635253906
fear: 69.3636703491211
fear: 85.56819152832031
fear: 90.5003662109375
fear: 94.5994873046875
sad: 53.9364128112793
neutral: 59.32455062866211
fear: 76.60175323486328
surprise: 76.81558227539062
fear: 58.252262115478516
surprise: 84.99842071533203
neutral: 97.9225082397461
neutral: 97.28546142578125
sad: 61.4798583984375
fear: 55.79670333862305
sad: 86.63115692138672
sad: 69.56680297851562
sad: 76.12629699707031
sad: 74.95954895019531
happy: 83.94428253173828
neutral: 85.71836853027344
fear: 73.62937927246094
neutral: 44.63487243652344
neutral: 52.6702880859375
neutral: 80.73554229736328
fear: 43.31495666503906
fear: 64.1711196899414
fear: 51.76750946044922
fear: 76.4508056640625
fear: 80.05609130859375
fear: 50.01585388183594
fear: 65.38864135742188
fear: 46.91104507446289
fear: 65.70098114013672
neutral: 61.229454040527344
neutral: 44.71950912475586
neutral: 63.108097076416016
neutral: 68.0510025024414
neutral: 72.87635040283203
fear: 47.29843521118164
neutral: 53.98615264892578
happy: 98.61969757080078
fear: 70.87818908691406
fear: 76.61507415771484
sad: 52.70539474487305
fear: 45.83032989501953
sad: 36.55051040649414
neutral: 62.78700256347656
sad: 56.28716278076172
fear: 64.81327819824219
neutral: 90.71318054199219
neutral: 78.35822296142578
neutral: 57.93613052368164
fear: 67.76219940185547
sad: 64.33257293701172
fear: 41.80895233154297
fear: 50.33477020263672
fear: 61.19266891479492
fear: 31.4759464263916
neutral: 57.122962951660156
sad: 99.05006408691406
sad: 37.255924224853516
angry: 54.31789779663086
neutral: 43.64772033691406
fear: 87.815673828125
neutral: 54.40549850463867
sad: 95.26831817626953
neutral: 73.67557525634766
sad: 43.379966735839844
happy: 42.773990631103516
fear: 45.74582290649414
sad: 67.77233123779297
sad: 48.27720260620117
fear: 78.42281341552734
neutral: 84.67191314697266
fear: 85.32971954345703
fear: 70.22203826904297
fear: 54.218265533447266
fear: 40.42232131958008
sad: 51.198143005371094
sad: 99.94932556152344
neutral: 92.28262329101562
sad: 99.9938735961914
happy: 50.45918655395508
fear: 48.386566162109375
fear: 77.8715591430664
fear: 74.94632720947266
fear: 42.552978515625
neutral: 71.16487121582031
fear: 67.48407745361328
happy: 99.48381805419922
happy: 99.27711486816406
disgust: 44.97736740112305
neutral: 81.9125747680664
neutral: 99.95323181152344
fear: 65.0760269165039
sad: 94.03416442871094
sad: 88.18055725097656
happy: 90.2542495727539
sad: 82.11263275146484
happy: 96.03955841064453
sad: 89.42782592773438
sad: 56.952510833740234
sad: 99.94511413574219
sad: 97.00311279296875
sad: 91.76336669921875
sad: 99.86458587646484
sad: 99.70924377441406
sad: 94.87448120117188
happy: 94.61515045166016
sad: 97.20433807373047
sad: 78.50579071044922
neutral: 59.247352600097656
happy: 97.628662109375
happy: 77.90774536132812
happy: 91.3018798828125
happy: 77.6965560913086
happy: 97.8567123413086
sad: 41.35597610473633
angry: 51.86884689331055
happy: 76.91160583496094
neutral: 63.139976501464844
neutral: 99.97713470458984
neutral: 44.60917282104492
fear: 58.483482360839844
sad: 66.02635955810547
sad: 42.204078674316406
surprise: 47.722740173339844
fear: 57.28601837158203
fear: 96.80463409423828
fear: 72.71378326416016
sad: 36.74128723144531
neutral: 64.19937133789062
fear: 71.01065063476562
fear: 86.79623413085938
fear: 84.23249816894531
sad: 54.57293701171875
fear: 83.17926788330078
fear: 63.923343658447266
fear: 57.88167953491211
fear: 71.76878356933594
fear: 67.21029663085938
fear: 74.85382843017578
sad: 47.75834655761719
sad: 86.25740814208984
sad: 94.16043853759766
sad: 90.90603637695312
fear: 70.84567260742188
sad: 88.40673828125
fear: 99.58362579345703
surprise: 78.82133483886719
fear: 90.67593383789062
sad: 84.93473052978516
sad: 83.52224731445312
neutral: 97.06794738769531
neutral: 98.88416290283203
neutral: 54.56547164916992
neutral: 32.99653244018555
sad: 55.89015579223633
fear: 47.8477783203125
fear: 47.630210876464844
fear: 42.49561309814453
fear: 69.56244659423828
fear: 33.715675354003906
fear: 78.05781555175781
fear: 46.39519119262695
fear: 41.08050537109375
neutral: 56.030906677246094
fear: 53.409767150878906
neutral: 74.3364486694336
neutral: 32.539581298828125
fear: 84.4190444946289
fear: 55.92300796508789
fear: 58.83049392700195
neutral: 40.570953369140625
neutral: 85.58831024169922
sad: 99.39310455322266
sad: 98.0431137084961
sad: 99.04408264160156
neutral: 97.05763244628906
sad: 99.99868774414062
fear: 48.126129150390625
neutral: 93.74433898925781
fear: 64.30440521240234
sad: 35.76337814331055
neutral: 91.55133056640625
neutral: 79.74811553955078
neutral: 39.50206756591797
fear: 56.20648956298828
neutral: 99.5523681640625
neutral: 99.1763687133789
neutral: 96.18558502197266
neutral: 97.22647094726562
neutral: 98.19124603271484
neutral: 99.91532897949219
neutral: 99.8394546508789
neutral: 66.03980255126953
fear: 83.43453979492188
sad: 90.44869995117188
fear: 65.47949981689453
sad: 57.29072570800781
happy: 87.83850860595703
fear: 41.4699592590332
neutral: 49.512569427490234
neutral: 62.06953430175781
fear: 33.776580810546875
fear: 51.809112548828125
fear: 70.49034118652344
fear: 71.41036987304688
fear: 56.96628952026367
fear: 56.69442367553711
fear: 44.07084274291992
fear: 69.65945434570312
sad: 56.19544982910156
sad: 61.39745330810547
sad: 73.61736297607422
fear: 45.02663803100586
fear: 73.75416564941406
surprise: 99.50389099121094
happy: 99.86383056640625
sad: 45.61000061035156
sad: 60.04676818847656
sad: 59.204978942871094
happy: 99.99718475341797
sad: 97.39705657958984
disgust: 39.99378204345703
sad: 40.25019836425781
angry: 46.525787353515625
fear: 92.775634765625
fear: 93.53604888916016
fear: 95.30792236328125
fear: 42.532249450683594
fear: 38.162879943847656
fear: 50.10488510131836
happy: 31.98598861694336
angry: 63.2447624206543
sad: 49.939056396484375
angry: 50.92005920410156
angry: 44.69998550415039
happy: 87.37439727783203
fear: 90.249755859375
sad: 99.93317413330078
fear: 88.79486083984375
happy: 38.8226203918457
neutral: 80.27212524414062
fear: 63.35600662231445
happy: 76.51409912109375
neutral: 85.79698181152344
surprise: 84.06732940673828
neutral: 98.50872039794922
neutral: 90.59965515136719
fear: 67.11366271972656
sad: 92.96805572509766
sad: 85.98751068115234
neutral: 53.19688415527344
angry: 79.44306182861328
fear: 79.19775390625
fear: 99.84015655517578
fear: 76.04977416992188
fear: 97.22175598144531
fear: 87.6318130493164
neutral: 98.24828338623047
fear: 85.36003875732422
neutral: 90.69657897949219
neutral: 99.98687744140625
angry: 46.845672607421875
angry: 61.51017379760742
angry: 65.70914459228516
angry: 87.35894012451172
sad: 46.313880920410156
angry: 69.04801940917969
sad: 88.89533996582031
sad: 52.43687438964844
angry: 60.39799499511719
angry: 67.89530944824219
sad: 49.320613861083984
sad: 88.23625183105469
angry: 58.7890739440918
neutral: 87.49681854248047
neutral: 99.28438568115234
neutral: 79.68562316894531
sad: 93.60078430175781
fear: 55.8128662109375
sad: 99.51002502441406
sad: 82.4909896850586
sad: 99.31950378417969
neutral: 98.37202453613281
neutral: 80.692626953125
neutral: 99.42709350585938
sad: 97.19449615478516
neutral: 77.84790802001953
neutral: 56.89875030517578
neutral: 96.08015441894531
neutral: 99.61499786376953
fear: 87.7829360961914
neutral: 56.089263916015625
neutral: 53.013206481933594
fear: 72.40798950195312
fear: 71.38035583496094
neutral: 71.79837036132812
fear: 87.79203033447266
neutral: 81.8898696899414
neutral: 93.4490737915039
neutral: 99.43499755859375
angry: 49.801856994628906
sad: 68.0018310546875
sad: 99.76250457763672
sad: 95.15293884277344
sad: 67.25642395019531
sad: 91.44107055664062
sad: 68.1568374633789
sad: 91.3166732788086
sad: 84.60334014892578
sad: 83.6063232421875
fear: 43.168766021728516
sad: 98.25432586669922
sad: 65.8269271850586
neutral: 60.08730697631836
neutral: 99.9932632446289
sad: 96.25399017333984
neutral: 88.48967742919922
fear: 45.024696350097656
neutral: 49.80607986450195
neutral: 69.0307846069336
happy: 99.99992370605469
happy: 99.99998474121094
happy: 99.99996948242188
happy: 99.99992370605469
fear: 56.67545700073242
fear: 58.52811813354492
happy: 64.10944366455078
fear: 80.54631042480469
fear: 94.75178527832031
happy: 98.07020568847656
happy: 97.93792724609375
neutral: 93.49073791503906
sad: 91.02312469482422
sad: 99.01274108886719
sad: 87.2957534790039
neutral: 63.80426788330078
sad: 96.65607452392578
sad: 99.09979248046875
sad: 91.7249526977539
fear: 92.40169525146484
fear: 79.06488800048828
neutral: 53.641117095947266
fear: 76.27871704101562
fear: 66.2861328125
fear: 42.74740982055664
fear: 31.550174713134766
fear: 97.53870391845703
sad: 53.07918930053711
neutral: 98.6966781616211
neutral: 81.4579086303711
fear: 83.40216064453125
neutral: 82.63673400878906
sad: 96.47294616699219
fear: 80.28165435791016
fear: 65.8138656616211
neutral: 75.12574768066406
neutral: 60.114227294921875
fear: 58.1848030090332
neutral: 78.06378173828125
fear: 64.97002410888672
sad: 91.02287292480469
sad: 84.98109436035156
sad: 88.57276153564453
fear: 55.06420135498047
sad: 96.43943786621094
neutral: 67.90210723876953
fear: 54.000450134277344
sad: 71.52574920654297
fear: 94.38256072998047
fear: 61.15329360961914
fear: 69.71324920654297
surprise: 77.98448944091797
neutral: 95.02972412109375
sad: 93.47795867919922
sad: 79.12288665771484
fear: 82.2832260131836
sad: 72.47357177734375
fear: 79.87293243408203
sad: 41.696903228759766
neutral: 47.431312561035156
neutral: 66.67481994628906
neutral: 79.768310546875
neutral: 80.32367706298828
neutral: 67.519775390625
fear: 75.98150634765625
fear: 69.88733673095703
sad: 64.6081314086914
fear: 71.92478942871094
fear: 88.08661651611328
happy: 93.50059509277344
happy: 99.67670440673828
happy: 97.65933990478516
happy: 88.41627502441406
happy: 96.14582061767578
fear: 53.0082893371582
fear: 60.774269104003906
neutral: 92.78974151611328
sad: 51.60397720336914
neutral: 76.8917007446289
neutral: 94.49016571044922
neutral: 94.7523193359375
fear: 48.07695007324219
fear: 83.77708435058594
happy: 97.42591857910156
happy: 81.71276092529297
happy: 96.43109893798828
sad: 79.55431365966797
sad: 95.7320556640625
sad: 96.39678955078125
neutral: 55.503662109375
sad: 97.49407196044922
fear: 84.66361236572266
fear: 73.2486801147461
sad: 71.26387023925781
sad: 87.53562927246094
sad: 64.877685546875
neutral: 89.33883666992188
sad: 97.55667877197266
sad: 65.83956146240234
fear: 52.0695915222168
neutral: 61.36058044433594
sad: 54.02386474609375
fear: 70.42259216308594
sad: 66.61446380615234
neutral: 99.99864959716797
neutral: 62.699066162109375
sad: 84.08570098876953
fear: 78.8779525756836
sad: 99.78614807128906
sad: 89.59710693359375
neutral: 93.3042221069336
fear: 99.7907485961914
sad: 87.1294174194336
fear: 70.35640716552734
sad: 49.903770446777344
fear: 65.62322235107422
neutral: 99.67536163330078
sad: 88.94725799560547
sad: 78.36238098144531
sad: 62.007015228271484
sad: 89.33948516845703
sad: 94.96449279785156
sad: 99.6843032836914
sad: 44.763004302978516
sad: 89.0451431274414
sad: 62.420169830322266
sad: 89.0555191040039
sad: 99.93746948242188
sad: 90.74134826660156
sad: 60.723941802978516
sad: 58.56088638305664
neutral: 54.86148452758789
sad: 62.271026611328125
sad: 48.52375411987305
sad: 61.978302001953125
sad: 95.21793365478516
sad: 96.99828338623047
fear: 72.3709945678711
sad: 99.4461898803711
angry: 97.95799255371094
angry: 56.33642578125
angry: 93.0078353881836
angry: 58.46034622192383
angry: 99.06884765625
angry: 97.51984405517578
angry: 86.57107543945312
angry: 98.00057983398438
angry: 98.12102508544922
angry: 98.9306411743164
angry: 99.20838928222656
fear: 81.37193298339844
sad: 90.80255126953125
sad: 89.47491455078125
sad: 98.40601348876953
sad: 99.94696044921875
sad: 99.79521942138672
fear: 96.83568572998047
sad: 99.91669464111328
sad: 71.68820190429688
neutral: 47.038108825683594
sad: 47.51719665527344
neutral: 65.80247497558594
sad: 87.6923828125
sad: 89.723388671875
sad: 99.05082702636719
sad: 97.36552429199219
sad: 97.33098602294922
sad: 95.65119171142578
sad: 97.84356689453125
sad: 99.73331451416016
sad: 97.32295227050781
sad: 98.14231872558594
sad: 51.97138977050781
sad: 47.178260803222656
fear: 51.95029830932617
neutral: 90.33238983154297
angry: 57.214073181152344
angry: 41.814781188964844
sad: 50.710350036621094
sad: 36.943756103515625
sad: 60.34196472167969
neutral: 50.876129150390625
fear: 62.026187896728516
neutral: 77.5423812866211
neutral: 68.87223052978516
sad: 84.08306121826172
sad: 86.03154754638672
sad: 99.98324584960938
sad: 81.1225814819336
sad: 96.78128051757812
sad: 93.05503845214844
fear: 58.50628662109375
sad: 78.57386016845703
fear: 87.45462799072266
fear: 95.46199798583984
fear: 82.00605010986328
sad: 70.59838104248047
neutral: 93.55704498291016
neutral: 99.99699401855469
fear: 61.50754165649414
happy: 86.89131927490234
sad: 56.21780776977539
neutral: 99.2292709350586
neutral: 70.70789337158203
happy: 99.99317932128906
happy: 99.97727966308594
happy: 99.9713363647461
happy: 99.56307220458984
happy: 99.64836120605469
happy: 98.84173583984375
happy: 98.59830474853516
happy: 98.32696533203125
happy: 98.98152160644531
happy: 96.11295318603516
happy: 89.47793579101562
fear: 77.70225524902344
fear: 94.8167724609375
fear: 72.95549011230469
happy: 88.86612701416016
happy: 88.66898345947266
happy: 64.0254135131836
happy: 69.97148132324219
happy: 75.17829132080078
happy: 84.04138946533203
happy: 99.08614349365234
happy: 93.21332550048828
sad: 96.14390563964844
sad: 98.82471466064453
sad: 59.194908142089844
sad: 71.61808013916016
neutral: 51.515533447265625
sad: 97.26366424560547
sad: 98.19902801513672
sad: 99.08799743652344
sad: 91.61343383789062
sad: 92.93689727783203
sad: 98.00686645507812
sad: 94.63311767578125
neutral: 99.87651824951172
sad: 99.70040893554688
sad: 98.76913452148438
sad: 95.6791763305664
fear: 99.8132553100586
neutral: 88.18885803222656
sad: 99.76002502441406
neutral: 75.25334930419922
fear: 89.9189682006836
fear: 92.65448760986328
fear: 95.67635345458984
fear: 76.7959976196289
fear: 88.57017517089844
neutral: 49.415733337402344
neutral: 76.46305847167969
fear: 70.12821960449219
neutral: 54.88336944580078
fear: 99.6517105102539
fear: 70.97959899902344
fear: 98.044677734375
neutral: 98.1622314453125
fear: 85.48402404785156
sad: 74.75360870361328
sad: 81.50260162353516
sad: 73.43399047851562
sad: 75.54134368896484
sad: 83.64651489257812
sad: 97.74602508544922
sad: 77.96289825439453
sad: 93.12633514404297
sad: 98.50767517089844
angry: 56.23077392578125
sad: 38.70774459838867
neutral: 95.05143737792969
sad: 99.81079864501953
neutral: 94.31401824951172
neutral: 91.69757080078125
neutral: 45.42755126953125
fear: 59.653778076171875
fear: 77.22433471679688
fear: 46.304420471191406
happy: 79.92266082763672
happy: 81.13255310058594
neutral: 85.40119934082031
happy: 80.77288818359375
fear: 83.98436737060547
sad: 42.16059112548828
fear: 50.04444885253906
neutral: 68.2280044555664
neutral: 49.32730484008789
neutral: 58.52797317504883
neutral: 85.93748474121094
fear: 60.18496322631836
neutral: 83.03240966796875
neutral: 63.716976165771484
neutral: 56.868682861328125
neutral: 52.77044677734375
neutral: 45.04801559448242
sad: 40.65813064575195
fear: 52.99490737915039
fear: 67.71459197998047
neutral: 50.986351013183594
neutral: 39.798118591308594
sad: 64.18312072753906
sad: 99.52647399902344
neutral: 50.446563720703125
fear: 78.29190826416016
fear: 99.45233917236328
fear: 99.94576263427734
fear: 99.86566162109375
fear: 99.61436462402344
fear: 99.56642150878906
fear: 97.70889282226562
fear: 95.610595703125
fear: 99.03923797607422
fear: 95.22075653076172
fear: 96.82911682128906
fear: 99.45404052734375
sad: 96.93765258789062
angry: 60.3889045715332
happy: 99.7644271850586
neutral: 73.5062026977539
neutral: 92.58161163330078
happy: 99.99618530273438
surprise: 38.1364860534668
sad: 59.44129943847656
neutral: 97.10382080078125
neutral: 43.929664611816406
sad: 99.29601287841797
sad: 88.93588256835938
sad: 90.86064910888672
happy: 85.93255615234375
happy: 98.71784210205078
sad: 54.05258560180664
sad: 89.68653869628906
sad: 83.89215087890625
sad: 94.11766052246094
happy: 90.08893585205078
sad: 85.40449523925781
sad: 92.11433410644531
sad: 92.54057312011719
sad: 87.02655029296875
sad: 94.90641021728516
sad: 98.55563354492188
sad: 95.71929931640625
neutral: 56.58282470703125
sad: 90.6698989868164
sad: 64.16627502441406
sad: 99.01171112060547
neutral: 56.427818298339844
happy: 87.69644927978516
happy: 88.72879791259766
happy: 80.8141098022461
sad: 99.9999771118164
sad: 93.65165710449219
neutral: 48.611080169677734
happy: 88.91586303710938
happy: 98.80755615234375
fear: 48.909996032714844
neutral: 40.62508010864258
happy: 62.0491828918457
sad: 93.52455139160156
neutral: 99.18824005126953
sad: 75.12358856201172
sad: 96.81629180908203
sad: 98.79067993164062
sad: 86.37542724609375
happy: 100.0
happy: 57.35293197631836
sad: 93.26274871826172
neutral: 98.54334259033203
happy: 99.6730728149414
happy: 68.0564193725586
neutral: 42.84465789794922
neutral: 98.79207611083984
fear: 80.85504150390625
happy: 85.67208862304688
fear: 41.62434768676758
sad: 85.45690155029297
neutral: 88.14922332763672
fear: 45.52742004394531
sad: 96.31913757324219
fear: 69.66901397705078
fear: 71.01519012451172
neutral: 83.92578125
neutral: 98.81290435791016
fear: 82.40152740478516
neutral: 84.98660278320312
fear: 80.02098846435547
fear: 95.23836517333984
happy: 73.72341918945312
fear: 79.82306671142578
fear: 49.33094024658203
sad: 35.000526428222656
neutral: 59.3541259765625
neutral: 86.40210723876953
sad: 97.23446655273438
sad: 93.812744140625
sad: 92.48468780517578
sad: 34.680458068847656
neutral: 90.6267318725586
fear: 47.78501892089844
sad: 94.18999481201172
sad: 85.16862487792969
happy: 99.99983215332031
happy: 98.35684967041016
happy: 99.96187591552734
happy: 92.71053314208984
neutral: 78.07897186279297
neutral: 96.25201416015625
neutral: 96.6847915649414
neutral: 87.8460693359375
fear: 49.061832427978516
fear: 49.633609771728516
neutral: 50.916419982910156
happy: 98.62246704101562
happy: 81.4003677368164
happy: 76.3682632446289
happy: 88.17542266845703
happy: 68.7584457397461
happy: 95.04673767089844
fear: 98.57071685791016
happy: 99.45458984375
fear: 98.98368835449219
fear: 99.98737335205078
fear: 93.62718963623047
neutral: 93.64966583251953
neutral: 99.33952331542969
fear: 55.08559036254883
fear: 62.8657341003418
fear: 58.048213958740234
sad: 43.04621124267578
sad: 65.38080596923828
sad: 67.23814392089844
neutral: 62.289939880371094
fear: 82.5426025390625
fear: 50.928871154785156
neutral: 84.54415893554688
neutral: 50.36549758911133
neutral: 59.34693145751953
sad: 65.01825714111328
fear: 40.545745849609375
happy: 62.519683837890625
fear: 30.72455596923828
fear: 58.118228912353516
neutral: 98.31758117675781
fear: 45.848785400390625
neutral: 97.94438934326172
neutral: 98.27257537841797
neutral: 98.51021575927734
neutral: 92.33917999267578
fear: 70.90843963623047
neutral: 89.19820404052734
sad: 90.67784118652344
sad: 96.80734252929688
sad: 88.69509887695312
fear: 76.71358489990234
sad: 87.96588134765625
fear: 64.88568878173828
fear: 69.32866668701172
sad: 99.01444244384766
sad: 99.41471862792969
sad: 93.51438903808594
happy: 99.077880859375
neutral: 85.92320251464844
sad: 97.38358306884766
sad: 73.71308135986328
sad: 92.61433410644531
sad: 98.55598449707031
sad: 99.53011322021484
happy: 98.34095001220703
happy: 99.98756408691406
happy: 99.99260711669922
happy: 99.980712890625
sad: 99.99894714355469
sad: 99.99996948242188
happy: 97.42074584960938
sad: 94.85440826416016
fear: 78.13392639160156
sad: 89.85426330566406
happy: 99.92070770263672
happy: 87.72337341308594
happy: 64.15613555908203
fear: 89.60506439208984
fear: 72.93587493896484
happy: 86.42835998535156
neutral: 86.69135284423828
happy: 99.99723052978516
happy: 99.65315246582031
neutral: 78.27592468261719
fear: 54.8764762878418
fear: 43.230323791503906
fear: 78.69116973876953
neutral: 65.45785522460938
fear: 96.52151489257812
fear: 59.68254470825195
neutral: 77.2036361694336
sad: 86.72945404052734
fear: 70.13592529296875
fear: 43.847110748291016
fear: 97.66566467285156
fear: 61.0572395324707
fear: 61.06909942626953
sad: 57.23611831665039
neutral: 90.24768829345703
fear: 62.3261833190918
sad: 84.38806915283203
sad: 76.95103454589844
neutral: 81.37186431884766
neutral: 98.42295837402344
sad: 65.9230728149414
neutral: 82.6983642578125
neutral: 94.85584259033203
neutral: 86.42394256591797
neutral: 99.6104965209961
happy: 69.83809661865234
fear: 56.82062911987305
fear: 82.8463363647461
neutral: 97.81046295166016
fear: 68.97032928466797
neutral: 99.71829986572266
neutral: 78.74675750732422
neutral: 61.592960357666016
neutral: 69.34444427490234
angry: 74.67243194580078
angry: 51.31675720214844
neutral: 99.96797943115234
neutral: 94.80819702148438
neutral: 76.18787384033203
neutral: 88.35296630859375
neutral: 53.99510192871094
sad: 69.9988784790039
sad: 96.67757415771484
sad: 97.04627227783203
fear: 51.69622039794922
sad: 51.742431640625
fear: 79.59225463867188
angry: 63.464698791503906
sad: 34.684329986572266
sad: 52.64463806152344
sad: 99.25559997558594
happy: 93.54695892333984
sad: 59.773155212402344
sad: 47.8178596496582
sad: 98.06956481933594
happy: 99.71589660644531
sad: 61.14955520629883
sad: 91.96397399902344
sad: 88.82378387451172
sad: 88.38450622558594
sad: 94.60237884521484
sad: 91.2856674194336
happy: 97.173095703125
sad: 97.35626983642578
sad: 94.07654571533203
sad: 94.3932876586914
sad: 73.2936782836914
sad: 73.38851165771484
sad: 77.61234283447266
sad: 98.08976745605469
sad: 99.9955062866211
sad: 90.58920288085938
sad: 99.08665466308594
sad: 97.56427764892578
sad: 99.99486541748047
sad: 48.907291412353516
fear: 73.93006134033203
neutral: 53.91389846801758
sad: 99.9247817993164
sad: 99.79679870605469
sad: 99.93502044677734
neutral: 77.52030181884766
neutral: 89.32569122314453
fear: 58.56780242919922
fear: 84.89300537109375
angry: 35.912166595458984
angry: 56.985782623291016
fear: 54.157997131347656
fear: 38.80279541015625
fear: 32.73223114013672
neutral: 46.60097122192383
fear: 59.945655822753906
angry: 74.64122009277344
angry: 55.886024475097656
angry: 54.47517013549805
angry: 77.23523712158203
fear: 45.44281768798828
fear: 45.569828033447266
fear: 39.13425827026367
neutral: 45.07537078857422
fear: 44.12335968017578
neutral: 47.280548095703125
neutral: 53.47905349731445
fear: 73.52650451660156
fear: 80.930908203125
fear: 49.57695388793945
fear: 70.24630737304688
neutral: 64.05925750732422
happy: 89.06884765625
sad: 62.971431732177734
fear: 60.89619827270508
fear: 51.48578643798828
fear: 93.33711242675781
neutral: 39.88877487182617
neutral: 98.57435607910156
neutral: 86.15188598632812
fear: 52.26592254638672
neutral: 86.0118179321289
neutral: 78.06258392333984
neutral: 77.11872863769531
neutral: 72.22982025146484
neutral: 80.72196197509766
fear: 59.86343765258789
neutral: 92.01527404785156
neutral: 60.61369705200195
neutral: 98.14073181152344
neutral: 92.9629135131836
neutral: 84.93108367919922
neutral: 87.49132537841797
