sad: 56.9046745300293
sad: 34.39120101928711
neutral: 48.358890533447266
fear: 45.81999206542969
happy: 99.99677276611328
fear: 59.62828826904297
fear: 52.794700622558594
happy: 99.99986267089844
happy: 99.88626098632812
happy: 99.9856185913086
neutral: 44.62281799316406
sad: 62.769107818603516
sad: 48.10101318359375
sad: 91.87623596191406
sad: 48.48121643066406
sad: 97.80451965332031
surprise: 98.59662628173828
sad: 55.39876937866211
sad: 70.58197784423828
sad: 72.36921691894531
fear: 97.95484161376953
sad: 91.2764663696289
sad: 84.40868377685547
sad: 85.11109924316406
sad: 71.79129028320312
fear: 50.16541290283203
fear: 99.922607421875
sad: 88.21483612060547
fear: 82.29698181152344
fear: 58.29512405395508
sad: 70.94359588623047
sad: 80.90534210205078
sad: 56.40296173095703
surprise: 42.3690071105957
happy: 99.99650573730469
sad: 59.487525939941406
happy: 97.48490142822266
sad: 39.535980224609375
neutral: 70.94493103027344
neutral: 58.12706756591797
sad: 37.83543014526367
fear: 78.5296630859375
neutral: 62.93479919433594
happy: 99.99276733398438
neutral: 58.10578536987305
neutral: 35.3990364074707
sad: 46.97637176513672
sad: 62.148406982421875
sad: 48.54038619995117
sad: 51.45284652709961
sad: 46.407596588134766
sad: 57.49150085449219
sad: 48.99887466430664
sad: 37.51663589477539
sad: 43.457515716552734
neutral: 45.643714904785156
neutral: 46.404048919677734
fear: 61.15712356567383
fear: 54.36915588378906
fear: 91.74740600585938
sad: 82.7881851196289
sad: 63.97153854370117
neutral: 77.94869232177734
sad: 49.0644416809082
neutral: 99.97900390625
neutral: 58.657108306884766
fear: 37.414756774902344
neutral: 97.74826049804688
sad: 89.36161041259766
fear: 44.53646469116211
happy: 65.95056915283203
happy: 45.212921142578125
neutral: 53.42578887939453
sad: 69.51412963867188
sad: 70.45923614501953
sad: 58.43528747558594
fear: 52.970821380615234
sad: 51.133941650390625
neutral: 49.60646057128906
sad: 97.47530364990234
neutral: 42.56072235107422
sad: 41.40296173095703
fear: 40.482025146484375
neutral: 88.80745697021484
neutral: 67.49691772460938
fear: 29.933813095092773
sad: 65.95441436767578
sad: 75.1075210571289
neutral: 81.21187591552734
neutral: 87.03223419189453
sad: 43.54522705078125
sad: 99.00076293945312
sad: 92.89857482910156
neutral: 86.17747497558594
neutral: 48.20753479003906
neutral: 44.13912582397461
sad: 48.444034576416016
sad: 90.44779205322266
fear: 52.272666931152344
neutral: 73.16635131835938
neutral: 37.74290466308594
neutral: 43.45510482788086
neutral: 47.47907638549805
sad: 62.44990158081055
neutral: 63.49333572387695
happy: 70.86543273925781
sad: 89.49969482421875
sad: 99.90238952636719
sad: 78.98108673095703
fear: 54.53042984008789
fear: 47.22022247314453
neutral: 51.467185974121094
neutral: 49.884864807128906
neutral: 48.540653228759766
neutral: 69.52435302734375
neutral: 59.44023132324219
fear: 54.949466705322266
neutral: 46.1790657043457
sad: 52.23775863647461
neutral: 99.99703979492188
sad: 84.68708801269531
sad: 92.01838684082031
sad: 96.15043640136719
sad: 42.61386489868164
happy: 78.11747741699219
happy: 63.10647964477539
neutral: 99.9637451171875
happy: 87.37506866455078
sad: 99.3873291015625
fear: 92.01580047607422
sad: 88.12113189697266
sad: 99.45960998535156
fear: 93.7839584350586
neutral: 65.88275146484375
neutral: 40.24388885498047
fear: 95.7675552368164
fear: 40.015010833740234
neutral: 70.93296813964844
sad: 48.867027282714844
sad: 34.99701690673828
neutral: 44.99559020996094
sad: 49.707191467285156
sad: 39.529937744140625
sad: 64.124755859375
neutral: 43.578956604003906
neutral: 63.08203887939453
neutral: 56.14363098144531
sad: 95.2867660522461
neutral: 57.770442962646484
fear: 82.02066040039062
sad: 63.26917266845703
sad: 73.11531066894531
neutral: 75.81298828125
fear: 51.599273681640625
fear: 52.13504409790039
sad: 48.27179718017578
fear: 43.40901184082031
fear: 92.74708557128906
neutral: 53.95637893676758
fear: 87.79277801513672
sad: 58.66536331176758
neutral: 61.695762634277344
fear: 85.4423599243164
neutral: 90.04981231689453
neutral: 77.94621276855469
fear: 47.27985763549805
fear: 45.450260162353516
fear: 85.21876525878906
fear: 82.46949005126953
fear: 73.9236068725586
sad: 99.02848052978516
angry: 99.97047424316406
disgust: 61.03623962402344
angry: 70.89212036132812
sad: 91.49932098388672
sad: 58.58791732788086
sad: 88.7726821899414
neutral: 73.67625427246094
neutral: 71.03453826904297
angry: 67.4544677734375
angry: 89.39891815185547
angry: 88.85433959960938
sad: 91.40892791748047
sad: 93.81271362304688
sad: 58.739776611328125
sad: 59.09232711791992
neutral: 97.60144805908203
fear: 93.85607147216797
sad: 75.7436752319336
fear: 79.19248962402344
sad: 79.74568939208984
sad: 57.38664245605469
happy: 99.91661071777344
neutral: 44.777626037597656
sad: 45.64072036743164
fear: 68.09290313720703
fear: 61.68475341796875
fear: 58.848060607910156
fear: 63.50231170654297
fear: 66.97541046142578
fear: 73.13531494140625
fear: 50.06540298461914
sad: 88.48274230957031
fear: 75.29124450683594
sad: 52.54145812988281
sad: 82.26252746582031
sad: 76.08907318115234
fear: 52.84186935424805
sad: 73.90263366699219
sad: 79.3047866821289
sad: 69.61620330810547
sad: 62.614810943603516
sad: 66.33792877197266
angry: 79.4062728881836
angry: 99.90806579589844
neutral: 97.23233032226562
fear: 97.56098937988281
angry: 59.27265930175781
fear: 98.85752868652344
angry: 96.27571105957031
angry: 99.25051879882812
fear: 57.98102569580078
fear: 58.95075988769531
fear: 90.54287719726562
fear: 64.86318969726562
fear: 77.9313735961914
fear: 92.72416687011719
angry: 79.30213928222656
fear: 65.71892547607422
sad: 71.29183959960938
sad: 48.12776565551758
neutral: 95.06571197509766
neutral: 60.98181915283203
angry: 51.878231048583984
sad: 99.82068634033203
angry: 73.19770812988281
angry: 90.3010482788086
sad: 96.6078872680664
neutral: 81.95822143554688
neutral: 63.579612731933594
neutral: 86.37030792236328
sad: 52.216251373291016
neutral: 88.69248962402344
happy: 98.87207794189453
neutral: 96.167236328125
neutral: 85.1338119506836
sad: 94.60753631591797
sad: 54.20549011230469
happy: 72.79118347167969
neutral: 38.60580062866211
happy: 51.812469482421875
happy: 86.47013092041016
neutral: 45.54154968261719
sad: 60.01167297363281
sad: 59.563209533691406
sad: 92.78960418701172
neutral: 62.010066986083984
sad: 74.12020874023438
neutral: 65.34300231933594
sad: 36.81824493408203
happy: 94.95474243164062
sad: 58.56566619873047
sad: 41.49415969848633
neutral: 47.563053131103516
neutral: 51.31319808959961
sad: 62.366146087646484
sad: 69.25303649902344
sad: 87.76875305175781
angry: 100.0
angry: 99.99999237060547
angry: 99.99993133544922
angry: 99.99980926513672
angry: 99.99956512451172
angry: 99.99237823486328
angry: 99.99818420410156
angry: 99.99495697021484
sad: 54.132808685302734
sad: 50.77652359008789
fear: 93.81391906738281
angry: 99.97445678710938
angry: 99.9734115600586
sad: 99.43577575683594
sad: 92.25473022460938
sad: 99.47450256347656
sad: 58.51633071899414
sad: 43.3853759765625
neutral: 66.2933578491211
sad: 62.007694244384766
sad: 72.67037963867188
neutral: 66.45844268798828
neutral: 56.544830322265625
sad: 99.89447021484375
neutral: 88.54595184326172
neutral: 81.26980590820312
neutral: 76.73589324951172
sad: 99.1390380859375
sad: 98.05474090576172
sad: 98.38565826416016
sad: 97.76960754394531
neutral: 53.606849670410156
fear: 88.02290344238281
fear: 90.95381164550781
neutral: 55.86552047729492
sad: 98.79049682617188
sad: 98.9347915649414
angry: 94.88186645507812
angry: 99.98426055908203
angry: 99.99478149414062
sad: 86.79007720947266
angry: 99.99347686767578
angry: 99.99811553955078
angry: 99.99732208251953
angry: 99.98754119873047
angry: 99.99868774414062
neutral: 89.3478775024414
neutral: 59.605377197265625
sad: 57.202728271484375
sad: 61.935604095458984
neutral: 66.84571838378906
sad: 99.0457992553711
sad: 97.03645324707031
neutral: 51.773963928222656
neutral: 75.10105895996094
sad: 82.72893524169922
neutral: 72.99334716796875
angry: 98.25857543945312
angry: 97.39617919921875
angry: 99.8563232421875
neutral: 47.55611038208008
angry: 99.99996948242188
angry: 99.98017883300781
angry: 99.99966430664062
angry: 99.99737548828125
angry: 99.99977111816406
sad: 55.86872100830078
sad: 72.33200073242188
angry: 99.99574279785156
sad: 81.52906036376953
happy: 89.73291778564453
angry: 99.99243927001953
angry: 99.99737548828125
angry: 99.99543762207031
angry: 99.99052429199219
angry: 99.997314453125
sad: 96.30713653564453
sad: 98.658447265625
sad: 96.2780990600586
sad: 71.50821685791016
sad: 60.52113342285156
sad: 91.55308532714844
sad: 43.58427047729492
sad: 49.866519927978516
neutral: 93.6590347290039
angry: 86.80008697509766
angry: 60.93426513671875
angry: 53.29761505126953
angry: 65.51118469238281
angry: 54.825477600097656
neutral: 61.998531341552734
sad: 74.36526489257812
neutral: 47.21721267700195
neutral: 57.104156494140625
neutral: 49.903648376464844
fear: 75.25313568115234
fear: 83.8638687133789
neutral: 47.916015625
fear: 73.96977996826172
fear: 99.952880859375
fear: 99.10792541503906
neutral: 80.82562255859375
fear: 85.89006805419922
neutral: 56.97222900390625
fear: 98.81331634521484
sad: 89.6084213256836
angry: 99.99996185302734
angry: 99.99995422363281
angry: 99.99996185302734
angry: 99.99989318847656
angry: 99.99988555908203
angry: 99.99968719482422
sad: 79.417724609375
sad: 79.83123016357422
angry: 99.99618530273438
sad: 87.0879898071289
angry: 99.99573516845703
sad: 92.59412384033203
sad: 85.2002944946289
angry: 99.99950408935547
angry: 99.99983978271484
angry: 99.99991607666016
sad: 99.18429565429688
sad: 75.16197204589844
neutral: 59.114540100097656
neutral: 79.62012481689453
neutral: 58.15385437011719
sad: 83.93241882324219
fear: 65.13053131103516
fear: 61.04703903198242
sad: 99.90925598144531
angry: 100.0
sad: 95.67066192626953
angry: 100.0
fear: 67.8448257446289
angry: 99.99798583984375
fear: 62.69590377807617
neutral: 46.77305603027344
neutral: 69.68394470214844
sad: 79.25262451171875
sad: 99.894775390625
fear: 85.04891204833984
fear: 70.17861938476562
sad: 79.34648895263672
fear: 72.733642578125
fear: 53.196434020996094
fear: 98.78132629394531
fear: 85.12232208251953
sad: 68.44945526123047
fear: 99.1367416381836
fear: 99.63224029541016
fear: 99.58662414550781
fear: 99.88423919677734
fear: 98.86400604248047
fear: 86.49993896484375
fear: 84.85444641113281
sad: 48.16435623168945
sad: 42.015316009521484
sad: 52.145511627197266
neutral: 86.79911804199219
neutral: 41.82732391357422
fear: 82.0470962524414
fear: 50.47446060180664
fear: 56.321617126464844
neutral: 66.08409881591797
neutral: 92.3895263671875
sad: 57.821136474609375
neutral: 82.09393310546875
neutral: 39.226959228515625
neutral: 59.64080047607422
happy: 99.77230072021484
fear: 79.07008361816406
fear: 56.23006820678711
neutral: 65.14095306396484
happy: 68.49491119384766
fear: 39.35226058959961
fear: 40.29157638549805
happy: 62.5208740234375
happy: 91.32659912109375
neutral: 75.02668762207031
neutral: 57.19050216674805
neutral: 88.62007904052734
fear: 70.4963607788086
happy: 96.94384765625
fear: 88.0187759399414
happy: 46.3846435546875
fear: 95.87675476074219
fear: 55.23638916015625
happy: 63.97367477416992
fear: 51.81156921386719
happy: 41.61233901977539
happy: 65.62560272216797
neutral: 47.51610565185547
neutral: 51.65327072143555
fear: 78.84931945800781
happy: 65.94539642333984
happy: 42.83255386352539
neutral: 78.45760345458984
fear: 46.75949478149414
neutral: 99.7508544921875
neutral: 90.509033203125
neutral: 96.92864990234375
neutral: 99.70541381835938
neutral: 99.69664001464844
neutral: 98.37471008300781
neutral: 98.46723937988281
neutral: 99.5197982788086
neutral: 89.6243896484375
neutral: 99.1888198852539
neutral: 99.57939147949219
neutral: 97.96270751953125
neutral: 99.12460327148438
neutral: 99.71937561035156
neutral: 98.28179168701172
neutral: 91.29338073730469
neutral: 96.79998016357422
neutral: 98.26575469970703
fear: 51.77212905883789
fear: 83.86625671386719
fear: 62.49114990234375
neutral: 99.98489379882812
sad: 40.44180679321289
sad: 33.8149299621582
fear: 38.3400993347168
neutral: 87.0890884399414
neutral: 40.714298248291016
fear: 67.48555755615234
fear: 41.16454315185547
fear: 51.49344253540039
neutral: 65.47554779052734
happy: 99.65089416503906
happy: 99.6413345336914
happy: 75.38798522949219
happy: 99.55223846435547
happy: 48.5528564453125
happy: 99.76172637939453
happy: 98.4035873413086
happy: 96.30348205566406
happy: 82.34691619873047
neutral: 42.61957931518555
happy: 99.8178482055664
happy: 99.349609375
fear: 60.904014587402344
happy: 99.68669891357422
happy: 99.99015045166016
surprise: 77.12854766845703
happy: 99.59870910644531
happy: 99.67662048339844
happy: 93.558837890625
happy: 91.68560791015625
happy: 92.6407699584961
neutral: 98.16458892822266
sad: 92.43241119384766
happy: 81.12710571289062
neutral: 99.87713623046875
neutral: 90.9803237915039
neutral: 66.9056625366211
neutral: 97.96694946289062
sad: 40.25468063354492
fear: 70.55127716064453
fear: 71.08820343017578
neutral: 35.834228515625
neutral: 98.47859954833984
neutral: 97.09434509277344
neutral: 81.84844207763672
neutral: 90.18270874023438
neutral: 99.5752944946289
neutral: 49.03138732910156
neutral: 79.98432922363281
sad: 91.87211608886719
neutral: 45.2624626159668
sad: 97.20833587646484
sad: 41.447593688964844
fear: 55.93060302734375
fear: 57.831600189208984
sad: 45.697383880615234
neutral: 70.72994995117188
neutral: 48.92927169799805
fear: 44.9890022277832
fear: 69.52035522460938
fear: 42.918792724609375
neutral: 53.44761276245117
fear: 32.79533004760742
fear: 43.40518569946289
fear: 50.119110107421875
fear: 49.09196472167969
fear: 42.6827392578125
sad: 56.33653259277344
fear: 54.56220626831055
angry: 36.11471176147461
neutral: 34.90117645263672
neutral: 39.790531158447266
neutral: 64.98615264892578
fear: 48.965965270996094
neutral: 48.83827590942383
sad: 63.69065475463867
angry: 42.61025619506836
happy: 90.00719451904297
happy: 78.08668518066406
neutral: 70.34907531738281
neutral: 69.3625717163086
sad: 97.88693237304688
sad: 98.90992736816406
sad: 95.38108825683594
sad: 96.30126953125
sad: 90.19758605957031
sad: 89.47068786621094
sad: 98.50419616699219
happy: 49.93028259277344
happy: 44.03948974609375
neutral: 42.41579055786133
happy: 83.27857971191406
happy: 94.95394897460938
happy: 74.8219985961914
happy: 62.015533447265625
happy: 98.51110076904297
happy: 69.86788177490234
neutral: 47.269935607910156
sad: 83.2105712890625
fear: 89.41719055175781
angry: 84.99029541015625
neutral: 71.34414672851562
neutral: 51.53030014038086
sad: 47.53349304199219
fear: 60.865013122558594
fear: 44.94660568237305
fear: 78.79122161865234
fear: 89.05590057373047
fear: 88.53752899169922
sad: 63.525611877441406
sad: 55.86088180541992
fear: 67.22708129882812
neutral: 83.6064224243164
neutral: 70.26637268066406
neutral: 74.76748657226562
neutral: 80.76233673095703
neutral: 43.507022857666016
sad: 80.03600311279297
sad: 86.56050872802734
sad: 85.39453125
sad: 81.73711395263672
sad: 84.13986206054688
sad: 49.60594177246094
sad: 33.91534423828125
fear: 49.58036422729492
neutral: 77.31385040283203
neutral: 54.279579162597656
neutral: 67.62398529052734
neutral: 69.52460479736328
fear: 68.38542938232422
neutral: 76.89429473876953
neutral: 58.8206787109375
neutral: 53.065216064453125
neutral: 56.45722198486328
fear: 51.33441925048828
neutral: 57.19691467285156
neutral: 55.98202896118164
happy: 95.49742889404297
happy: 99.91688537597656
happy: 99.90000915527344
happy: 99.81363677978516
happy: 99.9716796875
sad: 47.44455337524414
sad: 65.13523864746094
sad: 40.94355773925781
sad: 56.4301872253418
fear: 61.26851272583008
fear: 46.3820686340332
neutral: 67.05729675292969
neutral: 75.03839874267578
fear: 43.694881439208984
neutral: 71.31580352783203
fear: 54.84123611450195
neutral: 51.22942352294922
fear: 93.71592712402344
fear: 57.93620681762695
fear: 82.8744888305664
sad: 66.3973617553711
fear: 51.86191177368164
fear: 62.25395202636719
angry: 49.743953704833984
fear: 84.72633361816406
sad: 83.83771514892578
fear: 70.2441177368164
neutral: 96.48606872558594
sad: 67.24562072753906
neutral: 50.73986053466797
fear: 49.182586669921875
disgust: 99.73101043701172
fear: 73.86371612548828
sad: 51.99789810180664
fear: 90.07469177246094
fear: 87.31517028808594
neutral: 99.63748168945312
sad: 78.79488372802734
neutral: 44.276729583740234
neutral: 80.67721557617188
neutral: 55.406646728515625
neutral: 42.41969299316406
neutral: 83.0260009765625
neutral: 80.74282836914062
sad: 35.20573425292969
neutral: 73.34754180908203
neutral: 53.14583206176758
neutral: 41.15032196044922
neutral: 66.52542114257812
neutral: 68.68724060058594
neutral: 63.57947540283203
neutral: 77.6701889038086
neutral: 82.80414581298828
neutral: 86.25373077392578
neutral: 56.450809478759766
happy: 99.99699401855469
neutral: 47.490848541259766
neutral: 52.04359817504883
neutral: 73.92594146728516
neutral: 52.712379455566406
neutral: 77.70335388183594
neutral: 98.6644515991211
neutral: 77.76519775390625
neutral: 91.7063980102539
surprise: 43.48222351074219
happy: 96.10020446777344
neutral: 90.22966766357422
neutral: 94.22635650634766
neutral: 75.57843017578125
neutral: 78.91229248046875
neutral: 93.7378921508789
neutral: 90.54877471923828
neutral: 67.6611328125
neutral: 94.828125
neutral: 62.32563400268555
fear: 51.725154876708984
neutral: 51.00882339477539
neutral: 40.03456497192383
neutral: 54.546146392822266
neutral: 56.807125091552734
neutral: 57.7716064453125
sad: 69.00881958007812
neutral: 73.087646484375
neutral: 88.00212860107422
fear: 50.770484924316406
sad: 60.10657501220703
sad: 87.33881378173828
sad: 89.14813232421875
sad: 77.17994689941406
sad: 81.8675765991211
sad: 84.01221466064453
sad: 87.82572937011719
sad: 83.8860092163086
neutral: 89.4841079711914
sad: 53.518192291259766
fear: 99.38893127441406
neutral: 86.85733032226562
happy: 57.80186080932617
happy: 72.94246673583984
fear: 60.24836730957031
fear: 65.59835052490234
neutral: 99.99727630615234
neutral: 99.9916000366211
neutral: 99.95824432373047
neutral: 99.99273681640625
neutral: 99.99665832519531
neutral: 99.98807525634766
neutral: 99.9880599975586
neutral: 99.99165344238281
neutral: 85.28083801269531
neutral: 98.44985961914062
neutral: 61.68138885498047
neutral: 66.79643249511719
neutral: 57.97941970825195
sad: 51.56264877319336
neutral: 99.99359893798828
sad: 50.15016174316406
fear: 60.48175048828125
neutral: 99.99403381347656
fear: 77.83304595947266
44
neutral: 98.61418914794922
neutral: 97.24799346923828
neutral: 84.59899139404297
neutral: 89.19831848144531
neutral: 88.0516586303711
neutral: 62.78287124633789
neutral: 78.46793365478516
sad: 56.897525787353516
happy: 96.26399230957031
happy: 84.45659637451172
neutral: 63.44541931152344
neutral: 72.45475006103516
neutral: 57.53614807128906
neutral: 95.18421936035156
neutral: 70.22016143798828
fear: 45.55948257446289
neutral: 94.9228744506836
neutral: 84.57120513916016
happy: 57.3349494934082
neutral: 54.998958587646484
neutral: 64.21843719482422
neutral: 84.24437713623047
neutral: 95.06441497802734
neutral: 79.04468536376953
neutral: 94.68694305419922
neutral: 95.760986328125
fear: 45.928585052490234
neutral: 90.98649597167969
neutral: 42.143829345703125
fear: 83.79475402832031
neutral: 96.03913879394531
neutral: 92.3869857788086
neutral: 95.77896881103516
neutral: 79.91166687011719
angry: 42.30474853515625
neutral: 57.343990325927734
sad: 69.86898040771484
sad: 87.26575469970703
fear: 37.07835388183594
neutral: 45.15530014038086
neutral: 62.06753158569336
neutral: 67.19312286376953
neutral: 38.74007034301758
angry: 55.392860412597656
fear: 61.464481353759766
sad: 70.75535583496094
fear: 68.2165298461914
neutral: 99.64639282226562
sad: 35.40546798706055
sad: 43.72716522216797
fear: 90.12068176269531
fear: 56.43219757080078
angry: 82.9990234375
sad: 41.27682113647461
fear: 57.25137710571289
angry: 39.51932144165039
angry: 35.19245529174805
neutral: 51.122772216796875
sad: 91.0882797241211
sad: 54.157344818115234
sad: 73.1182861328125
fear: 83.0975341796875
fear: 70.34352111816406
neutral: 72.00225067138672
neutral: 99.99934387207031
neutral: 84.7464370727539
fear: 61.64716339111328
neutral: 99.99824523925781
neutral: 99.99894714355469
neutral: 99.99906158447266
neutral: 99.9980239868164
neutral: 99.99799346923828
happy: 55.379634857177734
neutral: 99.99771881103516
sad: 95.59040832519531
happy: 46.4705810546875
sad: 60.54640197753906
sad: 75.40524291992188
neutral: 55.19912338256836
fear: 75.11237335205078
fear: 61.4222412109375
neutral: 58.11460494995117
sad: 89.1576156616211
sad: 99.28077697753906
sad: 83.3880844116211
neutral: 96.4323501586914
fear: 86.88211822509766
fear: 96.23493194580078
fear: 92.7673568725586
neutral: 99.86914825439453
neutral: 99.86348724365234
fear: 85.45560455322266
fear: 85.42324829101562
fear: 63.924644470214844
neutral: 99.98726654052734
fear: 54.529075622558594
neutral: 99.97753143310547
neutral: 99.96806335449219
neutral: 99.89002990722656
neutral: 99.98606872558594
neutral: 71.85828399658203
neutral: 89.03379821777344
neutral: 59.78782653808594
sad: 47.37693786621094
neutral: 99.9967041015625
fear: 52.55590057373047
neutral: 85.9806900024414
fear: 52.28558349609375
sad: 63.08845901489258
neutral: 98.13642883300781
neutral: 97.90800476074219
neutral: 99.37655639648438
neutral: 99.69137573242188
neutral: 99.15009307861328
neutral: 98.3718032836914
neutral: 97.36067199707031
neutral: 95.65205383300781
neutral: 93.47222137451172
neutral: 98.27764892578125
neutral: 97.82926177978516
neutral: 97.85931396484375
neutral: 98.79795837402344
neutral: 98.64630126953125
neutral: 98.42329406738281
neutral: 98.42556762695312
neutral: 98.72944641113281
neutral: 59.06451416015625
neutral: 80.8581314086914
neutral: 69.17510223388672
neutral: 81.10749053955078
neutral: 71.58248901367188
neutral: 49.39594650268555
fear: 64.74667358398438
neutral: 55.831485748291016
fear: 66.55691528320312
happy: 53.82138442993164
fear: 67.86621856689453
neutral: 70.18160247802734
sad: 65.13995361328125
sad: 52.209739685058594
neutral: 57.05472946166992
neutral: 99.9835433959961
neutral: 95.91793823242188
fear: 47.492042541503906
neutral: 93.37027740478516
neutral: 48.4504508972168
fear: 83.94425201416016
neutral: 80.36042785644531
fear: 76.82168579101562
sad: 57.386566162109375
fear: 45.00849151611328
sad: 60.07074737548828
fear: 80.54686737060547
sad: 63.18939208984375
sad: 87.66435241699219
neutral: 37.35997772216797
neutral: 65.41434478759766
sad: 30.849994659423828
angry: 47.23631286621094
neutral: 36.63499450683594
sad: 65.1244888305664
sad: 41.77153015136719
sad: 41.94151306152344
fear: 55.939029693603516
fear: 63.39605712890625
fear: 36.075462341308594
sad: 35.24189758300781
sad: 61.62925720214844
sad: 82.24653625488281
sad: 47.60606002807617
sad: 55.99481201171875
fear: 66.32735443115234
fear: 50.33560562133789
sad: 62.75407028198242
fear: 43.77122497558594
neutral: 59.29299545288086
sad: 82.72956085205078
sad: 52.37225341796875
fear: 59.73977279663086
sad: 44.56673812866211
sad: 67.67862701416016
sad: 36.136512756347656
sad: 41.41860580444336
fear: 37.50998306274414
fear: 53.4785041809082
sad: 74.60655975341797
sad: 58.84941101074219
sad: 99.937255859375
neutral: 74.9970703125
sad: 54.734683990478516
sad: 50.688053131103516
neutral: 42.634525299072266
fear: 35.57539749145508
sad: 70.46998596191406
fear: 41.72246551513672
happy: 64.0680160522461
sad: 71.9243392944336
sad: 55.81034469604492
sad: 85.7143783569336
neutral: 74.37777709960938
neutral: 92.32418823242188
neutral: 83.0453872680664
neutral: 80.27999114990234
neutral: 90.61740112304688
neutral: 85.8617935180664
neutral: 78.01433563232422
neutral: 89.73405456542969
neutral: 53.798851013183594
neutral: 69.83737182617188
neutral: 70.56800079345703
neutral: 55.56545639038086
fear: 43.89557647705078
neutral: 61.60400390625
neutral: 92.19580841064453
neutral: 55.77116012573242
neutral: 57.59916305541992
neutral: 55.550743103027344
neutral: 63.48126983642578
neutral: 46.282737731933594
neutral: 84.99795532226562
fear: 71.37296295166016
neutral: 99.99923706054688
fear: 36.50575637817383
sad: 99.61349487304688
neutral: 72.667236328125
sad: 80.54098510742188
sad: 90.33245086669922
angry: 77.51464080810547
sad: 56.32917785644531
sad: 68.576904296875
sad: 54.41299057006836
sad: 70.02983856201172
sad: 72.70751190185547
sad: 82.62287139892578
sad: 58.44031524658203
sad: 86.76074981689453
sad: 79.6852035522461
sad: 61.85816955566406
sad: 60.48081970214844
sad: 87.70881652832031
sad: 82.92521667480469
sad: 87.96682739257812
fear: 58.32975387573242
fear: 71.92111206054688
neutral: 99.9001235961914
neutral: 99.69503021240234
neutral: 99.56826782226562
sad: 99.60955047607422
sad: 93.46339416503906
sad: 93.49264526367188
sad: 94.8631820678711
sad: 46.13483428955078
sad: 89.40621185302734
sad: 52.090049743652344
sad: 96.4368667602539
sad: 90.19251251220703
sad: 97.23560333251953
fear: 93.04528045654297
sad: 54.390281677246094
neutral: 39.59435272216797
neutral: 60.559410095214844
fear: 82.53773498535156
sad: 54.32985305786133
fear: 85.54032897949219
fear: 93.45491027832031
sad: 67.52903747558594
angry: 40.1917839050293
sad: 68.22891998291016
angry: 46.05491256713867
angry: 41.51295471191406
neutral: 46.55929183959961
angry: 39.88732147216797
angry: 45.40200424194336
angry: 45.45473098754883
angry: 53.60550308227539
sad: 52.506256103515625
sad: 79.27701568603516
sad: 46.77276611328125
neutral: 86.33775329589844
fear: 78.8671875
sad: 90.34578704833984
sad: 67.109130859375
fear: 80.08076477050781
fear: 72.37857055664062
fear: 56.28432083129883
fear: 58.125160217285156
fear: 75.68221282958984
sad: 98.04633331298828
fear: 48.743263244628906
fear: 84.37023162841797
sad: 89.31482696533203
fear: 68.72277069091797
sad: 50.395870208740234
sad: 55.61159133911133
fear: 65.3384780883789
sad: 60.86310958862305
fear: 64.20109558105469
sad: 68.55304718017578
sad: 51.457984924316406
angry: 49.63713073730469
sad: 75.61888122558594
sad: 76.36650085449219
angry: 41.7808723449707
sad: 76.54061126708984
sad: 78.37400817871094
sad: 80.58720397949219
sad: 72.72688293457031
sad: 56.06045150756836
sad: 95.2552261352539
sad: 74.00511932373047
sad: 83.4056167602539
sad: 78.45476531982422
sad: 69.29161834716797
sad: 74.42031860351562
sad: 76.25807189941406
neutral: 92.96508026123047
sad: 61.367183685302734
neutral: 99.99287414550781
sad: 65.8384017944336
sad: 84.17703247070312
neutral: 96.11054992675781
neutral: 99.58928680419922
neutral: 99.47679901123047
sad: 80.74757385253906
neutral: 99.99738311767578
sad: 79.64628601074219
sad: 47.77417755126953
neutral: 81.40910339355469
fear: 70.96745300292969
fear: 45.09528732299805
neutral: 58.458614349365234
sad: 47.46430969238281
neutral: 75.51962280273438
sad: 77.34319305419922
sad: 63.52925491333008
neutral: 40.35364532470703
neutral: 99.99922180175781
neutral: 99.99951934814453
neutral: 55.33144760131836
sad: 62.01149368286133
sad: 62.32789611816406
neutral: 73.54286193847656
neutral: 90.7164306640625
neutral: 79.7476806640625
neutral: 96.98641967773438
sad: 73.08523559570312
neutral: 87.60830688476562
sad: 93.08345794677734
sad: 98.56932067871094
fear: 45.63835525512695
sad: 98.7974853515625
sad: 60.3400764465332
sad: 63.4544677734375
angry: 43.424102783203125
neutral: 89.51942443847656
fear: 86.32947540283203
neutral: 99.5347900390625
sad: 57.69881820678711
sad: 72.0533218383789
neutral: 95.18284606933594
neutral: 74.5237808227539
neutral: 95.71745300292969
sad: 86.78763580322266
sad: 87.63556671142578
sad: 88.83319854736328
sad: 86.6303482055664
sad: 86.64236450195312
sad: 95.320068359375
happy: 90.37701416015625
sad: 76.2131576538086
fear: 97.0694580078125
sad: 70.17862701416016
fear: 97.64419555664062
neutral: 75.25336456298828
neutral: 83.32559967041016
neutral: 84.91724395751953
neutral: 86.43453979492188
sad: 53.881229400634766
fear: 86.77397918701172
fear: 95.59535217285156
fear: 94.3726577758789
fear: 93.3300552368164
fear: 95.4640884399414
neutral: 47.72690200805664
neutral: 96.3504867553711
neutral: 97.36546325683594
neutral: 90.77177429199219
sad: 62.105255126953125
sad: 88.83357238769531
sad: 90.47576141357422
sad: 99.9366455078125
fear: 87.92913055419922
sad: 99.82696533203125
sad: 98.27800750732422
neutral: 49.28681945800781
sad: 89.3965835571289
sad: 89.05146026611328
sad: 76.04635620117188
neutral: 56.36398696899414
neutral: 50.24706268310547
neutral: 65.33631134033203
sad: 99.59761810302734
neutral: 58.51570129394531
fear: 88.38392639160156
fear: 60.77233123779297
neutral: 87.5764389038086
neutral: 96.69354248046875
sad: 79.63484191894531
sad: 68.22949981689453
sad: 91.3115234375
sad: 77.28343963623047
neutral: 99.76741790771484
neutral: 99.95104217529297
neutral: 99.95613098144531
neutral: 99.69585418701172
neutral: 99.91504669189453
fear: 68.1736068725586
neutral: 99.99473571777344
fear: 62.84851837158203
fear: 90.03125
neutral: 34.952457427978516
sad: 50.46507263183594
sad: 86.15303039550781
sad: 89.23609924316406
sad: 86.39766693115234
sad: 94.37930297851562
sad: 48.37143325805664
fear: 92.61554718017578
fear: 86.17210388183594
neutral: 61.03126907348633
neutral: 99.76791381835938
neutral: 98.91956329345703
sad: 96.7936019897461
neutral: 45.79302215576172
happy: 44.745323181152344
happy: 37.73191452026367
neutral: 60.196834564208984
fear: 39.37931823730469
neutral: 62.754798889160156
happy: 99.95367431640625
happy: 99.90603637695312
sad: 94.55154418945312
sad: 84.80276489257812
sad: 72.87638854980469
fear: 79.3310775756836
sad: 43.74708938598633
sad: 65.92607116699219
fear: 42.646873474121094
fear: 49.489925384521484
neutral: 48.228084564208984
sad: 80.61103820800781
fear: 99.95879364013672
fear: 99.54584503173828
sad: 69.7213363647461
neutral: 49.57657241821289
fear: 95.64049530029297
fear: 69.44113159179688
happy: 99.43538665771484
happy: 99.13541412353516
happy: 38.499610900878906
happy: 48.56430435180664
fear: 84.38925170898438
happy: 65.9352035522461
fear: 89.25875091552734
neutral: 74.3022232055664
happy: 99.43464660644531
happy: 99.85214233398438
happy: 79.25029754638672
happy: 99.75225067138672
neutral: 99.841064453125
happy: 97.60186767578125
happy: 96.81596374511719
fear: 66.11773681640625
fear: 95.4821548461914
neutral: 66.08380126953125
neutral: 50.757713317871094
sad: 55.53364944458008
happy: 56.06438064575195
fear: 95.29667663574219
fear: 92.5789794921875
sad: 74.41844940185547
fear: 47.29661178588867
happy: 33.96717071533203
fear: 80.46990203857422
neutral: 80.56103515625
fear: 89.43203735351562
fear: 82.87556457519531
happy: 91.27027130126953
fear: 51.03040313720703
fear: 74.21627807617188
neutral: 73.24050903320312
fear: 61.784385681152344
neutral: 51.88384246826172
angry: 41.821022033691406
fear: 90.3933334350586
neutral: 52.56404113769531
fear: 44.52818298339844
neutral: 60.1397590637207
fear: 47.83237838745117
neutral: 79.1768798828125
neutral: 43.60018539428711
fear: 64.30303192138672
fear: 38.56252670288086
fear: 71.11335754394531
happy: 88.39775848388672
happy: 56.35858917236328
happy: 95.85932922363281
happy: 67.13410949707031
neutral: 80.03041076660156
neutral: 75.25497436523438
neutral: 94.00023651123047
neutral: 94.22599792480469
happy: 99.49462127685547
neutral: 47.201026916503906
neutral: 75.88578796386719
neutral: 94.85411071777344
neutral: 73.11070251464844
neutral: 98.01783752441406
neutral: 97.63418579101562
neutral: 97.6552505493164
neutral: 81.56778717041016
neutral: 83.24633026123047
fear: 40.75164794921875
neutral: 55.542762756347656
fear: 35.75830841064453
sad: 43.789005279541016
sad: 37.65531539916992
sad: 42.069862365722656
fear: 36.48402786254883
fear: 38.84147644042969
sad: 42.728599548339844
sad: 32.236812591552734
sad: 36.28314971923828
sad: 42.22249984741211
sad: 40.73383331298828
neutral: 48.23105239868164
sad: 36.2076416015625
neutral: 42.6607551574707
happy: 98.82755279541016
happy: 99.6572036743164
happy: 99.80976867675781
happy: 99.82044982910156
fear: 85.2395248413086
sad: 61.31389617919922
fear: 68.50691223144531
sad: 47.34059143066406
fear: 93.19426727294922
surprise: 50.20263671875
surprise: 89.97970581054688
fear: 68.12613677978516
fear: 58.936458587646484
neutral: 53.9617805480957
sad: 34.963993072509766
sad: 61.821651458740234
angry: 81.55335998535156
angry: 81.55335998535156
angry: 81.55335998535156
angry: 81.55335998535156
angry: 81.55335998535156
angry: 81.55335998535156
angry: 81.55335998535156
sad: 52.7122802734375
angry: 50.49452209472656
sad: 57.65238952636719
sad: 80.9486083984375
angry: 58.71014404296875
sad: 56.42694854736328
neutral: 99.9801025390625
fear: 64.9636001586914
neutral: 63.71237564086914
neutral: 81.38075256347656
neutral: 76.74950408935547
fear: 50.78618240356445
neutral: 82.42469787597656
neutral: 76.02543640136719
neutral: 72.89697265625
neutral: 46.404178619384766
neutral: 76.72722625732422
neutral: 78.800537109375
neutral: 67.61923217773438
neutral: 76.78443145751953
neutral: 73.49956512451172
neutral: 76.7830810546875
neutral: 67.22816467285156
neutral: 52.880550384521484
neutral: 56.614402770996094
neutral: 79.63909149169922
neutral: 71.73985290527344
neutral: 75.4626235961914
neutral: 65.85940551757812
neutral: 67.62187194824219
neutral: 49.720619201660156
fear: 53.30660629272461
fear: 79.68238067626953
neutral: 47.68703079223633
neutral: 39.91355514526367
neutral: 64.85443115234375
neutral: 57.62836837768555
neutral: 63.23688507080078
sad: 66.10847473144531
sad: 82.10054016113281
sad: 99.5993423461914
happy: 96.03379821777344
happy: 96.86267852783203
fear: 65.543212890625
sad: 87.7889404296875
sad: 73.94078063964844
fear: 65.49278259277344
sad: 86.8675537109375
sad: 45.812744140625
neutral: 77.86235809326172
sad: 76.95706939697266
sad: 83.49126434326172
sad: 76.21173095703125
sad: 73.6842269897461
sad: 79.55084991455078
happy: 99.88262939453125
sad: 67.57015228271484
sad: 98.69548034667969
happy: 88.5301742553711
neutral: 37.903560638427734
fear: 46.0250244140625
neutral: 36.242095947265625
neutral: 43.95760726928711
neutral: 45.341793060302734
neutral: 47.141258239746094
neutral: 75.12174224853516
neutral: 67.52849578857422
happy: 99.53612518310547
angry: 45.25421142578125
fear: 44.231407165527344
fear: 64.4197006225586
sad: 35.42351531982422
neutral: 89.43018341064453
